Archive member included to satisfy reference by file (symbol)

D:/ST/STM32CubeIDE_1.17.0/STM32CubeIDE/plugins/com.st.stm32cube.ide.mcu.externaltools.gnu-tools-for-stm32.12.3.rel1.win32_1.1.0.202410251130/tools/bin/../lib/gcc/arm-none-eabi/12.3.1/../../../../arm-none-eabi/lib/thumb/v7-m/nofp\libc_nano.a(libc_a-atof.o)
                              ./Core/Src/GPS.o (atof)
D:/ST/STM32CubeIDE_1.17.0/STM32CubeIDE/plugins/com.st.stm32cube.ide.mcu.externaltools.gnu-tools-for-stm32.12.3.rel1.win32_1.1.0.202410251130/tools/bin/../lib/gcc/arm-none-eabi/12.3.1/../../../../arm-none-eabi/lib/thumb/v7-m/nofp\libc_nano.a(libc_a-atoi.o)
                              ./Core/Src/GPS.o (atoi)
D:/ST/STM32CubeIDE_1.17.0/STM32CubeIDE/plugins/com.st.stm32cube.ide.mcu.externaltools.gnu-tools-for-stm32.12.3.rel1.win32_1.1.0.202410251130/tools/bin/../lib/gcc/arm-none-eabi/12.3.1/../../../../arm-none-eabi/lib/thumb/v7-m/nofp\libc_nano.a(libc_a-exit.o)
                              D:/ST/STM32CubeIDE_1.17.0/STM32CubeIDE/plugins/com.st.stm32cube.ide.mcu.externaltools.gnu-tools-for-stm32.12.3.rel1.win32_1.1.0.202410251130/tools/bin/../lib/gcc/arm-none-eabi/12.3.1/../../../../arm-none-eabi/lib/thumb/v7-m/nofp/crt0.o (exit)
D:/ST/STM32CubeIDE_1.17.0/STM32CubeIDE/plugins/com.st.stm32cube.ide.mcu.externaltools.gnu-tools-for-stm32.12.3.rel1.win32_1.1.0.202410251130/tools/bin/../lib/gcc/arm-none-eabi/12.3.1/../../../../arm-none-eabi/lib/thumb/v7-m/nofp\libc_nano.a(libc_a-malloc.o)
                              ./Core/Src/HMI.o (malloc)
D:/ST/STM32CubeIDE_1.17.0/STM32CubeIDE/plugins/com.st.stm32cube.ide.mcu.externaltools.gnu-tools-for-stm32.12.3.rel1.win32_1.1.0.202410251130/tools/bin/../lib/gcc/arm-none-eabi/12.3.1/../../../../arm-none-eabi/lib/thumb/v7-m/nofp\libc_nano.a(libc_a-mallocr.o)
                              D:/ST/STM32CubeIDE_1.17.0/STM32CubeIDE/plugins/com.st.stm32cube.ide.mcu.externaltools.gnu-tools-for-stm32.12.3.rel1.win32_1.1.0.202410251130/tools/bin/../lib/gcc/arm-none-eabi/12.3.1/../../../../arm-none-eabi/lib/thumb/v7-m/nofp\libc_nano.a(libc_a-malloc.o) (_malloc_r)
D:/ST/STM32CubeIDE_1.17.0/STM32CubeIDE/plugins/com.st.stm32cube.ide.mcu.externaltools.gnu-tools-for-stm32.12.3.rel1.win32_1.1.0.202410251130/tools/bin/../lib/gcc/arm-none-eabi/12.3.1/../../../../arm-none-eabi/lib/thumb/v7-m/nofp\libc_nano.a(libc_a-mlock.o)
                              D:/ST/STM32CubeIDE_1.17.0/STM32CubeIDE/plugins/com.st.stm32cube.ide.mcu.externaltools.gnu-tools-for-stm32.12.3.rel1.win32_1.1.0.202410251130/tools/bin/../lib/gcc/arm-none-eabi/12.3.1/../../../../arm-none-eabi/lib/thumb/v7-m/nofp\libc_nano.a(libc_a-mallocr.o) (__malloc_lock)
D:/ST/STM32CubeIDE_1.17.0/STM32CubeIDE/plugins/com.st.stm32cube.ide.mcu.externaltools.gnu-tools-for-stm32.12.3.rel1.win32_1.1.0.202410251130/tools/bin/../lib/gcc/arm-none-eabi/12.3.1/../../../../arm-none-eabi/lib/thumb/v7-m/nofp\libc_nano.a(libc_a-strtod.o)
                              D:/ST/STM32CubeIDE_1.17.0/STM32CubeIDE/plugins/com.st.stm32cube.ide.mcu.externaltools.gnu-tools-for-stm32.12.3.rel1.win32_1.1.0.202410251130/tools/bin/../lib/gcc/arm-none-eabi/12.3.1/../../../../arm-none-eabi/lib/thumb/v7-m/nofp\libc_nano.a(libc_a-atof.o) (strtod)
D:/ST/STM32CubeIDE_1.17.0/STM32CubeIDE/plugins/com.st.stm32cube.ide.mcu.externaltools.gnu-tools-for-stm32.12.3.rel1.win32_1.1.0.202410251130/tools/bin/../lib/gcc/arm-none-eabi/12.3.1/../../../../arm-none-eabi/lib/thumb/v7-m/nofp\libc_nano.a(libc_a-strtol.o)
                              D:/ST/STM32CubeIDE_1.17.0/STM32CubeIDE/plugins/com.st.stm32cube.ide.mcu.externaltools.gnu-tools-for-stm32.12.3.rel1.win32_1.1.0.202410251130/tools/bin/../lib/gcc/arm-none-eabi/12.3.1/../../../../arm-none-eabi/lib/thumb/v7-m/nofp\libc_nano.a(libc_a-atoi.o) (_strtol_r)
D:/ST/STM32CubeIDE_1.17.0/STM32CubeIDE/plugins/com.st.stm32cube.ide.mcu.externaltools.gnu-tools-for-stm32.12.3.rel1.win32_1.1.0.202410251130/tools/bin/../lib/gcc/arm-none-eabi/12.3.1/../../../../arm-none-eabi/lib/thumb/v7-m/nofp\libc_nano.a(libc_a-ctype_.o)
                              D:/ST/STM32CubeIDE_1.17.0/STM32CubeIDE/plugins/com.st.stm32cube.ide.mcu.externaltools.gnu-tools-for-stm32.12.3.rel1.win32_1.1.0.202410251130/tools/bin/../lib/gcc/arm-none-eabi/12.3.1/../../../../arm-none-eabi/lib/thumb/v7-m/nofp\libc_nano.a(libc_a-strtol.o) (_ctype_)
D:/ST/STM32CubeIDE_1.17.0/STM32CubeIDE/plugins/com.st.stm32cube.ide.mcu.externaltools.gnu-tools-for-stm32.12.3.rel1.win32_1.1.0.202410251130/tools/bin/../lib/gcc/arm-none-eabi/12.3.1/../../../../arm-none-eabi/lib/thumb/v7-m/nofp\libc_nano.a(libc_a-nano-vfprintf_float.o)
                              (_printf_float)
D:/ST/STM32CubeIDE_1.17.0/STM32CubeIDE/plugins/com.st.stm32cube.ide.mcu.externaltools.gnu-tools-for-stm32.12.3.rel1.win32_1.1.0.202410251130/tools/bin/../lib/gcc/arm-none-eabi/12.3.1/../../../../arm-none-eabi/lib/thumb/v7-m/nofp\libc_nano.a(libc_a-nano-vfprintf_i.o)
[...]
Memory Configuration

Name             Origin             Length             Attributes
RAM              0x20000000         0x00005000         xrw
FLASH            0x08000000         0x00010000         xr
*default*        0x00000000         0xffffffff

Linker script and memory map

LOAD D:/ST/STM32CubeIDE_1.17.0/STM32CubeIDE/plugins/com.st.stm32cube.ide.mcu.externaltools.gnu-tools-for-stm32.12.3.rel1.win32_1.1.0.202410251130/tools/bin/../lib/gcc/arm-none-eabi/12.3.1/thumb/v7-m/nofp/crti.o
LOAD D:/ST/STM32CubeIDE_1.17.0/STM32CubeIDE/plugins/com.st.stm32cube.ide.mcu.externaltools.gnu-tools-for-stm32.12.3.rel1.win32_1.1.0.202410251130/tools/bin/../lib/gcc/arm-none-eabi/12.3.1/thumb/v7-m/nofp/crtbegin.o
LOAD D:/ST/STM32CubeIDE_1.17.0/STM32CubeIDE/plugins/com.st.stm32cube.ide.mcu.externaltools.gnu-tools-for-stm32.12.3.rel1.win32_1.1.0.202410251130/tools/bin/../lib/gcc/arm-none-eabi/12.3.1/../../../../arm-none-eabi/lib/thumb/v7-m/nofp/crt0.o
LOAD ./Core/Src/AD24C02.o
LOAD ./Core/Src/GPS.o
LOAD ./Core/Src/HMI.o
LOAD ./Core/Src/SD_APP.o
LOAD ./Core/Src/SPI_SD.o
LOAD ./Core/Src/adc.o
LOAD ./Core/Src/battery_show.o
LOAD ./Core/Src/buzzer.o
LOAD ./Core/Src/diskio.o
LOAD ./Core/Src/dma.o
LOAD ./Core/Src/dosage.o
LOAD ./Core/Src/ff.o
LOAD ./Core/Src/ffsystem.o
LOAD ./Core/Src/ffunicode.o
LOAD ./Core/Src/gas_press_clc.o
LOAD ./Core/Src/gpio.o
LOAD ./Core/Src/i2c_soft.o
LOAD ./Core/Src/key.o
LOAD ./Core/Src/main.o
LOAD ./Core/Src/motor.o
LOAD ./Core/Src/spi.o
LOAD ./Core/Src/stm32f1xx_hal_msp.o
LOAD ./Core/Src/stm32f1xx_it.o
LOAD ./Core/Src/syscalls.o
LOAD ./Core/Src/sysmem.o
LOAD ./Core/Src/system_stm32f1xx.o
LOAD ./Core/Src/tim.o
LOAD ./Core/Src/usart.o
LOAD ./Core/Startup/startup_stm32f103c8tx.o
LOAD ./Drivers/STM32F1xx_HAL_Driver/Src/stm32f1xx_hal.o
LOAD ./Drivers/STM32F1xx_HAL_Driver/Src/stm32f1xx_hal_adc.o
LOAD ./Drivers/STM32F1xx_HAL_Driver/Src/stm32f1xx_hal_adc_ex.o
LOAD ./Drivers/STM32F1xx_HAL_Driver/Src/stm32f1xx_hal_cortex.o
LOAD ./Drivers/STM32F1xx_HAL_Driver/Src/stm32f1xx_hal_dma.o
LOAD ./Drivers/STM32F1xx_HAL_Driver/Src/stm32f1xx_hal_exti.o
LOAD ./Drivers/STM32F1xx_HAL_Driver/Src/stm32f1xx_hal_flash.o
LOAD ./Drivers/STM32F1xx_HAL_Driver/Src/stm32f1xx_hal_flash_ex.o
LOAD ./Drivers/STM32F1xx_HAL_Driver/Src/stm32f1xx_hal_gpio.o
LOAD ./Drivers/STM32F1xx_HAL_Driver/Src/stm32f1xx_hal_gpio_ex.o
LOAD ./Drivers/STM32F1xx_HAL_Driver/Src/stm32f1xx_hal_pwr.o
LOAD ./Drivers/STM32F1xx_HAL_Driver/Src/stm32f1xx_hal_rcc.o
LOAD ./Drivers/STM32F1xx_HAL_Driver/Src/stm32f1xx_hal_rcc_ex.o
LOAD ./Drivers/STM32F1xx_HAL_Driver/Src/stm32f1xx_hal_spi.o
LOAD ./Drivers/STM32F1xx_HAL_Driver/Src/stm32f1xx_hal_tim.o
LOAD ./Drivers/STM32F1xx_HAL_Driver/Src/stm32f1xx_hal_tim_ex.o
LOAD ./Drivers/STM32F1xx_HAL_Driver/Src/stm32f1xx_hal_uart.o
START GROUP
LOAD D:/ST/STM32CubeIDE_1.17.0/STM32CubeIDE/plugins/com.st.stm32cube.ide.mcu.externaltools.gnu-tools-for-stm32.12.3.rel1.win32_1.1.0.202410251130/tools/bin/../lib/gcc/arm-none-eabi/12.3.1/../../../../arm-none-eabi/lib/thumb/v7-m/nofp\libc_nano.a
LOAD D:/ST/STM32CubeIDE_1.17.0/STM32CubeIDE/plugins/com.st.stm32cube.ide.mcu.externaltools.gnu-tools-for-stm32.12.3.rel1.win32_1.1.0.202410251130/tools/bin/../lib/gcc/arm-none-eabi/12.3.1/../../../../arm-none-eabi/lib/thumb/v7-m/nofp\libm.a
END GROUP
START GROUP
LOAD D:/ST/STM32CubeIDE_1.17.0/STM32CubeIDE/plugins/com.st.stm32cube.ide.mcu.externaltools.gnu-tools-for-stm32.12.3.rel1.win32_1.1.0.202410251130/tools/bin/../lib/gcc/arm-none-eabi/12.3.1/thumb/v7-m/nofp\libgcc.a
LOAD D:/ST/STM32CubeIDE_1.17.0/STM32CubeIDE/plugins/com.st.stm32cube.ide.mcu.externaltools.gnu-tools-for-stm32.12.3.rel1.win32_1.1.0.202410251130/tools/bin/../lib/gcc/arm-none-eabi/12.3.1/../../../../arm-none-eabi/lib/thumb/v7-m/nofp\libc_nano.a
END GROUP
START GROUP
LOAD D:/ST/STM32CubeIDE_1.17.0/STM32CubeIDE/plugins/com.st.stm32cube.ide.mcu.externaltools.gnu-tools-for-stm32.12.3.rel1.win32_1.1.0.202410251130/tools/bin/../lib/gcc/arm-none-eabi/12.3.1/thumb/v7-m/nofp\libgcc.a
LOAD D:/ST/STM32CubeIDE_1.17.0/STM32CubeIDE/plugins/com.st.stm32cube.ide.mcu.externaltools.gnu-tools-for-stm32.12.3.rel1.win32_1.1.0.202410251130/tools/bin/../lib/gcc/arm-none-eabi/12.3.1/../../../../arm-none-eabi/lib/thumb/v7-m/nofp\libc_nano.a
LOAD D:/ST/STM32CubeIDE_1.17.0/STM32CubeIDE/plugins/com.st.stm32cube.ide.mcu.externaltools.gnu-tools-for-stm32.12.3.rel1.win32_1.1.0.202410251130/tools/bin/../lib/gcc/arm-none-eabi/12.3.1/../../../../arm-none-eabi/lib/thumb/v7-m/nofp\libnosys.a
END GROUP
START GROUP
LOAD D:/ST/STM32CubeIDE_1.17.0/STM32CubeIDE/plugins/com.st.stm32cube.ide.mcu.externaltools.gnu-tools-for-stm32.12.3.rel1.win32_1.1.0.202410251130/tools/bin/../lib/gcc/arm-none-eabi/12.3.1/thumb/v7-m/nofp\libgcc.a
LOAD D:/ST/STM32CubeIDE_1.17.0/STM32CubeIDE/plugins/com.st.stm32cube.ide.mcu.externaltools.gnu-tools-for-stm32.12.3.rel1.win32_1.1.0.202410251130/tools/bin/../lib/gcc/arm-none-eabi/12.3.1/../../../../arm-none-eabi/lib/thumb/v7-m/nofp\libc_nano.a
LOAD D:/ST/STM32CubeIDE_1.17.0/STM32CubeIDE/plugins/com.st.stm32cube.ide.mcu.externaltools.gnu-tools-for-stm32.12.3.rel1.win32_1.1.0.202410251130/tools/bin/../lib/gcc/arm-none-eabi/12.3.1/../../../../arm-none-eabi/lib/thumb/v7-m/nofp\libnosys.a
END GROUP
LOAD D:/ST/STM32CubeIDE_1.17.0/STM32CubeIDE/plugins/com.st.stm32cube.ide.mcu.externaltools.gnu-tools-for-stm32.12.3.rel1.win32_1.1.0.202410251130/tools/bin/../lib/gcc/arm-none-eabi/12.3.1/thumb/v7-m/nofp/crtend.o
LOAD D:/ST/STM32CubeIDE_1.17.0/STM32CubeIDE/plugins/com.st.stm32cube.ide.mcu.externaltools.gnu-tools-for-stm32.12.3.rel1.win32_1.1.0.202410251130/tools/bin/../lib/gcc/arm-none-eabi/12.3.1/thumb/v7-m/nofp/crtn.o
                0x20005000                        _estack = (ORIGIN (RAM) + LENGTH (RAM))
                0x00001000                        _Min_Heap_Size = 0x1000
                0x00000400                        _Min_Stack_Size = 0x400

.isr_vector     0x08000000      0x10c
                0x08000000                        . = ALIGN (0x4)
 *(.isr_vector)
 .isr_vector    0x08000000      0x10c ./Core/Startup/startup_stm32f103c8tx.o
                0x08000000                g_pfnVectors
                0x0800010c                        . = ALIGN (0x4)

.text           0x08000110     0xd4e4
                0x08000110                        . = ALIGN (0x4)
 *(.text)
 .text          0x08000110       0x40 D:/ST/STM32CubeIDE_1.17.0/STM32CubeIDE/plugins/com.st.stm32cube.ide.mcu.externaltools.gnu-tools-for-stm32.12.3.rel1.win32_1.1.0.202410251130/tools/bin/../lib/gcc/arm-none-eabi/12.3.1/thumb/v7-m/nofp/crtbegin.o
 .text          0x08000150       0x14 D:/ST/STM32CubeIDE_1.17.0/STM32CubeIDE/plugins/com.st.stm32cube.ide.mcu.externaltools.gnu-tools-for-stm32.12.3.rel1.win32_1.1.0.202410251130/tools/bin/../lib/gcc/arm-none-eabi/12.3.1/../../../../arm-none-eabi/lib/thumb/v7-m/nofp\libc_nano.a(libc_a-strcmp.o)
                0x08000150                strcmp
 .text          0x08000164       0x10 D:/ST/STM32CubeIDE_1.17.0/STM32CubeIDE/plugins/com.st.stm32cube.ide.mcu.externaltools.gnu-tools-for-stm32.12.3.rel1.win32_1.1.0.202410251130/tools/bin/../lib/gcc/arm-none-eabi/12.3.1/../../../../arm-none-eabi/lib/thumb/v7-m/nofp\libc_nano.a(libc_a-strlen.o)
                0x08000164                strlen
 .text          0x08000174      0x378 D:/ST/STM32CubeIDE_1.17.0/STM32CubeIDE/plugins/com.st.stm32cube.ide.mcu.externaltools.gnu-tools-for-stm32.12.3.rel1.win32_1.1.0.202410251130/tools/bin/../lib/gcc/arm-none-eabi/12.3.1/thumb/v7-m/nofp\libgcc.a(_arm_addsubdf3.o)
                0x08000174                __aeabi_drsub
                0x0800017c                __aeabi_dsub
                0x0800017c                __subdf3
                0x08000180                __aeabi_dadd
                0x08000180                __adddf3
                0x080003f8                __floatunsidf
                0x080003f8                __aeabi_ui2d
                0x08000418                __floatsidf
                0x08000418                __aeabi_i2d
                0x0800043c                __aeabi_f2d
                0x0800043c                __extendsfdf2
                0x08000480                __floatundidf
                0x08000480                __aeabi_ul2d
                0x08000490                __floatdidf
                0x08000490                __aeabi_l2d
 .text          0x080004ec      0x424 D:/ST/STM32CubeIDE_1.17.0/STM32CubeIDE/plugins/com.st.stm32cube.ide.mcu.externaltools.gnu-tools-for-stm32.12.3.rel1.win32_1.1.0.202410251130/tools/bin/../lib/gcc/arm-none-eabi/12.3.1/thumb/v7-m/nofp\libgcc.a(_arm_muldivdf3.o)
                0x080004ec                __aeabi_dmul
                0x080004ec                __muldf3
                0x08000740                __divdf3
                0x08000740                __aeabi_ddiv
 .text          0x08000910      0x110 D:/ST/STM32CubeIDE_1.17.0/STM32CubeIDE/plugins/com.st.stm32cube.ide.mcu.externaltools.gnu-tools-for-stm32.12.3.rel1.win32_1.1.0.202410251130/tools/bin/../lib/gcc/arm-none-eabi/12.3.1/thumb/v7-m/nofp\libgcc.a(_arm_cmpdf2.o)
                0x08000910                __gtdf2
                0x08000910                __gedf2
                0x08000918                __ltdf2
                0x08000918                __ledf2
                0x08000920                __nedf2
                0x08000920                __eqdf2
                0x08000920                __cmpdf2
                0x0800099c                __aeabi_cdrcmple
                0x080009ac                __aeabi_cdcmpeq
                0x080009ac                __aeabi_cdcmple
                0x080009bc                __aeabi_dcmpeq
                0x080009d0                __aeabi_dcmplt
                0x080009e4                __aeabi_dcmple
                0x080009f8                __aeabi_dcmpge
                0x08000a0c                __aeabi_dcmpgt
 .text          0x08000a20       0x2c D:/ST/STM32CubeIDE_1.17.0/STM32CubeIDE/plugins/com.st.stm32cube.ide.mcu.externaltools.gnu-tools-for-stm32.12.3.rel1.win32_1.1.0.202410251130/tools/bin/../lib/gcc/arm-none-eabi/12.3.1/thumb/v7-m/nofp\libgcc.a(_arm_unorddf2.o)
                0x08000a20                __unorddf2
                0x08000a20                __aeabi_dcmpun
 .text          0x08000a4c       0x50 D:/ST/STM32CubeIDE_1.17.0/STM32CubeIDE/plugins/com.st.stm32cube.ide.mcu.externaltools.gnu-tools-for-stm32.12.3.rel1.win32_1.1.0.202410251130/tools/bin/../lib/gcc/arm-none-eabi/12.3.1/thumb/v7-m/nofp\libgcc.a(_arm_fixdfsi.o)
                0x08000a4c                __aeabi_d2iz
                0x08000a4c                __fixdfsi
 .text          0x08000a9c       0x40 D:/ST/STM32CubeIDE_1.17.0/STM32CubeIDE/plugins/com.st.stm32cube.ide.mcu.externaltools.gnu-tools-for-stm32.12.3.rel1.win32_1.1.0.202410251130/tools/bin/../lib/gcc/arm-none-eabi/12.3.1/thumb/v7-m/nofp\libgcc.a(_arm_fixunsdfsi.o)
                0x08000a9c                __aeabi_d2uiz
                0x08000a9c                __fixunsdfsi
 .text          0x08000adc       0xa0 D:/ST/STM32CubeIDE_1.17.0/STM32CubeIDE/plugins/com.st.stm32cube.ide.mcu.externaltools.gnu-tools-for-stm32.12.3.rel1.win32_1.1.0.202410251130/tools/bin/../lib/gcc/arm-none-eabi/12.3.1/thumb/v7-m/nofp\libgcc.a(_arm_truncdfsf2.o)
                0x08000adc                __truncdfsf2
                0x08000adc                __aeabi_d2f
 .text          0x08000b7c      0x21c D:/ST/STM32CubeIDE_1.17.0/STM32CubeIDE/plugins/com.st.stm32cube.ide.mcu.externaltools.gnu-tools-for-stm32.12.3.rel1.win32_1.1.0.202410251130/tools/bin/../lib/gcc/arm-none-eabi/12.3.1/thumb/v7-m/nofp\libgcc.a(_arm_addsubsf3.o)
                0x08000b7c                __aeabi_frsub
                0x08000b84                __subsf3
                0x08000b84                __aeabi_fsub
                0x08000b88                __aeabi_fadd
                0x08000b88                __addsf3
                0x08000ce8                __aeabi_ui2f
                0x08000ce8                __floatunsisf
                0x08000cf0                __aeabi_i2f
                0x08000cf0                __floatsisf
                0x08000d0c                __aeabi_ul2f
                0x08000d0c                __floatundisf
                0x08000d1c                __aeabi_l2f
                0x08000d1c                __floatdisf
 .text          0x08000d98       0xec D:/ST/STM32CubeIDE_1.17.0/STM32CubeIDE/plugins/com.st.stm32cube.ide.mcu.externaltools.gnu-tools-for-stm32.12.3.rel1.win32_1.1.0.202410251130/tools/bin/../lib/gcc/arm-none-eabi/12.3.1/thumb/v7-m/nofp\libgcc.a(_arm_cmpsf2.o)
                0x08000d98                __gesf2
                0x08000d98                __gtsf2
                0x08000da0                __lesf2
                0x08000da0                __ltsf2
                0x08000da8                __nesf2
                0x08000da8                __eqsf2
                0x08000da8                __cmpsf2
                0x08000e08                __aeabi_cfrcmple
                0x08000e10                __aeabi_cfcmpeq
                0x08000e10                __aeabi_cfcmple
                0x08000e20                __aeabi_fcmpeq
                0x08000e34                __aeabi_fcmplt
                0x08000e48                __aeabi_fcmple
                0x08000e5c                __aeabi_fcmpge
                0x08000e70                __aeabi_fcmpgt
 .text          0x08000e84       0x30 D:/ST/STM32CubeIDE_1.17.0/STM32CubeIDE/plugins/com.st.stm32cube.ide.mcu.externaltools.gnu-tools-for-stm32.12.3.rel1.win32_1.1.0.202410251130/tools/bin/../lib/gcc/arm-none-eabi/12.3.1/thumb/v7-m/nofp\libgcc.a(_aeabi_uldivmod.o)
                0x08000e84                __aeabi_uldivmod
 .text          0x08000eb4       0x30 D:/ST/STM32CubeIDE_1.17.0/STM32CubeIDE/plugins/com.st.stm32cube.ide.mcu.externaltools.gnu-tools-for-stm32.12.3.rel1.win32_1.1.0.202410251130/tools/bin/../lib/gcc/arm-none-eabi/12.3.1/thumb/v7-m/nofp\libgcc.a(_fixdfdi.o)
                0x08000eb4                __fixdfdi
                0x08000eb4                __aeabi_d2lz
 .text          0x08000ee4       0x3c D:/ST/STM32CubeIDE_1.17.0/STM32CubeIDE/plugins/com.st.stm32cube.ide.mcu.externaltools.gnu-tools-for-stm32.12.3.rel1.win32_1.1.0.202410251130/tools/bin/../lib/gcc/arm-none-eabi/12.3.1/thumb/v7-m/nofp\libgcc.a(_fixunsdfdi.o)
                0x08000ee4                __fixunsdfdi
                0x08000ee4                __aeabi_d2ulz
 .text          0x08000f20      0x2b8 D:/ST/STM32CubeIDE_1.17.0/STM32CubeIDE/plugins/com.st.stm32cube.ide.mcu.externaltools.gnu-tools-for-stm32.12.3.rel1.win32_1.1.0.202410251130/tools/bin/../lib/gcc/arm-none-eabi/12.3.1/thumb/v7-m/nofp\libgcc.a(_udivmoddi4.o)
                0x08000f20                __udivmoddi4
 .text          0x080011d8        0x4 D:/ST/STM32CubeIDE_1.17.0/STM32CubeIDE/plugins/com.st.stm32cube.ide.mcu.externaltools.gnu-tools-for-stm32.12.3.rel1.win32_1.1.0.202410251130/tools/bin/../lib/gcc/arm-none-eabi/12.3.1/thumb/v7-m/nofp\libgcc.a(_dvmd_tls.o)
                0x080011d8                __aeabi_idiv0
                0x080011d8                __aeabi_ldiv0
 *(.text*)
 .text.AD24C02_Write2Byte
                0x080011dc       0x22 ./Core/Src/AD24C02.o
                0x080011dc                AD24C02_Write2Byte
 .text.AD24C02_Read2Byte
                0x080011fe       0x22 ./Core/Src/AD24C02.o
                0x080011fe                AD24C02_Read2Byte
 .text.READOUT_SAVE_DATA
                0x08001220       0x84 ./Core/Src/AD24C02.o
                0x08001220                READOUT_SAVE_DATA
 .text.AD24C02_DataCheck
                0x080012a4       0x58 ./Core/Src/AD24C02.o
                0x080012a4                AD24C02_DataCheck
 .text.__io_putchar
                0x080012fc       0x20 ./Core/Src/GPS.o
                0x080012fc                __io_putchar
 .text.process_gps_data
                0x0800131c      0x1d0 ./Core/Src/GPS.o
                0x0800131c                process_gps_data
 .text.Format_GPS_Date
                0x080014ec       0xb8 ./Core/Src/GPS.o
                0x080014ec                Format_GPS_Date
 .text.Format_GPS_Time
                0x080015a4       0x90 ./Core/Src/GPS.o
                0x080015a4                Format_GPS_Time
 .text.Format_FileName_Date
                0x08001634       0xa4 ./Core/Src/GPS.o
                0x08001634                Format_FileName_Date
 .text.FormatLongitude
                0x080016d8       0x54 ./Core/Src/GPS.o
                0x080016d8                FormatLongitude
 .text.FormatLatitude
                0x0800172c       0x5c ./Core/Src/GPS.o
                0x0800172c                FormatLatitude
 .text.FormatAltitude
                0x08001788       0x20 ./Core/Src/GPS.o
                0x08001788                FormatAltitude
 .text.HMI_GPSDataRefresh
                0x080017a8      0x19c ./Core/Src/GPS.o
                0x080017a8                HMI_GPSDataRefresh
 .text.HMI_init
                0x08001944       0x94 ./Core/Src/HMI.o
                0x08001944                HMI_init
 .text.Send_To_HMI
                0x080019d8       0x24 ./Core/Src/HMI.o
                0x080019d8                Send_To_HMI
 .text.Clear_HMI_Item
                0x080019fc       0x20 ./Core/Src/HMI.o
                0x080019fc                Clear_HMI_Item
 .text.Back_to_MainPage
                0x08001a1c       0x78 ./Core/Src/HMI.o
                0x08001a1c                Back_to_MainPage
 .text.Refresh_Display
                0x08001a94       0x84 ./Core/Src/HMI.o
                0x08001a94                Refresh_Display
 .text.Cache_File_List
                0x08001b18       0xcc ./Core/Src/HMI.o
                0x08001b18                Cache_File_List
 .text.delete_file
                0x08001be4       0x18 ./Core/Src/HMI.o
                0x08001be4                delete_file
 .text.page_turning
                0x08001bfc       0x54 ./Core/Src/HMI.o
                0x08001bfc                page_turning
 .text.On_Delete_Key_Pressed
                0x08001c50      0x128 ./Core/Src/HMI.o
                0x08001c50                On_Delete_Key_Pressed
 .text.sendFile_key_pressed
                0x08001d78      0x174 ./Core/Src/HMI.o
                0x08001d78                sendFile_key_pressed
 .text.scroll_focus_line
                0x08001eec       0x68 ./Core/Src/HMI.o
                0x08001eec                scroll_focus_line
 .text.f_write_retry
                0x08001f54       0x40 ./Core/Src/SD_APP.o
                0x08001f54                f_write_retry
 .text.SD_FS_Init
                0x08001f94       0x48 ./Core/Src/SD_APP.o
                0x08001f94                SD_FS_Init
 .text.SDCard_InsertCheck
                0x08001fdc       0x24 ./Core/Src/SD_APP.o
                0x08001fdc                SDCard_InsertCheck
 .text.check_file_exists
                0x08002000        0xe ./Core/Src/SD_APP.o
                0x08002000                check_file_exists
 *fill*         0x0800200e        0x2 
 .text.CSV_sheet_Init
                0x08002010       0xe0 ./Core/Src/SD_APP.o
                0x08002010                CSV_sheet_Init
 .text.SDCard_Write_log
                0x080020f0      0x34c ./Core/Src/SD_APP.o
                0x080020f0                SDCard_Write_log
 .text.SD_WriteByte
                0x0800243c       0x28 ./Core/Src/SPI_SD.o
                0x0800243c                SD_WriteByte
 .text.SD_SendCmd
                0x08002464       0x3a ./Core/Src/SPI_SD.o
                0x08002464                SD_SendCmd
 .text.SD_ReadByte
                0x0800249e        0x6 ./Core/Src/SPI_SD.o
                0x0800249e                SD_ReadByte
 .text.SD_GetDataResponse
                0x080024a4       0x28 ./Core/Src/SPI_SD.o
                0x080024a4                SD_GetDataResponse
 .text.SD_GetResponse
                0x080024cc       0x22 ./Core/Src/SPI_SD.o
                0x080024cc                SD_GetResponse
 *fill*         0x080024ee        0x2 
 .text.SD_GoIdleState
                0x080024f0       0x3c ./Core/Src/SPI_SD.o
                0x080024f0                SD_GoIdleState
 .text.SD_ReadMultiBlocks
                0x0800252c       0xa0 ./Core/Src/SPI_SD.o
                0x0800252c                SD_ReadMultiBlocks
 .text.SD_WriteMultiBlocks
                0x080025cc       0xa4 ./Core/Src/SPI_SD.o
                0x080025cc                SD_WriteMultiBlocks
 .text.SD_GetCSDRegister
                0x08002670      0x1f8 ./Core/Src/SPI_SD.o
                0x08002670                SD_GetCSDRegister
 .text.SD_GetCIDRegister
                0x08002868      0x110 ./Core/Src/SPI_SD.o
                0x08002868                SD_GetCIDRegister
 .text.SD_GetCardInfo
                0x08002978       0x64 ./Core/Src/SPI_SD.o
                0x08002978                SD_GetCardInfo
 .text.SD_GetCardType
                0x080029dc      0x160 ./Core/Src/SPI_SD.o
                0x080029dc                SD_GetCardType
 .text.SD_Init  0x08002b3c       0x40 ./Core/Src/SPI_SD.o
                0x08002b3c                SD_Init
 .text.MX_ADC1_Init
                0x08002b7c       0x98 ./Core/Src/adc.o
                0x08002b7c                MX_ADC1_Init
 .text.HAL_ADC_MspInit
                0x08002c14       0xc8 ./Core/Src/adc.o
                0x08002c14                HAL_ADC_MspInit
 .text.HAL_ADC_ConvCpltCallback
                0x08002cdc       0xa4 ./Core/Src/adc.o
                0x08002cdc                HAL_ADC_ConvCpltCallback
 .text.refresh_bat_vlt
                0x08002d80      0x13c ./Core/Src/battery_show.o
                0x08002d80                refresh_bat_vlt
 .text.Buzzer   0x08002ebc       0x2c ./Core/Src/buzzer.o
                0x08002ebc                Buzzer
 .text.disk_status
                0x08002ee8        0x8 ./Core/Src/diskio.o
                0x08002ee8                disk_status
 .text.disk_initialize
                0x08002ef0       0x14 ./Core/Src/diskio.o
                0x08002ef0                disk_initialize
 .text.disk_read
                0x08002f04       0x2a ./Core/Src/diskio.o
                0x08002f04                disk_read
 .text.disk_write
                0x08002f2e       0x2a ./Core/Src/diskio.o
                0x08002f2e                disk_write
 .text.disk_ioctl
                0x08002f58       0x40 ./Core/Src/diskio.o
                0x08002f58                disk_ioctl
 .text.MX_DMA_Init
                0x08002f98       0x40 ./Core/Src/dma.o
                0x08002f98                MX_DMA_Init
 .text.Set_Dosage
                0x08002fd8      0x138 ./Core/Src/dosage.o
                0x08002fd8                Set_Dosage
 .text.Refresh_counter
                0x08003110       0x84 ./Core/Src/dosage.o
                0x08003110                Refresh_counter
 .text.Refresh_Dosage
                0x08003194       0x48 ./Core/Src/dosage.o
                0x08003194                Refresh_Dosage
 .text.ld_dword
                0x080031dc        0x4 ./Core/Src/ff.o
 .text.st_dword
                0x080031e0       0x10 ./Core/Src/ff.o
 .text.chk_share
                0x080031f0       0x5c ./Core/Src/ff.o
 .text.inc_share
                0x0800324c       0x7c ./Core/Src/ff.o
 .text.dec_share
                0x080032c8       0x38 ./Core/Src/ff.o
 .text.clear_share
                0x08003300       0x20 ./Core/Src/ff.o
 .text.clst2sect
                0x08003320       0x16 ./Core/Src/ff.o
 .text.clmt_clust
                0x08003336       0x22 ./Core/Src/ff.o
 .text.get_ldnumber
                0x08003358       0x3a ./Core/Src/ff.o
 .text.validate
                0x08003392       0x34 ./Core/Src/ff.o
 .text.sync_window
                0x080033c6       0x42 ./Core/Src/ff.o
 .text.st_clust
                0x08003408       0x18 ./Core/Src/ff.o
 .text.move_window
                0x08003420       0x32 ./Core/Src/ff.o
 *fill*         0x08003452        0x2 
 .text.check_fs
                0x08003454       0xa0 ./Core/Src/ff.o
 .text.put_fat  0x080034f4       0xf0 ./Core/Src/ff.o
 .text.dir_clear
                0x080035e4       0x52 ./Core/Src/ff.o
 .text.sync_fs  0x08003636       0x9e ./Core/Src/ff.o
 .text.mount_volume
                0x080036d4      0x24c ./Core/Src/ff.o
 .text.get_fileinfo.part.0.constprop.0.isra.0
                0x08003920       0x52 ./Core/Src/ff.o
 .text.ld_clust.isra.0
                0x08003972       0x10 ./Core/Src/ff.o
 .text.get_fat.isra.0
                0x08003982       0xac ./Core/Src/ff.o
 .text.dir_sdi.constprop.0
                0x08003a2e       0x60 ./Core/Src/ff.o
 .text.remove_chain
                0x08003a8e       0x6e ./Core/Src/ff.o
 .text.create_chain
                0x08003afc       0xf0 ./Core/Src/ff.o
 .text.dir_next
                0x08003bec       0xaa ./Core/Src/ff.o
 *fill*         0x08003c96        0x2 
 .text.follow_path
                0x08003c98      0x188 ./Core/Src/ff.o
 .text.dir_read.constprop.0
                0x08003e20       0x52 ./Core/Src/ff.o
 .text.dir_register
                0x08003e72       0x68 ./Core/Src/ff.o
 *fill*         0x08003eda        0x2 
 .text.f_mount  0x08003edc       0x54 ./Core/Src/ff.o
                0x08003edc                f_mount
 .text.f_open   0x08003f30      0x208 ./Core/Src/ff.o
                0x08003f30                f_open
 .text.f_read   0x08004138      0x140 ./Core/Src/ff.o
                0x08004138                f_read
 .text.f_write  0x08004278      0x184 ./Core/Src/ff.o
                0x08004278                f_write
 .text.f_sync   0x080043fc       0x6c ./Core/Src/ff.o
                0x080043fc                f_sync
 .text.f_close  0x08004468       0x22 ./Core/Src/ff.o
                0x08004468                f_close
 .text.f_opendir
                0x0800448a       0x7e ./Core/Src/ff.o
                0x0800448a                f_opendir
 .text.f_closedir
                0x08004508       0x28 ./Core/Src/ff.o
                0x08004508                f_closedir
 .text.f_readdir
                0x08004530       0x46 ./Core/Src/ff.o
                0x08004530                f_readdir
 .text.f_stat   0x08004576       0x44 ./Core/Src/ff.o
                0x08004576                f_stat
 .text.f_unlink
                0x080045ba       0xa2 ./Core/Src/ff.o
                0x080045ba                f_unlink
 .text.f_mkfs   0x0800465c      0x6e0 ./Core/Src/ff.o
                0x0800465c                f_mkfs
 .text.f_gets   0x08004d3c       0x44 ./Core/Src/ff.o
                0x08004d3c                f_gets
 .text.GasPrs_CLC
                0x08004d80       0x5c ./Core/Src/gas_press_clc.o
                0x08004d80                GasPrs_CLC
 .text.refresh_gasPrs
                0x08004ddc       0x6c ./Core/Src/gas_press_clc.o
                0x08004ddc                refresh_gasPrs
 .text.MX_GPIO_Init
                0x08004e48      0x1b0 ./Core/Src/gpio.o
                0x08004e48                MX_GPIO_Init
 .text.SDA_IN   0x08004ff8       0x24 ./Core/Src/gpio.o
                0x08004ff8                SDA_IN
 .text.SDA_OUT  0x0800501c       0x24 ./Core/Src/gpio.o
                0x0800501c                SDA_OUT
 .text.I2C_Start
                0x08005040       0x38 ./Core/Src/i2c_soft.o
                0x08005040                I2C_Start
 .text.I2C_Stop
                0x08005078       0x38 ./Core/Src/i2c_soft.o
                0x08005078                I2C_Stop
 .text.I2C_Ack  0x080050b0       0x38 ./Core/Src/i2c_soft.o
                0x080050b0                I2C_Ack
 .text.I2C_NAck
                0x080050e8       0x38 ./Core/Src/i2c_soft.o
                0x080050e8                I2C_NAck
 .text.I2C_WaitAck
                0x08005120       0x4c ./Core/Src/i2c_soft.o
                0x08005120                I2C_WaitAck
 .text.I2C_SendByte
                0x0800516c       0x4c ./Core/Src/i2c_soft.o
                0x0800516c                I2C_SendByte
 .text.I2C_ReadByte
                0x080051b8       0x4c ./Core/Src/i2c_soft.o
                0x080051b8                I2C_ReadByte
 .text.I2C_WriteData
                0x08005204       0x40 ./Core/Src/i2c_soft.o
                0x08005204                I2C_WriteData
 .text.I2C_ReadData
                0x08005244       0x52 ./Core/Src/i2c_soft.o
                0x08005244                I2C_ReadData
 *fill*         0x08005296        0x2 
 .text.key_scan
                0x08005298       0xb8 ./Core/Src/key.o
                0x08005298                key_scan
 .text.deal_key
                0x08005350      0x258 ./Core/Src/key.o
                0x08005350                deal_key
 .text.HAL_GPIO_EXTI_Callback
                0x080055a8      0x11c ./Core/Src/key.o
                0x080055a8                HAL_GPIO_EXTI_Callback
 .text.SystemClock_Config
                0x080056c4       0x7a ./Core/Src/main.o
                0x080056c4                SystemClock_Config
 *fill*         0x0800573e        0x2 
 .text.startup.main
                0x08005740      0x264 ./Core/Src/main.o
                0x08005740                main
 .text.Error_Handler
                0x080059a4        0x4 ./Core/Src/main.o
                0x080059a4                Error_Handler
 .text.Motor_Forward
                0x080059a8       0x30 ./Core/Src/motor.o
                0x080059a8                Motor_Forward
 .text.Motor_Reverse
                0x080059d8       0x30 ./Core/Src/motor.o
                0x080059d8                Motor_Reverse
 .text.Motor_Brake
                0x08005a08       0x30 ./Core/Src/motor.o
                0x08005a08                Motor_Brake
 .text.Motor_init
                0x08005a38       0x16 ./Core/Src/motor.o
                0x08005a38                Motor_init
 *fill*         0x08005a4e        0x2 
 .text.PAUSE_chk
                0x08005a50       0xd8 ./Core/Src/motor.o
                0x08005a50                PAUSE_chk
 .text.motor_Forward_Cycle
                0x08005b28       0x28 ./Core/Src/motor.o
                0x08005b28                motor_Forward_Cycle
 .text.motor_Reverse_Cycle
                0x08005b50       0x28 ./Core/Src/motor.o
                0x08005b50                motor_Reverse_Cycle
 .text.Ex_GAS_Cycle
                0x08005b78       0x38 ./Core/Src/motor.o
                0x08005b78                Ex_GAS_Cycle
 .text.Inject_times
                0x08005bb0       0x20 ./Core/Src/motor.o
                0x08005bb0                Inject_times
 .text.Pump_work
                0x08005bd0       0x3c ./Core/Src/motor.o
                0x08005bd0                Pump_work
 .text.Inject_working
                0x08005c0c      0x150 ./Core/Src/motor.o
                0x08005c0c                Inject_working
 .text.MX_SPI1_Init
                0x08005d5c       0x44 ./Core/Src/spi.o
                0x08005d5c                MX_SPI1_Init
 .text.HAL_SPI_MspInit
                0x08005da0       0x74 ./Core/Src/spi.o
                0x08005da0                HAL_SPI_MspInit
 .text.HAL_MspInit
                0x08005e14       0x44 ./Core/Src/stm32f1xx_hal_msp.o
                0x08005e14                HAL_MspInit
 .text.NMI_Handler
                0x08005e58        0x2 ./Core/Src/stm32f1xx_it.o
                0x08005e58                NMI_Handler
 .text.HardFault_Handler
                0x08005e5a        0x2 ./Core/Src/stm32f1xx_it.o
                0x08005e5a                HardFault_Handler
 .text.MemManage_Handler
                0x08005e5c        0x2 ./Core/Src/stm32f1xx_it.o
                0x08005e5c                MemManage_Handler
 .text.BusFault_Handler
                0x08005e5e        0x2 ./Core/Src/stm32f1xx_it.o
                0x08005e5e                BusFault_Handler
 .text.UsageFault_Handler
                0x08005e60        0x2 ./Core/Src/stm32f1xx_it.o
                0x08005e60                UsageFault_Handler
 .text.SVC_Handler
                0x08005e62        0x2 ./Core/Src/stm32f1xx_it.o
                0x08005e62                SVC_Handler
 .text.DebugMon_Handler
                0x08005e64        0x2 ./Core/Src/stm32f1xx_it.o
                0x08005e64                DebugMon_Handler
 .text.PendSV_Handler
                0x08005e66        0x2 ./Core/Src/stm32f1xx_it.o
                0x08005e66                PendSV_Handler
 .text.SysTick_Handler
                0x08005e68        0x4 ./Core/Src/stm32f1xx_it.o
                0x08005e68                SysTick_Handler
 .text.DMA1_Channel1_IRQHandler
                0x08005e6c        0xc ./Core/Src/stm32f1xx_it.o
                0x08005e6c                DMA1_Channel1_IRQHandler
 .text.DMA1_Channel3_IRQHandler
                0x08005e78        0xc ./Core/Src/stm32f1xx_it.o
                0x08005e78                DMA1_Channel3_IRQHandler
 .text.ADC1_2_IRQHandler
                0x08005e84        0xc ./Core/Src/stm32f1xx_it.o
                0x08005e84                ADC1_2_IRQHandler
 .text.TIM3_IRQHandler
                0x08005e90        0xc ./Core/Src/stm32f1xx_it.o
                0x08005e90                TIM3_IRQHandler
 .text.TIM4_IRQHandler
                0x08005e9c        0xc ./Core/Src/stm32f1xx_it.o
                0x08005e9c                TIM4_IRQHandler
 .text.USART2_IRQHandler
                0x08005ea8        0xc ./Core/Src/stm32f1xx_it.o
                0x08005ea8                USART2_IRQHandler
 .text.USART3_IRQHandler
                0x08005eb4        0xc ./Core/Src/stm32f1xx_it.o
                0x08005eb4                USART3_IRQHandler
 .text.EXTI15_10_IRQHandler
                0x08005ec0        0x8 ./Core/Src/stm32f1xx_it.o
                0x08005ec0                EXTI15_10_IRQHandler
 .text._getpid  0x08005ec8        0x4 ./Core/Src/syscalls.o
                0x08005ec8                _getpid
 .text._kill    0x08005ecc       0x10 ./Core/Src/syscalls.o
                0x08005ecc                _kill
 .text._exit    0x08005edc        0xc ./Core/Src/syscalls.o
                0x08005edc                _exit
 .text._read    0x08005ee8       0x1c ./Core/Src/syscalls.o
                0x08005ee8                _read
 .text._write   0x08005f04       0x1c ./Core/Src/syscalls.o
                0x08005f04                _write
 .text._close   0x08005f20        0x6 ./Core/Src/syscalls.o
                0x08005f20                _close
 .text._fstat   0x08005f26        0xa ./Core/Src/syscalls.o
                0x08005f26                _fstat
 .text._isatty  0x08005f30        0x4 ./Core/Src/syscalls.o
                0x08005f30                _isatty
 .text._lseek   0x08005f34        0x4 ./Core/Src/syscalls.o
                0x08005f34                _lseek
 .text._sbrk    0x08005f38       0x40 ./Core/Src/sysmem.o
                0x08005f38                _sbrk
 .text.SystemInit
                0x08005f78        0x2 ./Core/Src/system_stm32f1xx.o
                0x08005f78                SystemInit
 *fill*         0x08005f7a        0x2 
 .text.MX_TIM3_Init
                0x08005f7c       0x6c ./Core/Src/tim.o
                0x08005f7c                MX_TIM3_Init
 .text.MX_TIM4_Init
                0x08005fe8       0x6c ./Core/Src/tim.o
                0x08005fe8                MX_TIM4_Init
 .text.HAL_TIM_Base_MspInit
                0x08006054       0x70 ./Core/Src/tim.o
                0x08006054                HAL_TIM_Base_MspInit
 .text.HAL_TIM_PeriodElapsedCallback
                0x080060c4      0x694 ./Core/Src/tim.o
                0x080060c4                HAL_TIM_PeriodElapsedCallback
 .text.MX_USART1_UART_Init
                0x08006758       0x38 ./Core/Src/usart.o
                0x08006758                MX_USART1_UART_Init
 .text.MX_USART2_UART_Init
                0x08006790       0x38 ./Core/Src/usart.o
                0x08006790                MX_USART2_UART_Init
 .text.MX_USART3_UART_Init
                0x080067c8       0x38 ./Core/Src/usart.o
                0x080067c8                MX_USART3_UART_Init
 .text.HAL_UART_MspInit
                0x08006800      0x17c ./Core/Src/usart.o
                0x08006800                HAL_UART_MspInit
 .text.USART1_Tx_HMIdata
                0x0800697c       0x20 ./Core/Src/usart.o
                0x0800697c                USART1_Tx_HMIdata
 .text.USART2_Tx_BLEdata
                0x0800699c       0x28 ./Core/Src/usart.o
                0x0800699c                USART2_Tx_BLEdata
 .text.HAL_UART_TxCpltCallback
                0x080069c4       0x28 ./Core/Src/usart.o
                0x080069c4                HAL_UART_TxCpltCallback
 .text.HAL_UART_RxCpltCallback
                0x080069ec      0x134 ./Core/Src/usart.o
                0x080069ec                HAL_UART_RxCpltCallback
 .text.Reset_Handler
                0x08006b20       0x48 ./Core/Startup/startup_stm32f103c8tx.o
                0x08006b20                Reset_Handler
 .text.Default_Handler
                0x08006b68        0x2 ./Core/Startup/startup_stm32f103c8tx.o
                0x08006b68                RTC_Alarm_IRQHandler
                0x08006b68                EXTI2_IRQHandler
                0x08006b68                TIM1_CC_IRQHandler
                0x08006b68                PVD_IRQHandler
                0x08006b68                EXTI3_IRQHandler
                0x08006b68                EXTI0_IRQHandler
                0x08006b68                I2C2_EV_IRQHandler
                0x08006b68                SPI1_IRQHandler
                0x08006b68                TAMPER_IRQHandler
                0x08006b68                DMA1_Channel4_IRQHandler
                0x08006b68                RTC_IRQHandler
                0x08006b68                DMA1_Channel7_IRQHandler
                0x08006b68                CAN1_RX1_IRQHandler
                0x08006b68                I2C1_EV_IRQHandler
                0x08006b68                DMA1_Channel6_IRQHandler
                0x08006b68                RCC_IRQHandler
                0x08006b68                TIM1_TRG_COM_IRQHandler
                0x08006b68                Default_Handler
                0x08006b68                EXTI9_5_IRQHandler
                0x08006b68                SPI2_IRQHandler
                0x08006b68                DMA1_Channel5_IRQHandler
                0x08006b68                EXTI4_IRQHandler
                0x08006b68                USB_LP_CAN1_RX0_IRQHandler
                0x08006b68                USB_HP_CAN1_TX_IRQHandler
                0x08006b68                TIM1_UP_IRQHandler
                0x08006b68                WWDG_IRQHandler
                0x08006b68                TIM2_IRQHandler
                0x08006b68                TIM1_BRK_IRQHandler
                0x08006b68                EXTI1_IRQHandler
                0x08006b68                I2C2_ER_IRQHandler
                0x08006b68                DMA1_Channel2_IRQHandler
                0x08006b68                CAN1_SCE_IRQHandler
                0x08006b68                FLASH_IRQHandler
                0x08006b68                USART1_IRQHandler
                0x08006b68                I2C1_ER_IRQHandler
                0x08006b68                USBWakeUp_IRQHandler
 *fill*         0x08006b6a        0x2 
 .text.HAL_InitTick
                0x08006b6c       0x48 ./Drivers/STM32F1xx_HAL_Driver/Src/stm32f1xx_hal.o
                0x08006b6c                HAL_InitTick
 .text.HAL_Init
                0x08006bb4       0x24 ./Drivers/STM32F1xx_HAL_Driver/Src/stm32f1xx_hal.o
                0x08006bb4                HAL_Init
 .text.HAL_IncTick
                0x08006bd8       0x18 ./Drivers/STM32F1xx_HAL_Driver/Src/stm32f1xx_hal.o
                0x08006bd8                HAL_IncTick
 .text.HAL_GetTick
                0x08006bf0        0xc ./Drivers/STM32F1xx_HAL_Driver/Src/stm32f1xx_hal.o
                0x08006bf0                HAL_GetTick
 .text.HAL_Delay
                0x08006bfc       0x24 ./Drivers/STM32F1xx_HAL_Driver/Src/stm32f1xx_hal.o
                0x08006bfc                HAL_Delay
 .text.ADC_DMAConvCplt
                0x08006c20       0x4e ./Drivers/STM32F1xx_HAL_Driver/Src/stm32f1xx_hal_adc.o
                0x08006c20                ADC_DMAConvCplt
 .text.HAL_ADC_ConvHalfCpltCallback
                0x08006c6e        0x2 ./Drivers/STM32F1xx_HAL_Driver/Src/stm32f1xx_hal_adc.o
                0x08006c6e                HAL_ADC_ConvHalfCpltCallback
 .text.ADC_DMAHalfConvCplt
                0x08006c70        0xa ./Drivers/STM32F1xx_HAL_Driver/Src/stm32f1xx_hal_adc.o
                0x08006c70                ADC_DMAHalfConvCplt
 .text.HAL_ADC_LevelOutOfWindowCallback
                0x08006c7a        0x2 ./Drivers/STM32F1xx_HAL_Driver/Src/stm32f1xx_hal_adc.o
                0x08006c7a                HAL_ADC_LevelOutOfWindowCallback
 .text.HAL_ADC_IRQHandler
                0x08006c7c       0xe2 ./Drivers/STM32F1xx_HAL_Driver/Src/stm32f1xx_hal_adc.o
                0x08006c7c                HAL_ADC_IRQHandler
 .text.HAL_ADC_ErrorCallback
                0x08006d5e        0x2 ./Drivers/STM32F1xx_HAL_Driver/Src/stm32f1xx_hal_adc.o
                0x08006d5e                HAL_ADC_ErrorCallback
 .text.ADC_DMAError
                0x08006d60       0x1a ./Drivers/STM32F1xx_HAL_Driver/Src/stm32f1xx_hal_adc.o
                0x08006d60                ADC_DMAError
 *fill*         0x08006d7a        0x2 
 .text.HAL_ADC_ConfigChannel
                0x08006d7c       0xfc ./Drivers/STM32F1xx_HAL_Driver/Src/stm32f1xx_hal_adc.o
                0x08006d7c                HAL_ADC_ConfigChannel
 .text.ADC_Enable
                0x08006e78       0x78 ./Drivers/STM32F1xx_HAL_Driver/Src/stm32f1xx_hal_adc.o
                0x08006e78                ADC_Enable
 .text.HAL_ADC_Start_DMA
                0x08006ef0      0x11c ./Drivers/STM32F1xx_HAL_Driver/Src/stm32f1xx_hal_adc.o
                0x08006ef0                HAL_ADC_Start_DMA
 .text.ADC_ConversionStop_Disable
                0x0800700c       0x4c ./Drivers/STM32F1xx_HAL_Driver/Src/stm32f1xx_hal_adc.o
                0x0800700c                ADC_ConversionStop_Disable
 .text.HAL_ADC_Init
                0x08007058       0xfc ./Drivers/STM32F1xx_HAL_Driver/Src/stm32f1xx_hal_adc.o
                0x08007058                HAL_ADC_Init
 .text.HAL_ADCEx_Calibration_Start
                0x08007154       0xe0 ./Drivers/STM32F1xx_HAL_Driver/Src/stm32f1xx_hal_adc_ex.o
                0x08007154                HAL_ADCEx_Calibration_Start
 .text.HAL_ADCEx_InjectedConvCpltCallback
                0x08007234        0x2 ./Drivers/STM32F1xx_HAL_Driver/Src/stm32f1xx_hal_adc_ex.o
                0x08007234                HAL_ADCEx_InjectedConvCpltCallback
 *fill*         0x08007236        0x2 
 .text.HAL_NVIC_SetPriorityGrouping
                0x08007238       0x24 ./Drivers/STM32F1xx_HAL_Driver/Src/stm32f1xx_hal_cortex.o
                0x08007238                HAL_NVIC_SetPriorityGrouping
 .text.HAL_NVIC_SetPriority
                0x0800725c       0x60 ./Drivers/STM32F1xx_HAL_Driver/Src/stm32f1xx_hal_cortex.o
                0x0800725c                HAL_NVIC_SetPriority
 .text.HAL_NVIC_EnableIRQ
                0x080072bc       0x1c ./Drivers/STM32F1xx_HAL_Driver/Src/stm32f1xx_hal_cortex.o
                0x080072bc                HAL_NVIC_EnableIRQ
 .text.HAL_SYSTICK_Config
                0x080072d8       0x28 ./Drivers/STM32F1xx_HAL_Driver/Src/stm32f1xx_hal_cortex.o
                0x080072d8                HAL_SYSTICK_Config
 .text.HAL_DMA_Init
                0x08007300       0x64 ./Drivers/STM32F1xx_HAL_Driver/Src/stm32f1xx_hal_dma.o
                0x08007300                HAL_DMA_Init
 .text.HAL_DMA_Start_IT
                0x08007364       0x78 ./Drivers/STM32F1xx_HAL_Driver/Src/stm32f1xx_hal_dma.o
                0x08007364                HAL_DMA_Start_IT
 .text.HAL_DMA_Abort
                0x080073dc       0x3e ./Drivers/STM32F1xx_HAL_Driver/Src/stm32f1xx_hal_dma.o
                0x080073dc                HAL_DMA_Abort
 *fill*         0x0800741a        0x2 
 .text.HAL_DMA_Abort_IT
                0x0800741c       0x8c ./Drivers/STM32F1xx_HAL_Driver/Src/stm32f1xx_hal_dma.o
                0x0800741c                HAL_DMA_Abort_IT
 .text.HAL_DMA_IRQHandler
                0x080074a8      0x128 ./Drivers/STM32F1xx_HAL_Driver/Src/stm32f1xx_hal_dma.o
                0x080074a8                HAL_DMA_IRQHandler
 .text.HAL_GPIO_Init
                0x080075d0      0x1b0 ./Drivers/STM32F1xx_HAL_Driver/Src/stm32f1xx_hal_gpio.o
                0x080075d0                HAL_GPIO_Init
 .text.HAL_GPIO_ReadPin
                0x08007780        0xc ./Drivers/STM32F1xx_HAL_Driver/Src/stm32f1xx_hal_gpio.o
                0x08007780                HAL_GPIO_ReadPin
 .text.HAL_GPIO_WritePin
                0x0800778c        0xa ./Drivers/STM32F1xx_HAL_Driver/Src/stm32f1xx_hal_gpio.o
                0x0800778c                HAL_GPIO_WritePin
 .text.HAL_GPIO_TogglePin
                0x08007796       0x12 ./Drivers/STM32F1xx_HAL_Driver/Src/stm32f1xx_hal_gpio.o
                0x08007796                HAL_GPIO_TogglePin
 .text.HAL_GPIO_EXTI_IRQHandler
                0x080077a8       0x18 ./Drivers/STM32F1xx_HAL_Driver/Src/stm32f1xx_hal_gpio.o
                0x080077a8                HAL_GPIO_EXTI_IRQHandler
 .text.HAL_RCC_OscConfig
                0x080077c0      0x338 ./Drivers/STM32F1xx_HAL_Driver/Src/stm32f1xx_hal_rcc.o
                0x080077c0                HAL_RCC_OscConfig
 .text.HAL_RCC_GetSysClockFreq
                0x08007af8       0x4c ./Drivers/STM32F1xx_HAL_Driver/Src/stm32f1xx_hal_rcc.o
                0x08007af8                HAL_RCC_GetSysClockFreq
 .text.HAL_RCC_ClockConfig
                0x08007b44      0x138 ./Drivers/STM32F1xx_HAL_Driver/Src/stm32f1xx_hal_rcc.o
                0x08007b44                HAL_RCC_ClockConfig
 .text.HAL_RCC_GetPCLK1Freq
                0x08007c7c       0x20 ./Drivers/STM32F1xx_HAL_Driver/Src/stm32f1xx_hal_rcc.o
                0x08007c7c                HAL_RCC_GetPCLK1Freq
 .text.HAL_RCC_GetPCLK2Freq
                0x08007c9c       0x20 ./Drivers/STM32F1xx_HAL_Driver/Src/stm32f1xx_hal_rcc.o
                0x08007c9c                HAL_RCC_GetPCLK2Freq
 .text.HAL_RCCEx_PeriphCLKConfig
                0x08007cbc       0xf4 ./Drivers/STM32F1xx_HAL_Driver/Src/stm32f1xx_hal_rcc_ex.o
                0x08007cbc                HAL_RCCEx_PeriphCLKConfig
 .text.HAL_RCCEx_GetPeriphCLKFreq
                0x08007db0       0xbc ./Drivers/STM32F1xx_HAL_Driver/Src/stm32f1xx_hal_rcc_ex.o
                0x08007db0                HAL_RCCEx_GetPeriphCLKFreq
 .text.SPI_WaitFlagStateUntilTimeout
                0x08007e6c       0xb8 ./Drivers/STM32F1xx_HAL_Driver/Src/stm32f1xx_hal_spi.o
 .text.SPI_EndRxTxTransaction
                0x08007f24       0x38 ./Drivers/STM32F1xx_HAL_Driver/Src/stm32f1xx_hal_spi.o
 .text.HAL_SPI_Init
                0x08007f5c       0xb0 ./Drivers/STM32F1xx_HAL_Driver/Src/stm32f1xx_hal_spi.o
                0x08007f5c                HAL_SPI_Init
 .text.HAL_SPI_TransmitReceive
                0x0800800c      0x1f8 ./Drivers/STM32F1xx_HAL_Driver/Src/stm32f1xx_hal_spi.o
                0x0800800c                HAL_SPI_TransmitReceive
 .text.HAL_TIM_Base_Start_IT
                0x08008204       0x54 ./Drivers/STM32F1xx_HAL_Driver/Src/stm32f1xx_hal_tim.o
                0x08008204                HAL_TIM_Base_Start_IT
 .text.HAL_TIM_OC_DelayElapsedCallback
                0x08008258        0x2 ./Drivers/STM32F1xx_HAL_Driver/Src/stm32f1xx_hal_tim.o
                0x08008258                HAL_TIM_OC_DelayElapsedCallback
 .text.HAL_TIM_IC_CaptureCallback
                0x0800825a        0x2 ./Drivers/STM32F1xx_HAL_Driver/Src/stm32f1xx_hal_tim.o
                0x0800825a                HAL_TIM_IC_CaptureCallback
 .text.HAL_TIM_PWM_PulseFinishedCallback
                0x0800825c        0x2 ./Drivers/STM32F1xx_HAL_Driver/Src/stm32f1xx_hal_tim.o
                0x0800825c                HAL_TIM_PWM_PulseFinishedCallback
 .text.HAL_TIM_TriggerCallback
                0x0800825e        0x2 ./Drivers/STM32F1xx_HAL_Driver/Src/stm32f1xx_hal_tim.o
                0x0800825e                HAL_TIM_TriggerCallback
 .text.HAL_TIM_IRQHandler
                0x08008260      0x128 ./Drivers/STM32F1xx_HAL_Driver/Src/stm32f1xx_hal_tim.o
                0x08008260                HAL_TIM_IRQHandler
 .text.TIM_Base_SetConfig
                0x08008388       0x80 ./Drivers/STM32F1xx_HAL_Driver/Src/stm32f1xx_hal_tim.o
                0x08008388                TIM_Base_SetConfig
 .text.HAL_TIM_Base_Init
                0x08008408       0x58 ./Drivers/STM32F1xx_HAL_Driver/Src/stm32f1xx_hal_tim.o
                0x08008408                HAL_TIM_Base_Init
 .text.TIM_ETR_SetConfig
                0x08008460       0x14 ./Drivers/STM32F1xx_HAL_Driver/Src/stm32f1xx_hal_tim.o
                0x08008460                TIM_ETR_SetConfig
 .text.HAL_TIM_ConfigClockSource
                0x08008474      0x132 ./Drivers/STM32F1xx_HAL_Driver/Src/stm32f1xx_hal_tim.o
                0x08008474                HAL_TIM_ConfigClockSource
 *fill*         0x080085a6        0x2 
 .text.HAL_TIMEx_MasterConfigSynchronization
                0x080085a8       0x5c ./Drivers/STM32F1xx_HAL_Driver/Src/stm32f1xx_hal_tim_ex.o
                0x080085a8                HAL_TIMEx_MasterConfigSynchronization
 .text.HAL_TIMEx_CommutCallback
                0x08008604        0x2 ./Drivers/STM32F1xx_HAL_Driver/Src/stm32f1xx_hal_tim_ex.o
                0x08008604                HAL_TIMEx_CommutCallback
 .text.HAL_TIMEx_BreakCallback
                0x08008606        0x2 ./Drivers/STM32F1xx_HAL_Driver/Src/stm32f1xx_hal_tim_ex.o
                0x08008606                HAL_TIMEx_BreakCallback
 .text.UART_EndRxTransfer
                0x08008608       0x5c ./Drivers/STM32F1xx_HAL_Driver/Src/stm32f1xx_hal_uart.o
 .text.UART_SetConfig
                0x08008664       0x74 ./Drivers/STM32F1xx_HAL_Driver/Src/stm32f1xx_hal_uart.o
 .text.UART_WaitOnFlagUntilTimeout.constprop.0
                0x080086d8       0x64 ./Drivers/STM32F1xx_HAL_Driver/Src/stm32f1xx_hal_uart.o
 .text.HAL_UART_Init
                0x0800873c       0x5e ./Drivers/STM32F1xx_HAL_Driver/Src/stm32f1xx_hal_uart.o
                0x0800873c                HAL_UART_Init
 .text.HAL_UART_Transmit
                0x0800879a       0x9c ./Drivers/STM32F1xx_HAL_Driver/Src/stm32f1xx_hal_uart.o
                0x0800879a                HAL_UART_Transmit
 .text.HAL_UART_Transmit_IT
                0x08008836       0x32 ./Drivers/STM32F1xx_HAL_Driver/Src/stm32f1xx_hal_uart.o
                0x08008836                HAL_UART_Transmit_IT
 .text.HAL_UART_RxHalfCpltCallback
                0x08008868        0x2 ./Drivers/STM32F1xx_HAL_Driver/Src/stm32f1xx_hal_uart.o
                0x08008868                HAL_UART_RxHalfCpltCallback
 .text.HAL_UART_ErrorCallback
                0x0800886a        0x2 ./Drivers/STM32F1xx_HAL_Driver/Src/stm32f1xx_hal_uart.o
                0x0800886a                HAL_UART_ErrorCallback
 .text.UART_DMAError
                0x0800886c       0x5a ./Drivers/STM32F1xx_HAL_Driver/Src/stm32f1xx_hal_uart.o
 .text.UART_DMAAbortOnError
                0x080088c6       0x10 ./Drivers/STM32F1xx_HAL_Driver/Src/stm32f1xx_hal_uart.o
 .text.HAL_UARTEx_RxEventCallback
                0x080088d6        0x2 ./Drivers/STM32F1xx_HAL_Driver/Src/stm32f1xx_hal_uart.o
                0x080088d6                HAL_UARTEx_RxEventCallback
 .text.UART_DMARxHalfCplt
                0x080088d8       0x1e ./Drivers/STM32F1xx_HAL_Driver/Src/stm32f1xx_hal_uart.o
 .text.UART_DMAReceiveCplt
                0x080088f6       0x98 ./Drivers/STM32F1xx_HAL_Driver/Src/stm32f1xx_hal_uart.o
 .text.UART_Receive_IT.isra.0
                0x0800898e       0xb6 ./Drivers/STM32F1xx_HAL_Driver/Src/stm32f1xx_hal_uart.o
 .text.HAL_UART_IRQHandler
                0x08008a44      0x294 ./Drivers/STM32F1xx_HAL_Driver/Src/stm32f1xx_hal_uart.o
                0x08008a44                HAL_UART_IRQHandler
 .text.UART_Start_Receive_DMA
                0x08008cd8       0x98 ./Drivers/STM32F1xx_HAL_Driver/Src/stm32f1xx_hal_uart.o
                0x08008cd8                UART_Start_Receive_DMA
 .text.HAL_UART_Receive_DMA
                0x08008d70       0x22 ./Drivers/STM32F1xx_HAL_Driver/Src/stm32f1xx_hal_uart.o
                0x08008d70                HAL_UART_Receive_DMA
 .text.atof     0x08008d92        0x6 D:/ST/STM32CubeIDE_1.17.0/STM32CubeIDE/plugins/com.st.stm32cube.ide.mcu.externaltools.gnu-tools-for-stm32.12.3.rel1.win32_1.1.0.202410251130/tools/bin/../lib/gcc/arm-none-eabi/12.3.1/../../../../arm-none-eabi/lib/thumb/v7-m/nofp\libc_nano.a(libc_a-atof.o)
                0x08008d92                atof
 .text.atoi     0x08008d98        0x8 D:/ST/STM32CubeIDE_1.17.0/STM32CubeIDE/plugins/com.st.stm32cube.ide.mcu.externaltools.gnu-tools-for-stm32.12.3.rel1.win32_1.1.0.202410251130/tools/bin/../lib/gcc/arm-none-eabi/12.3.1/../../../../arm-none-eabi/lib/thumb/v7-m/nofp\libc_nano.a(libc_a-atoi.o)
                0x08008d98                atoi
 .text.malloc   0x08008da0       0x10 D:/ST/STM32CubeIDE_1.17.0/STM32CubeIDE/plugins/com.st.stm32cube.ide.mcu.externaltools.gnu-tools-for-stm32.12.3.rel1.win32_1.1.0.202410251130/tools/bin/../lib/gcc/arm-none-eabi/12.3.1/../../../../arm-none-eabi/lib/thumb/v7-m/nofp\libc_nano.a(libc_a-malloc.o)
                0x08008da0                malloc
 .text.free     0x08008db0       0x10 D:/ST/STM32CubeIDE_1.17.0/STM32CubeIDE/plugins/com.st.stm32cube.ide.mcu.externaltools.gnu-tools-for-stm32.12.3.rel1.win32_1.1.0.202410251130/tools/bin/../lib/gcc/arm-none-eabi/12.3.1/../../../../arm-none-eabi/lib/thumb/v7-m/nofp\libc_nano.a(libc_a-malloc.o)
                0x08008db0                free
 .text.sbrk_aligned
                0x08008dc0       0x44 D:/ST/STM32CubeIDE_1.17.0/STM32CubeIDE/plugins/com.st.stm32cube.ide.mcu.externaltools.gnu-tools-for-stm32.12.3.rel1.win32_1.1.0.202410251130/tools/bin/../lib/gcc/arm-none-eabi/12.3.1/../../../../arm-none-eabi/lib/thumb/v7-m/nofp\libc_nano.a(libc_a-mallocr.o)
 .text._malloc_r
                0x08008e04      0x100 D:/ST/STM32CubeIDE_1.17.0/STM32CubeIDE/plugins/com.st.stm32cube.ide.mcu.externaltools.gnu-tools-for-stm32.12.3.rel1.win32_1.1.0.202410251130/tools/bin/../lib/gcc/arm-none-eabi/12.3.1/../../../../arm-none-eabi/lib/thumb/v7-m/nofp\libc_nano.a(libc_a-mallocr.o)
                0x08008e04                _malloc_r
 .text.__malloc_lock
                0x08008f04        0xc D:/ST/STM32CubeIDE_1.17.0/STM32CubeIDE/plugins/com.st.stm32cube.ide.mcu.externaltools.gnu-tools-for-stm32.12.3.rel1.win32_1.1.0.202410251130/tools/bin/../lib/gcc/arm-none-eabi/12.3.1/../../../../arm-none-eabi/lib/thumb/v7-m/nofp\libc_nano.a(libc_a-mlock.o)
                0x08008f04                __malloc_lock
 .text.__malloc_unlock
                0x08008f10        0xc D:/ST/STM32CubeIDE_1.17.0/STM32CubeIDE/plugins/com.st.stm32cube.ide.mcu.externaltools.gnu-tools-for-stm32.12.3.rel1.win32_1.1.0.202410251130/tools/bin/../lib/gcc/arm-none-eabi/12.3.1/../../../../arm-none-eabi/lib/thumb/v7-m/nofp\libc_nano.a(libc_a-mlock.o)
                0x08008f10                __malloc_unlock
 .text.sulp     0x08008f1c       0x42 D:/ST/STM32CubeIDE_1.17.0/STM32CubeIDE/plugins/com.st.stm32cube.ide.mcu.externaltools.gnu-tools-for-stm32.12.3.rel1.win32_1.1.0.202410251130/tools/bin/../lib/gcc/arm-none-eabi/12.3.1/../../../../arm-none-eabi/lib/thumb/v7-m/nofp\libc_nano.a(libc_a-strtod.o)
 *fill*         0x08008f5e        0x2 
 .text._strtod_l
                0x08008f60      0xbb0 D:/ST/STM32CubeIDE_1.17.0/STM32CubeIDE/plugins/com.st.stm32cube.ide.mcu.externaltools.gnu-tools-for-stm32.12.3.rel1.win32_1.1.0.202410251130/tools/bin/../lib/gcc/arm-none-eabi/12.3.1/../../../../arm-none-eabi/lib/thumb/v7-m/nofp\libc_nano.a(libc_a-strtod.o)
                0x08008f60                _strtod_l
 .text._strtod_r
                0x08009b10        0xc D:/ST/STM32CubeIDE_1.17.0/STM32CubeIDE/plugins/com.st.stm32cube.ide.mcu.externaltools.gnu-tools-for-stm32.12.3.rel1.win32_1.1.0.202410251130/tools/bin/../lib/gcc/arm-none-eabi/12.3.1/../../../../arm-none-eabi/lib/thumb/v7-m/nofp\libc_nano.a(libc_a-strtod.o)
                0x08009b10                _strtod_r
 .text.strtod   0x08009b1c       0x18 D:/ST/STM32CubeIDE_1.17.0/STM32CubeIDE/plugins/com.st.stm32cube.ide.mcu.externaltools.gnu-tools-for-stm32.12.3.rel1.win32_1.1.0.202410251130/tools/bin/../lib/gcc/arm-none-eabi/12.3.1/../../../../arm-none-eabi/lib/thumb/v7-m/nofp\libc_nano.a(libc_a-strtod.o)
                0x08009b1c                strtod
 .text._strtol_l.constprop.0
                0x08009b34       0xf4 D:/ST/STM32CubeIDE_1.17.0/STM32CubeIDE/plugins/com.st.stm32cube.ide.mcu.externaltools.gnu-tools-for-stm32.12.3.rel1.win32_1.1.0.202410251130/tools/bin/../lib/gcc/arm-none-eabi/12.3.1/../../../../arm-none-eabi/lib/thumb/v7-m/nofp\libc_nano.a(libc_a-strtol.o)
 .text._strtol_r
                0x08009c28        0x4 D:/ST/STM32CubeIDE_1.17.0/STM32CubeIDE/plugins/com.st.stm32cube.ide.mcu.externaltools.gnu-tools-for-stm32.12.3.rel1.win32_1.1.0.202410251130/tools/bin/../lib/gcc/arm-none-eabi/12.3.1/../../../../arm-none-eabi/lib/thumb/v7-m/nofp\libc_nano.a(libc_a-strtol.o)
                0x08009c28                _strtol_r
 .text.strtol   0x08009c2c       0x14 D:/ST/STM32CubeIDE_1.17.0/STM32CubeIDE/plugins/com.st.stm32cube.ide.mcu.externaltools.gnu-tools-for-stm32.12.3.rel1.win32_1.1.0.202410251130/tools/bin/../lib/gcc/arm-none-eabi/12.3.1/../../../../arm-none-eabi/lib/thumb/v7-m/nofp\libc_nano.a(libc_a-strtol.o)
                0x08009c2c                strtol
 .text.__cvt    0x08009c40       0xc8 D:/ST/STM32CubeIDE_1.17.0/STM32CubeIDE/plugins/com.st.stm32cube.ide.mcu.externaltools.gnu-tools-for-stm32.12.3.rel1.win32_1.1.0.202410251130/tools/bin/../lib/gcc/arm-none-eabi/12.3.1/../../../../arm-none-eabi/lib/thumb/v7-m/nofp\libc_nano.a(libc_a-nano-vfprintf_float.o)
                0x08009c40                __cvt
 .text.__exponent
                0x08009d08       0x74 D:/ST/STM32CubeIDE_1.17.0/STM32CubeIDE/plugins/com.st.stm32cube.ide.mcu.externaltools.gnu-tools-for-stm32.12.3.rel1.win32_1.1.0.202410251130/tools/bin/../lib/gcc/arm-none-eabi/12.3.1/../../../../arm-none-eabi/lib/thumb/v7-m/nofp\libc_nano.a(libc_a-nano-vfprintf_float.o)
                0x08009d08                __exponent
 .text._printf_float
                0x08009d7c      0x458 D:/ST/STM32CubeIDE_1.17.0/STM32CubeIDE/plugins/com.st.stm32cube.ide.mcu.externaltools.gnu-tools-for-stm32.12.3.rel1.win32_1.1.0.202410251130/tools/bin/../lib/gcc/arm-none-eabi/12.3.1/../../../../arm-none-eabi/lib/thumb/v7-m/nofp\libc_nano.a(libc_a-nano-vfprintf_float.o)
                0x08009d7c                _printf_float
 .text._printf_common
                0x0800a1d4       0xe4 D:/ST/STM32CubeIDE_1.17.0/STM32CubeIDE/plugins/com.st.stm32cube.ide.mcu.externaltools.gnu-tools-for-stm32.12.3.rel1.win32_1.1.0.202410251130/tools/bin/../lib/gcc/arm-none-eabi/12.3.1/../../../../arm-none-eabi/lib/thumb/v7-m/nofp\libc_nano.a(libc_a-nano-vfprintf_i.o)
                0x0800a1d4                _printf_common
 .text._printf_i
                0x0800a2b8      0x240 D:/ST/STM32CubeIDE_1.17.0/STM32CubeIDE/plugins/com.st.stm32cube.ide.mcu.externaltools.gnu-tools-for-stm32.12.3.rel1.win32_1.1.0.202410251130/tools/bin/../lib/gcc/arm-none-eabi/12.3.1/../../../../arm-none-eabi/lib/thumb/v7-m/nofp\libc_nano.a(libc_a-nano-vfprintf_i.o)
                0x0800a2b8                _printf_i
 .text._scanf_float
                0x0800a4f8      0x420 D:/ST/STM32CubeIDE_1.17.0/STM32CubeIDE/plugins/com.st.stm32cube.ide.mcu.externaltools.gnu-tools-for-stm32.12.3.rel1.win32_1.1.0.202410251130/tools/bin/../lib/gcc/arm-none-eabi/12.3.1/../../../../arm-none-eabi/lib/thumb/v7-m/nofp\libc_nano.a(libc_a-nano-vfscanf_float.o)
                0x0800a4f8                _scanf_float
 .text.std      0x0800a918       0x6c D:/ST/STM32CubeIDE_1.17.0/STM32CubeIDE/plugins/com.st.stm32cube.ide.mcu.externaltools.gnu-tools-for-stm32.12.3.rel1.win32_1.1.0.202410251130/tools/bin/../lib/gcc/arm-none-eabi/12.3.1/../../../../arm-none-eabi/lib/thumb/v7-m/nofp\libc_nano.a(libc_a-findfp.o)
 .text.stdio_exit_handler
                0x0800a984       0x18 D:/ST/STM32CubeIDE_1.17.0/STM32CubeIDE/plugins/com.st.stm32cube.ide.mcu.externaltools.gnu-tools-for-stm32.12.3.rel1.win32_1.1.0.202410251130/tools/bin/../lib/gcc/arm-none-eabi/12.3.1/../../../../arm-none-eabi/lib/thumb/v7-m/nofp\libc_nano.a(libc_a-findfp.o)
 .text.cleanup_stdio
                0x0800a99c       0x40 D:/ST/STM32CubeIDE_1.17.0/STM32CubeIDE/plugins/com.st.stm32cube.ide.mcu.externaltools.gnu-tools-for-stm32.12.3.rel1.win32_1.1.0.202410251130/tools/bin/../lib/gcc/arm-none-eabi/12.3.1/../../../../arm-none-eabi/lib/thumb/v7-m/nofp\libc_nano.a(libc_a-findfp.o)
 .text.global_stdio_init.part.0
                0x0800a9dc       0x3c D:/ST/STM32CubeIDE_1.17.0/STM32CubeIDE/plugins/com.st.stm32cube.ide.mcu.externaltools.gnu-tools-for-stm32.12.3.rel1.win32_1.1.0.202410251130/tools/bin/../lib/gcc/arm-none-eabi/12.3.1/../../../../arm-none-eabi/lib/thumb/v7-m/nofp\libc_nano.a(libc_a-findfp.o)
 .text.__sfp_lock_acquire
                0x0800aa18        0xc D:/ST/STM32CubeIDE_1.17.0/STM32CubeIDE/plugins/com.st.stm32cube.ide.mcu.externaltools.gnu-tools-for-stm32.12.3.rel1.win32_1.1.0.202410251130/tools/bin/../lib/gcc/arm-none-eabi/12.3.1/../../../../arm-none-eabi/lib/thumb/v7-m/nofp\libc_nano.a(libc_a-findfp.o)
                0x0800aa18                __sfp_lock_acquire
 .text.__sfp_lock_release
                0x0800aa24        0xc D:/ST/STM32CubeIDE_1.17.0/STM32CubeIDE/plugins/com.st.stm32cube.ide.mcu.externaltools.gnu-tools-for-stm32.12.3.rel1.win32_1.1.0.202410251130/tools/bin/../lib/gcc/arm-none-eabi/12.3.1/../../../../arm-none-eabi/lib/thumb/v7-m/nofp\libc_nano.a(libc_a-findfp.o)
                0x0800aa24                __sfp_lock_release
 .text.__sinit  0x0800aa30       0x30 D:/ST/STM32CubeIDE_1.17.0/STM32CubeIDE/plugins/com.st.stm32cube.ide.mcu.externaltools.gnu-tools-for-stm32.12.3.rel1.win32_1.1.0.202410251130/tools/bin/../lib/gcc/arm-none-eabi/12.3.1/../../../../arm-none-eabi/lib/thumb/v7-m/nofp\libc_nano.a(libc_a-findfp.o)
                0x0800aa30                __sinit
 .text._fwalk_sglue
                0x0800aa60       0x3c D:/ST/STM32CubeIDE_1.17.0/STM32CubeIDE/plugins/com.st.stm32cube.ide.mcu.externaltools.gnu-tools-for-stm32.12.3.rel1.win32_1.1.0.202410251130/tools/bin/../lib/gcc/arm-none-eabi/12.3.1/../../../../arm-none-eabi/lib/thumb/v7-m/nofp\libc_nano.a(libc_a-fwalk.o)
                0x0800aa60                _fwalk_sglue
 .text.snprintf
                0x0800aa9c       0x68 D:/ST/STM32CubeIDE_1.17.0/STM32CubeIDE/plugins/com.st.stm32cube.ide.mcu.externaltools.gnu-tools-for-stm32.12.3.rel1.win32_1.1.0.202410251130/tools/bin/../lib/gcc/arm-none-eabi/12.3.1/../../../../arm-none-eabi/lib/thumb/v7-m/nofp\libc_nano.a(libc_a-snprintf.o)
                0x0800aa9c                sniprintf
                0x0800aa9c                snprintf
 .text.sprintf  0x0800ab04       0x40 D:/ST/STM32CubeIDE_1.17.0/STM32CubeIDE/plugins/com.st.stm32cube.ide.mcu.externaltools.gnu-tools-for-stm32.12.3.rel1.win32_1.1.0.202410251130/tools/bin/../lib/gcc/arm-none-eabi/12.3.1/../../../../arm-none-eabi/lib/thumb/v7-m/nofp\libc_nano.a(libc_a-sprintf.o)
                0x0800ab04                siprintf
                0x0800ab04                sprintf
 .text.__sread  0x0800ab44       0x22 D:/ST/STM32CubeIDE_1.17.0/STM32CubeIDE/plugins/com.st.stm32cube.ide.mcu.externaltools.gnu-tools-for-stm32.12.3.rel1.win32_1.1.0.202410251130/tools/bin/../lib/gcc/arm-none-eabi/12.3.1/../../../../arm-none-eabi/lib/thumb/v7-m/nofp\libc_nano.a(libc_a-stdio.o)
                0x0800ab44                __sread
 .text.__swrite
                0x0800ab66       0x38 D:/ST/STM32CubeIDE_1.17.0/STM32CubeIDE/plugins/com.st.stm32cube.ide.mcu.externaltools.gnu-tools-for-stm32.12.3.rel1.win32_1.1.0.202410251130/tools/bin/../lib/gcc/arm-none-eabi/12.3.1/../../../../arm-none-eabi/lib/thumb/v7-m/nofp\libc_nano.a(libc_a-stdio.o)
                0x0800ab66                __swrite
 .text.__sseek  0x0800ab9e       0x24 D:/ST/STM32CubeIDE_1.17.0/STM32CubeIDE/plugins/com.st.stm32cube.ide.mcu.externaltools.gnu-tools-for-stm32.12.3.rel1.win32_1.1.0.202410251130/tools/bin/../lib/gcc/arm-none-eabi/12.3.1/../../../../arm-none-eabi/lib/thumb/v7-m/nofp\libc_nano.a(libc_a-stdio.o)
                0x0800ab9e                __sseek
 .text.__sclose
                0x0800abc2        0x8 D:/ST/STM32CubeIDE_1.17.0/STM32CubeIDE/plugins/com.st.stm32cube.ide.mcu.externaltools.gnu-tools-for-stm32.12.3.rel1.win32_1.1.0.202410251130/tools/bin/../lib/gcc/arm-none-eabi/12.3.1/../../../../arm-none-eabi/lib/thumb/v7-m/nofp\libc_nano.a(libc_a-stdio.o)
                0x0800abc2                __sclose
 .text.memcmp   0x0800abca       0x20 D:/ST/STM32CubeIDE_1.17.0/STM32CubeIDE/plugins/com.st.stm32cube.ide.mcu.externaltools.gnu-tools-for-stm32.12.3.rel1.win32_1.1.0.202410251130/tools/bin/../lib/gcc/arm-none-eabi/12.3.1/../../../../arm-none-eabi/lib/thumb/v7-m/nofp\libc_nano.a(libc_a-memcmp.o)
                0x0800abca                memcmp
 .text.memset   0x0800abea       0x10 D:/ST/STM32CubeIDE_1.17.0/STM32CubeIDE/plugins/com.st.stm32cube.ide.mcu.externaltools.gnu-tools-for-stm32.12.3.rel1.win32_1.1.0.202410251130/tools/bin/../lib/gcc/arm-none-eabi/12.3.1/../../../../arm-none-eabi/lib/thumb/v7-m/nofp\libc_nano.a(libc_a-memset.o)
                0x0800abea                memset
 .text.strcat   0x0800abfa       0x1e D:/ST/STM32CubeIDE_1.17.0/STM32CubeIDE/plugins/com.st.stm32cube.ide.mcu.externaltools.gnu-tools-for-stm32.12.3.rel1.win32_1.1.0.202410251130/tools/bin/../lib/gcc/arm-none-eabi/12.3.1/../../../../arm-none-eabi/lib/thumb/v7-m/nofp\libc_nano.a(libc_a-strcat.o)
                0x0800abfa                strcat
 .text.strchr   0x0800ac18       0x1a D:/ST/STM32CubeIDE_1.17.0/STM32CubeIDE/plugins/com.st.stm32cube.ide.mcu.externaltools.gnu-tools-for-stm32.12.3.rel1.win32_1.1.0.202410251130/tools/bin/../lib/gcc/arm-none-eabi/12.3.1/../../../../arm-none-eabi/lib/thumb/v7-m/nofp\libc_nano.a(libc_a-strchr.o)
                0x0800ac18                strchr
 .text.strncmp  0x0800ac32       0x24 D:/ST/STM32CubeIDE_1.17.0/STM32CubeIDE/plugins/com.st.stm32cube.ide.mcu.externaltools.gnu-tools-for-stm32.12.3.rel1.win32_1.1.0.202410251130/tools/bin/../lib/gcc/arm-none-eabi/12.3.1/../../../../arm-none-eabi/lib/thumb/v7-m/nofp\libc_nano.a(libc_a-strncmp.o)
                0x0800ac32                strncmp
 .text.strncpy  0x0800ac56       0x26 D:/ST/STM32CubeIDE_1.17.0/STM32CubeIDE/plugins/com.st.stm32cube.ide.mcu.externaltools.gnu-tools-for-stm32.12.3.rel1.win32_1.1.0.202410251130/tools/bin/../lib/gcc/arm-none-eabi/12.3.1/../../../../arm-none-eabi/lib/thumb/v7-m/nofp\libc_nano.a(libc_a-strncpy.o)
                0x0800ac56                strncpy
 .text.__strtok_r
                0x0800ac7c       0x50 D:/ST/STM32CubeIDE_1.17.0/STM32CubeIDE/plugins/com.st.stm32cube.ide.mcu.externaltools.gnu-tools-for-stm32.12.3.rel1.win32_1.1.0.202410251130/tools/bin/../lib/gcc/arm-none-eabi/12.3.1/../../../../arm-none-eabi/lib/thumb/v7-m/nofp\libc_nano.a(libc_a-strtok_r.o)
                0x0800ac7c                __strtok_r
 .text.strtok_r
                0x0800accc        0x6 D:/ST/STM32CubeIDE_1.17.0/STM32CubeIDE/plugins/com.st.stm32cube.ide.mcu.externaltools.gnu-tools-for-stm32.12.3.rel1.win32_1.1.0.202410251130/tools/bin/../lib/gcc/arm-none-eabi/12.3.1/../../../../arm-none-eabi/lib/thumb/v7-m/nofp\libc_nano.a(libc_a-strtok_r.o)
                0x0800accc                strtok_r
 *fill*         0x0800acd2        0x2 
 .text._localeconv_r
                0x0800acd4        0x8 D:/ST/STM32CubeIDE_1.17.0/STM32CubeIDE/plugins/com.st.stm32cube.ide.mcu.externaltools.gnu-tools-for-stm32.12.3.rel1.win32_1.1.0.202410251130/tools/bin/../lib/gcc/arm-none-eabi/12.3.1/../../../../arm-none-eabi/lib/thumb/v7-m/nofp\libc_nano.a(libc_a-localeconv.o)
                0x0800acd4                _localeconv_r
 .text._close_r
                0x0800acdc       0x20 D:/ST/STM32CubeIDE_1.17.0/STM32CubeIDE/plugins/com.st.stm32cube.ide.mcu.externaltools.gnu-tools-for-stm32.12.3.rel1.win32_1.1.0.202410251130/tools/bin/../lib/gcc/arm-none-eabi/12.3.1/../../../../arm-none-eabi/lib/thumb/v7-m/nofp\libc_nano.a(libc_a-closer.o)
                0x0800acdc                _close_r
 .text._lseek_r
                0x0800acfc       0x24 D:/ST/STM32CubeIDE_1.17.0/STM32CubeIDE/plugins/com.st.stm32cube.ide.mcu.externaltools.gnu-tools-for-stm32.12.3.rel1.win32_1.1.0.202410251130/tools/bin/../lib/gcc/arm-none-eabi/12.3.1/../../../../arm-none-eabi/lib/thumb/v7-m/nofp\libc_nano.a(libc_a-lseekr.o)
                0x0800acfc                _lseek_r
 .text._read_r  0x0800ad20       0x24 D:/ST/STM32CubeIDE_1.17.0/STM32CubeIDE/plugins/com.st.stm32cube.ide.mcu.externaltools.gnu-tools-for-stm32.12.3.rel1.win32_1.1.0.202410251130/tools/bin/../lib/gcc/arm-none-eabi/12.3.1/../../../../arm-none-eabi/lib/thumb/v7-m/nofp\libc_nano.a(libc_a-readr.o)
                0x0800ad20                _read_r
 .text._sbrk_r  0x0800ad44       0x20 D:/ST/STM32CubeIDE_1.17.0/STM32CubeIDE/plugins/com.st.stm32cube.ide.mcu.externaltools.gnu-tools-for-stm32.12.3.rel1.win32_1.1.0.202410251130/tools/bin/../lib/gcc/arm-none-eabi/12.3.1/../../../../arm-none-eabi/lib/thumb/v7-m/nofp\libc_nano.a(libc_a-sbrkr.o)
                0x0800ad44                _sbrk_r
 .text._write_r
                0x0800ad64       0x24 D:/ST/STM32CubeIDE_1.17.0/STM32CubeIDE/plugins/com.st.stm32cube.ide.mcu.externaltools.gnu-tools-for-stm32.12.3.rel1.win32_1.1.0.202410251130/tools/bin/../lib/gcc/arm-none-eabi/12.3.1/../../../../arm-none-eabi/lib/thumb/v7-m/nofp\libc_nano.a(libc_a-writer.o)
                0x0800ad64                _write_r
 .text.__errno  0x0800ad88        0xc D:/ST/STM32CubeIDE_1.17.0/STM32CubeIDE/plugins/com.st.stm32cube.ide.mcu.externaltools.gnu-tools-for-stm32.12.3.rel1.win32_1.1.0.202410251130/tools/bin/../lib/gcc/arm-none-eabi/12.3.1/../../../../arm-none-eabi/lib/thumb/v7-m/nofp\libc_nano.a(libc_a-errno.o)
                0x0800ad88                __errno
 .text.__libc_init_array
                0x0800ad94       0x48 D:/ST/STM32CubeIDE_1.17.0/STM32CubeIDE/plugins/com.st.stm32cube.ide.mcu.externaltools.gnu-tools-for-stm32.12.3.rel1.win32_1.1.0.202410251130/tools/bin/../lib/gcc/arm-none-eabi/12.3.1/../../../../arm-none-eabi/lib/thumb/v7-m/nofp\libc_nano.a(libc_a-init.o)
                0x0800ad94                __libc_init_array
 .text.__retarget_lock_init_recursive
                0x0800addc        0x2 D:/ST/STM32CubeIDE_1.17.0/STM32CubeIDE/plugins/com.st.stm32cube.ide.mcu.externaltools.gnu-tools-for-stm32.12.3.rel1.win32_1.1.0.202410251130/tools/bin/../lib/gcc/arm-none-eabi/12.3.1/../../../../arm-none-eabi/lib/thumb/v7-m/nofp\libc_nano.a(libc_a-lock.o)
                0x0800addc                __retarget_lock_init_recursive
 .text.__retarget_lock_acquire_recursive
                0x0800adde        0x2 D:/ST/STM32CubeIDE_1.17.0/STM32CubeIDE/plugins/com.st.stm32cube.ide.mcu.externaltools.gnu-tools-for-stm32.12.3.rel1.win32_1.1.0.202410251130/tools/bin/../lib/gcc/arm-none-eabi/12.3.1/../../../../arm-none-eabi/lib/thumb/v7-m/nofp\libc_nano.a(libc_a-lock.o)
                0x0800adde                __retarget_lock_acquire_recursive
 .text.__retarget_lock_release_recursive
                0x0800ade0        0x2 D:/ST/STM32CubeIDE_1.17.0/STM32CubeIDE/plugins/com.st.stm32cube.ide.mcu.externaltools.gnu-tools-for-stm32.12.3.rel1.win32_1.1.0.202410251130/tools/bin/../lib/gcc/arm-none-eabi/12.3.1/../../../../arm-none-eabi/lib/thumb/v7-m/nofp\libc_nano.a(libc_a-lock.o)
                0x0800ade0                __retarget_lock_release_recursive
 .text.strcpy   0x0800ade2       0x10 D:/ST/STM32CubeIDE_1.17.0/STM32CubeIDE/plugins/com.st.stm32cube.ide.mcu.externaltools.gnu-tools-for-stm32.12.3.rel1.win32_1.1.0.202410251130/tools/bin/../lib/gcc/arm-none-eabi/12.3.1/../../../../arm-none-eabi/lib/thumb/v7-m/nofp\libc_nano.a(libc_a-strcpy.o)
                0x0800ade2                strcpy
 .text.memchr   0x0800adf2       0x1c D:/ST/STM32CubeIDE_1.17.0/STM32CubeIDE/plugins/com.st.stm32cube.ide.mcu.externaltools.gnu-tools-for-stm32.12.3.rel1.win32_1.1.0.202410251130/tools/bin/../lib/gcc/arm-none-eabi/12.3.1/../../../../arm-none-eabi/lib/thumb/v7-m/nofp\libc_nano.a(libc_a-memchr-stub.o)
                0x0800adf2                memchr
 .text.memcpy   0x0800ae0e       0x1c D:/ST/STM32CubeIDE_1.17.0/STM32CubeIDE/plugins/com.st.stm32cube.ide.mcu.externaltools.gnu-tools-for-stm32.12.3.rel1.win32_1.1.0.202410251130/tools/bin/../lib/gcc/arm-none-eabi/12.3.1/../../../../arm-none-eabi/lib/thumb/v7-m/nofp\libc_nano.a(libc_a-memcpy-stub.o)
                0x0800ae0e                memcpy
 *fill*         0x0800ae2a        0x2 
 .text.nan      0x0800ae2c        0xc D:/ST/STM32CubeIDE_1.17.0/STM32CubeIDE/plugins/com.st.stm32cube.ide.mcu.externaltools.gnu-tools-for-stm32.12.3.rel1.win32_1.1.0.202410251130/tools/bin/../lib/gcc/arm-none-eabi/12.3.1/../../../../arm-none-eabi/lib/thumb/v7-m/nofp\libc_nano.a(libm_a-s_nan.o)
                0x0800ae2c                nan
 .text.nanf     0x0800ae38        0x8 D:/ST/STM32CubeIDE_1.17.0/STM32CubeIDE/plugins/com.st.stm32cube.ide.mcu.externaltools.gnu-tools-for-stm32.12.3.rel1.win32_1.1.0.202410251130/tools/bin/../lib/gcc/arm-none-eabi/12.3.1/../../../../arm-none-eabi/lib/thumb/v7-m/nofp\libc_nano.a(libm_a-sf_nan.o)
                0x0800ae38                nanf
 .text.quorem   0x0800ae40      0x110 D:/ST/STM32CubeIDE_1.17.0/STM32CubeIDE/plugins/com.st.stm32cube.ide.mcu.externaltools.gnu-tools-for-stm32.12.3.rel1.win32_1.1.0.202410251130/tools/bin/../lib/gcc/arm-none-eabi/12.3.1/../../../../arm-none-eabi/lib/thumb/v7-m/nofp\libc_nano.a(libc_a-dtoa.o)
 .text._dtoa_r  0x0800af50      0xb90 D:/ST/STM32CubeIDE_1.17.0/STM32CubeIDE/plugins/com.st.stm32cube.ide.mcu.externaltools.gnu-tools-for-stm32.12.3.rel1.win32_1.1.0.202410251130/tools/bin/../lib/gcc/arm-none-eabi/12.3.1/../../../../arm-none-eabi/lib/thumb/v7-m/nofp\libc_nano.a(libc_a-dtoa.o)
                0x0800af50                _dtoa_r
 .text._free_r  0x0800bae0       0x90 D:/ST/STM32CubeIDE_1.17.0/STM32CubeIDE/plugins/com.st.stm32cube.ide.mcu.externaltools.gnu-tools-for-stm32.12.3.rel1.win32_1.1.0.202410251130/tools/bin/../lib/gcc/arm-none-eabi/12.3.1/../../../../arm-none-eabi/lib/thumb/v7-m/nofp\libc_nano.a(libc_a-freer.o)
                0x0800bae0                _free_r
 .text.rshift   0x0800bb70       0xa6 D:/ST/STM32CubeIDE_1.17.0/STM32CubeIDE/plugins/com.st.stm32cube.ide.mcu.externaltools.gnu-tools-for-stm32.12.3.rel1.win32_1.1.0.202410251130/tools/bin/../lib/gcc/arm-none-eabi/12.3.1/../../../../arm-none-eabi/lib/thumb/v7-m/nofp\libc_nano.a(libc_a-gdtoa-gethex.o)
 .text.__hexdig_fun
                0x0800bc16       0x2a D:/ST/STM32CubeIDE_1.17.0/STM32CubeIDE/plugins/com.st.stm32cube.ide.mcu.externaltools.gnu-tools-for-stm32.12.3.rel1.win32_1.1.0.202410251130/tools/bin/../lib/gcc/arm-none-eabi/12.3.1/../../../../arm-none-eabi/lib/thumb/v7-m/nofp\libc_nano.a(libc_a-gdtoa-gethex.o)
                0x0800bc16                __hexdig_fun
 .text.__gethex
                0x0800bc40      0x420 D:/ST/STM32CubeIDE_1.17.0/STM32CubeIDE/plugins/com.st.stm32cube.ide.mcu.externaltools.gnu-tools-for-stm32.12.3.rel1.win32_1.1.0.202410251130/tools/bin/../lib/gcc/arm-none-eabi/12.3.1/../../../../arm-none-eabi/lib/thumb/v7-m/nofp\libc_nano.a(libc_a-gdtoa-gethex.o)
                0x0800bc40                __gethex
 .text.L_shift  0x0800c060       0x24 D:/ST/STM32CubeIDE_1.17.0/STM32CubeIDE/plugins/com.st.stm32cube.ide.mcu.externaltools.gnu-tools-for-stm32.12.3.rel1.win32_1.1.0.202410251130/tools/bin/../lib/gcc/arm-none-eabi/12.3.1/../../../../arm-none-eabi/lib/thumb/v7-m/nofp\libc_nano.a(libc_a-gdtoa-hexnan.o)
 .text.__match  0x0800c084       0x28 D:/ST/STM32CubeIDE_1.17.0/STM32CubeIDE/plugins/com.st.stm32cube.ide.mcu.externaltools.gnu-tools-for-stm32.12.3.rel1.win32_1.1.0.202410251130/tools/bin/../lib/gcc/arm-none-eabi/12.3.1/../../../../arm-none-eabi/lib/thumb/v7-m/nofp\libc_nano.a(libc_a-gdtoa-hexnan.o)
                0x0800c084                __match
 .text.__hexnan
                0x0800c0ac      0x136 D:/ST/STM32CubeIDE_1.17.0/STM32CubeIDE/plugins/com.st.stm32cube.ide.mcu.externaltools.gnu-tools-for-stm32.12.3.rel1.win32_1.1.0.202410251130/tools/bin/../lib/gcc/arm-none-eabi/12.3.1/../../../../arm-none-eabi/lib/thumb/v7-m/nofp\libc_nano.a(libc_a-gdtoa-hexnan.o)
                0x0800c0ac                __hexnan
 .text.__ascii_mbtowc
                0x0800c1e2       0x24 D:/ST/STM32CubeIDE_1.17.0/STM32CubeIDE/plugins/com.st.stm32cube.ide.mcu.externaltools.gnu-tools-for-stm32.12.3.rel1.win32_1.1.0.202410251130/tools/bin/../lib/gcc/arm-none-eabi/12.3.1/../../../../arm-none-eabi/lib/thumb/v7-m/nofp\libc_nano.a(libc_a-mbtowc_r.o)
                0x0800c1e2                __ascii_mbtowc
 *fill*         0x0800c206        0x2 
 .text._Balloc  0x0800c208       0x80 D:/ST/STM32CubeIDE_1.17.0/STM32CubeIDE/plugins/com.st.stm32cube.ide.mcu.externaltools.gnu-tools-for-stm32.12.3.rel1.win32_1.1.0.202410251130/tools/bin/../lib/gcc/arm-none-eabi/12.3.1/../../../../arm-none-eabi/lib/thumb/v7-m/nofp\libc_nano.a(libc_a-mprec.o)
                0x0800c208                _Balloc
 .text._Bfree   0x0800c288       0x44 D:/ST/STM32CubeIDE_1.17.0/STM32CubeIDE/plugins/com.st.stm32cube.ide.mcu.externaltools.gnu-tools-for-stm32.12.3.rel1.win32_1.1.0.202410251130/tools/bin/../lib/gcc/arm-none-eabi/12.3.1/../../../../arm-none-eabi/lib/thumb/v7-m/nofp\libc_nano.a(libc_a-mprec.o)
                0x0800c288                _Bfree
 .text.__multadd
                0x0800c2cc       0x8c D:/ST/STM32CubeIDE_1.17.0/STM32CubeIDE/plugins/com.st.stm32cube.ide.mcu.externaltools.gnu-tools-for-stm32.12.3.rel1.win32_1.1.0.202410251130/tools/bin/../lib/gcc/arm-none-eabi/12.3.1/../../../../arm-none-eabi/lib/thumb/v7-m/nofp\libc_nano.a(libc_a-mprec.o)
                0x0800c2cc                __multadd
 .text.__s2b    0x0800c358       0x94 D:/ST/STM32CubeIDE_1.17.0/STM32CubeIDE/plugins/com.st.stm32cube.ide.mcu.externaltools.gnu-tools-for-stm32.12.3.rel1.win32_1.1.0.202410251130/tools/bin/../lib/gcc/arm-none-eabi/12.3.1/../../../../arm-none-eabi/lib/thumb/v7-m/nofp\libc_nano.a(libc_a-mprec.o)
                0x0800c358                __s2b
 .text.__hi0bits
                0x0800c3ec       0x3e D:/ST/STM32CubeIDE_1.17.0/STM32CubeIDE/plugins/com.st.stm32cube.ide.mcu.externaltools.gnu-tools-for-stm32.12.3.rel1.win32_1.1.0.202410251130/tools/bin/../lib/gcc/arm-none-eabi/12.3.1/../../../../arm-none-eabi/lib/thumb/v7-m/nofp\libc_nano.a(libc_a-mprec.o)
                0x0800c3ec                __hi0bits
 .text.__lo0bits
                0x0800c42a       0x5a D:/ST/STM32CubeIDE_1.17.0/STM32CubeIDE/plugins/com.st.stm32cube.ide.mcu.externaltools.gnu-tools-for-stm32.12.3.rel1.win32_1.1.0.202410251130/tools/bin/../lib/gcc/arm-none-eabi/12.3.1/../../../../arm-none-eabi/lib/thumb/v7-m/nofp\libc_nano.a(libc_a-mprec.o)
                0x0800c42a                __lo0bits
 .text.__i2b    0x0800c484       0x2c D:/ST/STM32CubeIDE_1.17.0/STM32CubeIDE/plugins/com.st.stm32cube.ide.mcu.externaltools.gnu-tools-for-stm32.12.3.rel1.win32_1.1.0.202410251130/tools/bin/../lib/gcc/arm-none-eabi/12.3.1/../../../../arm-none-eabi/lib/thumb/v7-m/nofp\libc_nano.a(libc_a-mprec.o)
                0x0800c484                __i2b
 .text.__multiply
                0x0800c4b0      0x150 D:/ST/STM32CubeIDE_1.17.0/STM32CubeIDE/plugins/com.st.stm32cube.ide.mcu.externaltools.gnu-tools-for-stm32.12.3.rel1.win32_1.1.0.202410251130/tools/bin/../lib/gcc/arm-none-eabi/12.3.1/../../../../arm-none-eabi/lib/thumb/v7-m/nofp\libc_nano.a(libc_a-mprec.o)
                0x0800c4b0                __multiply
 .text.__pow5mult
                0x0800c600       0xb4 D:/ST/STM32CubeIDE_1.17.0/STM32CubeIDE/plugins/com.st.stm32cube.ide.mcu.externaltools.gnu-tools-for-stm32.12.3.rel1.win32_1.1.0.202410251130/tools/bin/../lib/gcc/arm-none-eabi/12.3.1/../../../../arm-none-eabi/lib/thumb/v7-m/nofp\libc_nano.a(libc_a-mprec.o)
                0x0800c600                __pow5mult
 .text.__lshift
                0x0800c6b4       0xd8 D:/ST/STM32CubeIDE_1.17.0/STM32CubeIDE/plugins/com.st.stm32cube.ide.mcu.externaltools.gnu-tools-for-stm32.12.3.rel1.win32_1.1.0.202410251130/tools/bin/../lib/gcc/arm-none-eabi/12.3.1/../../../../arm-none-eabi/lib/thumb/v7-m/nofp\libc_nano.a(libc_a-mprec.o)
                0x0800c6b4                __lshift
 .text.__mcmp   0x0800c78c       0x36 D:/ST/STM32CubeIDE_1.17.0/STM32CubeIDE/plugins/com.st.stm32cube.ide.mcu.externaltools.gnu-tools-for-stm32.12.3.rel1.win32_1.1.0.202410251130/tools/bin/../lib/gcc/arm-none-eabi/12.3.1/../../../../arm-none-eabi/lib/thumb/v7-m/nofp\libc_nano.a(libc_a-mprec.o)
                0x0800c78c                __mcmp
 *fill*         0x0800c7c2        0x2 
 .text.__mdiff  0x0800c7c4      0x128 D:/ST/STM32CubeIDE_1.17.0/STM32CubeIDE/plugins/com.st.stm32cube.ide.mcu.externaltools.gnu-tools-for-stm32.12.3.rel1.win32_1.1.0.202410251130/tools/bin/../lib/gcc/arm-none-eabi/12.3.1/../../../../arm-none-eabi/lib/thumb/v7-m/nofp\libc_nano.a(libc_a-mprec.o)
                0x0800c7c4                __mdiff
 .text.__ulp    0x0800c8ec       0x40 D:/ST/STM32CubeIDE_1.17.0/STM32CubeIDE/plugins/com.st.stm32cube.ide.mcu.externaltools.gnu-tools-for-stm32.12.3.rel1.win32_1.1.0.202410251130/tools/bin/../lib/gcc/arm-none-eabi/12.3.1/../../../../arm-none-eabi/lib/thumb/v7-m/nofp\libc_nano.a(libc_a-mprec.o)
                0x0800c8ec                __ulp
 .text.__b2d    0x0800c92c       0x90 D:/ST/STM32CubeIDE_1.17.0/STM32CubeIDE/plugins/com.st.stm32cube.ide.mcu.externaltools.gnu-tools-for-stm32.12.3.rel1.win32_1.1.0.202410251130/tools/bin/../lib/gcc/arm-none-eabi/12.3.1/../../../../arm-none-eabi/lib/thumb/v7-m/nofp\libc_nano.a(libc_a-mprec.o)
                0x0800c92c                __b2d
 .text.__d2b    0x0800c9bc       0xb0 D:/ST/STM32CubeIDE_1.17.0/STM32CubeIDE/plugins/com.st.stm32cube.ide.mcu.externaltools.gnu-tools-for-stm32.12.3.rel1.win32_1.1.0.202410251130/tools/bin/../lib/gcc/arm-none-eabi/12.3.1/../../../../arm-none-eabi/lib/thumb/v7-m/nofp\libc_nano.a(libc_a-mprec.o)
                0x0800c9bc                __d2b
 .text.__ratio  0x0800ca6c       0x60 D:/ST/STM32CubeIDE_1.17.0/STM32CubeIDE/plugins/com.st.stm32cube.ide.mcu.externaltools.gnu-tools-for-stm32.12.3.rel1.win32_1.1.0.202410251130/tools/bin/../lib/gcc/arm-none-eabi/12.3.1/../../../../arm-none-eabi/lib/thumb/v7-m/nofp\libc_nano.a(libc_a-mprec.o)
                0x0800ca6c                __ratio
 .text.__copybits
                0x0800cacc       0x46 D:/ST/STM32CubeIDE_1.17.0/STM32CubeIDE/plugins/com.st.stm32cube.ide.mcu.externaltools.gnu-tools-for-stm32.12.3.rel1.win32_1.1.0.202410251130/tools/bin/../lib/gcc/arm-none-eabi/12.3.1/../../../../arm-none-eabi/lib/thumb/v7-m/nofp\libc_nano.a(libc_a-mprec.o)
                0x0800cacc                __copybits
 .text.__any_on
                0x0800cb12       0x42 D:/ST/STM32CubeIDE_1.17.0/STM32CubeIDE/plugins/com.st.stm32cube.ide.mcu.externaltools.gnu-tools-for-stm32.12.3.rel1.win32_1.1.0.202410251130/tools/bin/../lib/gcc/arm-none-eabi/12.3.1/../../../../arm-none-eabi/lib/thumb/v7-m/nofp\libc_nano.a(libc_a-mprec.o)
                0x0800cb12                __any_on
 .text.__ascii_wctomb
                0x0800cb54       0x1a D:/ST/STM32CubeIDE_1.17.0/STM32CubeIDE/plugins/com.st.stm32cube.ide.mcu.externaltools.gnu-tools-for-stm32.12.3.rel1.win32_1.1.0.202410251130/tools/bin/../lib/gcc/arm-none-eabi/12.3.1/../../../../arm-none-eabi/lib/thumb/v7-m/nofp\libc_nano.a(libc_a-wctomb_r.o)
                0x0800cb54                __ascii_wctomb
 .text.__ssputs_r
                0x0800cb6e       0xb6 D:/ST/STM32CubeIDE_1.17.0/STM32CubeIDE/plugins/com.st.stm32cube.ide.mcu.externaltools.gnu-tools-for-stm32.12.3.rel1.win32_1.1.0.202410251130/tools/bin/../lib/gcc/arm-none-eabi/12.3.1/../../../../arm-none-eabi/lib/thumb/v7-m/nofp\libc_nano.a(libc_a-nano-svfprintf.o)
                0x0800cb6e                __ssputs_r
 .text._svfprintf_r
                0x0800cc24      0x1f8 D:/ST/STM32CubeIDE_1.17.0/STM32CubeIDE/plugins/com.st.stm32cube.ide.mcu.externaltools.gnu-tools-for-stm32.12.3.rel1.win32_1.1.0.202410251130/tools/bin/../lib/gcc/arm-none-eabi/12.3.1/../../../../arm-none-eabi/lib/thumb/v7-m/nofp\libc_nano.a(libc_a-nano-svfprintf.o)
                0x0800cc24                _svfiprintf_r
                0x0800cc24                _svfprintf_r
 .text.__sfputc_r
                0x0800ce1c       0x2a D:/ST/STM32CubeIDE_1.17.0/STM32CubeIDE/plugins/com.st.stm32cube.ide.mcu.externaltools.gnu-tools-for-stm32.12.3.rel1.win32_1.1.0.202410251130/tools/bin/../lib/gcc/arm-none-eabi/12.3.1/../../../../arm-none-eabi/lib/thumb/v7-m/nofp\libc_nano.a(libc_a-nano-vfprintf.o)
 .text.__sfputs_r
                0x0800ce46       0x24 D:/ST/STM32CubeIDE_1.17.0/STM32CubeIDE/plugins/com.st.stm32cube.ide.mcu.externaltools.gnu-tools-for-stm32.12.3.rel1.win32_1.1.0.202410251130/tools/bin/../lib/gcc/arm-none-eabi/12.3.1/../../../../arm-none-eabi/lib/thumb/v7-m/nofp\libc_nano.a(libc_a-nano-vfprintf.o)
                0x0800ce46                __sfputs_r
 *fill*         0x0800ce6a        0x2 
 .text._vfprintf_r
                0x0800ce6c      0x230 D:/ST/STM32CubeIDE_1.17.0/STM32CubeIDE/plugins/com.st.stm32cube.ide.mcu.externaltools.gnu-tools-for-stm32.12.3.rel1.win32_1.1.0.202410251130/tools/bin/../lib/gcc/arm-none-eabi/12.3.1/../../../../arm-none-eabi/lib/thumb/v7-m/nofp\libc_nano.a(libc_a-nano-vfprintf.o)
                0x0800ce6c                _vfprintf_r
                0x0800ce6c                _vfiprintf_r
 .text.__sflush_r
                0x0800d09c      0x100 D:/ST/STM32CubeIDE_1.17.0/STM32CubeIDE/plugins/com.st.stm32cube.ide.mcu.externaltools.gnu-tools-for-stm32.12.3.rel1.win32_1.1.0.202410251130/tools/bin/../lib/gcc/arm-none-eabi/12.3.1/../../../../arm-none-eabi/lib/thumb/v7-m/nofp\libc_nano.a(libc_a-fflush.o)
                0x0800d09c                __sflush_r
 .text._fflush_r
                0x0800d19c       0x50 D:/ST/STM32CubeIDE_1.17.0/STM32CubeIDE/plugins/com.st.stm32cube.ide.mcu.externaltools.gnu-tools-for-stm32.12.3.rel1.win32_1.1.0.202410251130/tools/bin/../lib/gcc/arm-none-eabi/12.3.1/../../../../arm-none-eabi/lib/thumb/v7-m/nofp\libc_nano.a(libc_a-fflush.o)
                0x0800d19c                _fflush_r
 .text.__swbuf_r
                0x0800d1ec       0x7c D:/ST/STM32CubeIDE_1.17.0/STM32CubeIDE/plugins/com.st.stm32cube.ide.mcu.externaltools.gnu-tools-for-stm32.12.3.rel1.win32_1.1.0.202410251130/tools/bin/../lib/gcc/arm-none-eabi/12.3.1/../../../../arm-none-eabi/lib/thumb/v7-m/nofp\libc_nano.a(libc_a-wbuf.o)
                0x0800d1ec                __swbuf_r
 .text.__swsetup_r
                0x0800d268       0xac D:/ST/STM32CubeIDE_1.17.0/STM32CubeIDE/plugins/com.st.stm32cube.ide.mcu.externaltools.gnu-tools-for-stm32.12.3.rel1.win32_1.1.0.202410251130/tools/bin/../lib/gcc/arm-none-eabi/12.3.1/../../../../arm-none-eabi/lib/thumb/v7-m/nofp\libc_nano.a(libc_a-wsetup.o)
                0x0800d268                __swsetup_r
 .text.memmove  0x0800d314       0x34 D:/ST/STM32CubeIDE_1.17.0/STM32CubeIDE/plugins/com.st.stm32cube.ide.mcu.externaltools.gnu-tools-for-stm32.12.3.rel1.win32_1.1.0.202410251130/tools/bin/../lib/gcc/arm-none-eabi/12.3.1/../../../../arm-none-eabi/lib/thumb/v7-m/nofp\libc_nano.a(libc_a-memmove.o)
                0x0800d314                memmove
 .text.__assert_func
                0x0800d348       0x3c D:/ST/STM32CubeIDE_1.17.0/STM32CubeIDE/plugins/com.st.stm32cube.ide.mcu.externaltools.gnu-tools-for-stm32.12.3.rel1.win32_1.1.0.202410251130/tools/bin/../lib/gcc/arm-none-eabi/12.3.1/../../../../arm-none-eabi/lib/thumb/v7-m/nofp\libc_nano.a(libc_a-assert.o)
                0x0800d348                __assert_func
 .text._calloc_r
                0x0800d384       0x28 D:/ST/STM32CubeIDE_1.17.0/STM32CubeIDE/plugins/com.st.stm32cube.ide.mcu.externaltools.gnu-tools-for-stm32.12.3.rel1.win32_1.1.0.202410251130/tools/bin/../lib/gcc/arm-none-eabi/12.3.1/../../../../arm-none-eabi/lib/thumb/v7-m/nofp\libc_nano.a(libc_a-callocr.o)
                0x0800d384                _calloc_r
 .text._realloc_r
                0x0800d3ac       0x5c D:/ST/STM32CubeIDE_1.17.0/STM32CubeIDE/plugins/com.st.stm32cube.ide.mcu.externaltools.gnu-tools-for-stm32.12.3.rel1.win32_1.1.0.202410251130/tools/bin/../lib/gcc/arm-none-eabi/12.3.1/../../../../arm-none-eabi/lib/thumb/v7-m/nofp\libc_nano.a(libc_a-reallocr.o)
                0x0800d3ac                _realloc_r
 .text.fprintf  0x0800d408       0x24 D:/ST/STM32CubeIDE_1.17.0/STM32CubeIDE/plugins/com.st.stm32cube.ide.mcu.externaltools.gnu-tools-for-stm32.12.3.rel1.win32_1.1.0.202410251130/tools/bin/../lib/gcc/arm-none-eabi/12.3.1/../../../../arm-none-eabi/lib/thumb/v7-m/nofp\libc_nano.a(libc_a-fprintf.o)
                0x0800d408                fiprintf
                0x0800d408                fprintf
 .text.__swhatbuf_r
                0x0800d42c       0x4a D:/ST/STM32CubeIDE_1.17.0/STM32CubeIDE/plugins/com.st.stm32cube.ide.mcu.externaltools.gnu-tools-for-stm32.12.3.rel1.win32_1.1.0.202410251130/tools/bin/../lib/gcc/arm-none-eabi/12.3.1/../../../../arm-none-eabi/lib/thumb/v7-m/nofp\libc_nano.a(libc_a-makebuf.o)
                0x0800d42c                __swhatbuf_r
 .text.__smakebuf_r
                0x0800d476       0x78 D:/ST/STM32CubeIDE_1.17.0/STM32CubeIDE/plugins/com.st.stm32cube.ide.mcu.externaltools.gnu-tools-for-stm32.12.3.rel1.win32_1.1.0.202410251130/tools/bin/../lib/gcc/arm-none-eabi/12.3.1/../../../../arm-none-eabi/lib/thumb/v7-m/nofp\libc_nano.a(libc_a-makebuf.o)
                0x0800d476                __smakebuf_r
 *fill*         0x0800d4ee        0x2 
 .text._fstat_r
                0x0800d4f0       0x24 D:/ST/STM32CubeIDE_1.17.0/STM32CubeIDE/plugins/com.st.stm32cube.ide.mcu.externaltools.gnu-tools-for-stm32.12.3.rel1.win32_1.1.0.202410251130/tools/bin/../lib/gcc/arm-none-eabi/12.3.1/../../../../arm-none-eabi/lib/thumb/v7-m/nofp\libc_nano.a(libc_a-fstatr.o)
                0x0800d4f0                _fstat_r
 .text._isatty_r
                0x0800d514       0x20 D:/ST/STM32CubeIDE_1.17.0/STM32CubeIDE/plugins/com.st.stm32cube.ide.mcu.externaltools.gnu-tools-for-stm32.12.3.rel1.win32_1.1.0.202410251130/tools/bin/../lib/gcc/arm-none-eabi/12.3.1/../../../../arm-none-eabi/lib/thumb/v7-m/nofp\libc_nano.a(libc_a-isattyr.o)
                0x0800d514                _isatty_r
 .text.abort    0x0800d534        0xe D:/ST/STM32CubeIDE_1.17.0/STM32CubeIDE/plugins/com.st.stm32cube.ide.mcu.externaltools.gnu-tools-for-stm32.12.3.rel1.win32_1.1.0.202410251130/tools/bin/../lib/gcc/arm-none-eabi/12.3.1/../../../../arm-none-eabi/lib/thumb/v7-m/nofp\libc_nano.a(libc_a-abort.o)
                0x0800d534                abort
 .text._malloc_usable_size_r
                0x0800d542       0x10 D:/ST/STM32CubeIDE_1.17.0/STM32CubeIDE/plugins/com.st.stm32cube.ide.mcu.externaltools.gnu-tools-for-stm32.12.3.rel1.win32_1.1.0.202410251130/tools/bin/../lib/gcc/arm-none-eabi/12.3.1/../../../../arm-none-eabi/lib/thumb/v7-m/nofp\libc_nano.a(libc_a-msizer.o)
                0x0800d542                _malloc_usable_size_r
 .text._raise_r
                0x0800d552       0x50 D:/ST/STM32CubeIDE_1.17.0/STM32CubeIDE/plugins/com.st.stm32cube.ide.mcu.externaltools.gnu-tools-for-stm32.12.3.rel1.win32_1.1.0.202410251130/tools/bin/../lib/gcc/arm-none-eabi/12.3.1/../../../../arm-none-eabi/lib/thumb/v7-m/nofp\libc_nano.a(libc_a-signal.o)
                0x0800d552                _raise_r
 *fill*         0x0800d5a2        0x2 
 .text.raise    0x0800d5a4       0x10 D:/ST/STM32CubeIDE_1.17.0/STM32CubeIDE/plugins/com.st.stm32cube.ide.mcu.externaltools.gnu-tools-for-stm32.12.3.rel1.win32_1.1.0.202410251130/tools/bin/../lib/gcc/arm-none-eabi/12.3.1/../../../../arm-none-eabi/lib/thumb/v7-m/nofp\libc_nano.a(libc_a-signal.o)
                0x0800d5a4                raise
 .text._kill_r  0x0800d5b4       0x24 D:/ST/STM32CubeIDE_1.17.0/STM32CubeIDE/plugins/com.st.stm32cube.ide.mcu.externaltools.gnu-tools-for-stm32.12.3.rel1.win32_1.1.0.202410251130/tools/bin/../lib/gcc/arm-none-eabi/12.3.1/../../../../arm-none-eabi/lib/thumb/v7-m/nofp\libc_nano.a(libc_a-signalr.o)
                0x0800d5b4                _kill_r
 .text._getpid_r
                0x0800d5d8        0x4 D:/ST/STM32CubeIDE_1.17.0/STM32CubeIDE/plugins/com.st.stm32cube.ide.mcu.externaltools.gnu-tools-for-stm32.12.3.rel1.win32_1.1.0.202410251130/tools/bin/../lib/gcc/arm-none-eabi/12.3.1/../../../../arm-none-eabi/lib/thumb/v7-m/nofp\libc_nano.a(libc_a-signalr.o)
                0x0800d5d8                _getpid_r
 *(.glue_7)
 .glue_7        0x0800d5dc        0x0 linker stubs
 *(.glue_7t)
 .glue_7t       0x0800d5dc        0x0 linker stubs
 *(.eh_frame)
 .eh_frame      0x0800d5dc        0x0 D:/ST/STM32CubeIDE_1.17.0/STM32CubeIDE/plugins/com.st.stm32cube.ide.mcu.externaltools.gnu-tools-for-stm32.12.3.rel1.win32_1.1.0.202410251130/tools/bin/../lib/gcc/arm-none-eabi/12.3.1/thumb/v7-m/nofp/crtbegin.o
 *(.init)
 .init          0x0800d5dc        0x4 D:/ST/STM32CubeIDE_1.17.0/STM32CubeIDE/plugins/com.st.stm32cube.ide.mcu.externaltools.gnu-tools-for-stm32.12.3.rel1.win32_1.1.0.202410251130/tools/bin/../lib/gcc/arm-none-eabi/12.3.1/thumb/v7-m/nofp/crti.o
                0x0800d5dc                _init
 .init          0x0800d5e0        0x8 D:/ST/STM32CubeIDE_1.17.0/STM32CubeIDE/plugins/com.st.stm32cube.ide.mcu.externaltools.gnu-tools-for-stm32.12.3.rel1.win32_1.1.0.202410251130/tools/bin/../lib/gcc/arm-none-eabi/12.3.1/thumb/v7-m/nofp/crtn.o
 *(.fini)
 .fini          0x0800d5e8        0x4 D:/ST/STM32CubeIDE_1.17.0/STM32CubeIDE/plugins/com.st.stm32cube.ide.mcu.externaltools.gnu-tools-for-stm32.12.3.rel1.win32_1.1.0.202410251130/tools/bin/../lib/gcc/arm-none-eabi/12.3.1/thumb/v7-m/nofp/crti.o
                0x0800d5e8                _fini
 .fini          0x0800d5ec        0x8 D:/ST/STM32CubeIDE_1.17.0/STM32CubeIDE/plugins/com.st.stm32cube.ide.mcu.externaltools.gnu-tools-for-stm32.12.3.rel1.win32_1.1.0.202410251130/tools/bin/../lib/gcc/arm-none-eabi/12.3.1/thumb/v7-m/nofp/crtn.o
                0x0800d5f4                        . = ALIGN (0x4)
                0x0800d5f4                        _etext = .

.vfp11_veneer   0x0800d5f4        0x0
 .vfp11_veneer  0x0800d5f4        0x0 linker stubs

.v4_bx          0x0800d5f4        0x0
 .v4_bx         0x0800d5f4        0x0 linker stubs

.iplt           0x0800d5f4        0x0
 .iplt          0x0800d5f4        0x0 D:/ST/STM32CubeIDE_1.17.0/STM32CubeIDE/plugins/com.st.stm32cube.ide.mcu.externaltools.gnu-tools-for-stm32.12.3.rel1.win32_1.1.0.202410251130/tools/bin/../lib/gcc/arm-none-eabi/12.3.1/thumb/v7-m/nofp/crtbegin.o

.rodata         0x0800d5f8      0xb58
                0x0800d5f8                        . = ALIGN (0x4)
 *(.rodata)