Archive member included to satisfy reference by file (symbol)

D:/ST/STM32CubeIDE_1.17.0/STM32CubeIDE/plugins/com.st.stm32cube.ide.mcu.externaltools.gnu-tools-for-stm32.12.3.rel1.win32_1.1.0.202410251130/tools/bin/../lib/gcc/arm-none-eabi/12.3.1/../../../../arm-none-eabi/lib/thumb/v7-m/nofp\libc_nano.a(libc_a-atof.o)
                              ./Core/Src/GPS.o (atof)
D:/ST/STM32CubeIDE_1.17.0/STM32CubeIDE/plugins/com.st.stm32cube.ide.mcu.externaltools.gnu-tools-for-stm32.12.3.rel1.win32_1.1.0.202410251130/tools/bin/../lib/gcc/arm-none-eabi/12.3.1/../../../../arm-none-eabi/lib/thumb/v7-m/nofp\libc_nano.a(libc_a-atoi.o)
                              ./Core/Src/GPS.o (atoi)
D:/ST/STM32CubeIDE_1.17.0/STM32CubeIDE/plugins/com.st.stm32cube.ide.mcu.externaltools.gnu-tools-for-stm32.12.3.rel1.win32_1.1.0.202410251130/tools/bin/../lib/gcc/arm-none-eabi/12.3.1/../../../../arm-none-eabi/lib/thumb/v7-m/nofp\libc_nano.a(libc_a-exit.o)
                              D:/ST/STM32CubeIDE_1.17.0/STM32CubeIDE/plugins/com.st.stm32cube.ide.mcu.externaltools.gnu-tools-for-stm32.12.3.rel1.win32_1.1.0.202410251130/tools/bin/../lib/gcc/arm-none-eabi/12.3.1/../../../../arm-none-eabi/lib/thumb/v7-m/nofp/crt0.o (exit)
D:/ST/STM32CubeIDE_1.17.0/STM32CubeIDE/plugins/com.st.stm32cube.ide.mcu.externaltools.gnu-tools-for-stm32.12.3.rel1.win32_1.1.0.202410251130/tools/bin/../lib/gcc/arm-none-eabi/12.3.1/../../../../arm-none-eabi/lib/thumb/v7-m/nofp\libc_nano.a(libc_a-malloc.o)
                              ./Core/Src/HMI.o (malloc)
D:/ST/STM32CubeIDE_1.17.0/STM32CubeIDE/plugins/com.st.stm32cube.ide.mcu.externaltools.gnu-tools-for-stm32.12.3.rel1.win32_1.1.0.202410251130/tools/bin/../lib/gcc/arm-none-eabi/12.3.1/../../../../arm-none-eabi/lib/thumb/v7-m/nofp\libc_nano.a(libc_a-mallocr.o)
                              D:/ST/STM32CubeIDE_1.17.0/STM32CubeIDE/plugins/com.st.stm32cube.ide.mcu.externaltools.gnu-tools-for-stm32.12.3.rel1.win32_1.1.0.202410251130/tools/bin/../lib/gcc/arm-none-eabi/12.3.1/../../../../arm-none-eabi/lib/thumb/v7-m/nofp\libc_nano.a(libc_a-malloc.o) (_malloc_r)
D:/ST/STM32CubeIDE_1.17.0/STM32CubeIDE/plugins/com.st.stm32cube.ide.mcu.externaltools.gnu-tools-for-stm32.12.3.rel1.win32_1.1.0.202410251130/tools/bin/../lib/gcc/arm-none-eabi/12.3.1/../../../../arm-none-eabi/lib/thumb/v7-m/nofp\libc_nano.a(libc_a-mlock.o)
                              D:/ST/STM32CubeIDE_1.17.0/STM32CubeIDE/plugins/com.st.stm32cube.ide.mcu.externaltools.gnu-tools-for-stm32.12.3.rel1.win32_1.1.0.202410251130/tools/bin/../lib/gcc/arm-none-eabi/12.3.1/../../../../arm-none-eabi/lib/thumb/v7-m/nofp\libc_nano.a(libc_a-mallocr.o) (__malloc_lock)
D:/ST/STM32CubeIDE_1.17.0/STM32CubeIDE/plugins/com.st.stm32cube.ide.mcu.externaltools.gnu-tools-for-stm32.12.3.rel1.win32_1.1.0.202410251130/tools/bin/../lib/gcc/arm-none-eabi/12.3.1/../../../../arm-none-eabi/lib/thumb/v7-m/nofp\libc_nano.a(libc_a-strtod.o)
                              D:/ST/STM32CubeIDE_1.17.0/STM32CubeIDE/plugins/com.st.stm32cube.ide.mcu.externaltools.gnu-tools-for-stm32.12.3.rel1.win32_1.1.0.202410251130/tools/bin/../lib/gcc/arm-none-eabi/12.3.1/../../../../arm-none-eabi/lib/thumb/v7-m/nofp\libc_nano.a(libc_a-atof.o) (strtod)
D:/ST/STM32CubeIDE_1.17.0/STM32CubeIDE/plugins/com.st.stm32cube.ide.mcu.externaltools.gnu-tools-for-stm32.12.3.rel1.win32_1.1.0.202410251130/tools/bin/../lib/gcc/arm-none-eabi/12.3.1/../../../../arm-none-eabi/lib/thumb/v7-m/nofp\libc_nano.a(libc_a-strtol.o)
                              D:/ST/STM32CubeIDE_1.17.0/STM32CubeIDE/plugins/com.st.stm32cube.ide.mcu.externaltools.gnu-tools-for-stm32.12.3.rel1.win32_1.1.0.202410251130/tools/bin/../lib/gcc/arm-none-eabi/12.3.1/../../../../arm-none-eabi/lib/thumb/v7-m/nofp\libc_nano.a(libc_a-atoi.o) (_strtol_r)
D:/ST/STM32CubeIDE_1.17.0/STM32CubeIDE/plugins/com.st.stm32cube.ide.mcu.externaltools.gnu-tools-for-stm32.12.3.rel1.win32_1.1.0.202410251130/tools/bin/../lib/gcc/arm-none-eabi/12.3.1/../../../../arm-none-eabi/lib/thumb/v7-m/nofp\libc_nano.a(libc_a-ctype_.o)
                              D:/ST/STM32CubeIDE_1.17.0/STM32CubeIDE/plugins/com.st.stm32cube.ide.mcu.externaltools.gnu-tools-for-stm32.12.3.rel1.win32_1.1.0.202410251130/tools/bin/../lib/gcc/arm-none-eabi/12.3.1/../../../../arm-none-eabi/lib/thumb/v7-m/nofp\libc_nano.a(libc_a-strtol.o) (_ctype_)
D:/ST/STM32CubeIDE_1.17.0/STM32CubeIDE/plugins/com.st.stm32cube.ide.mcu.externaltools.gnu-tools-for-stm32.12.3.rel1.win32_1.1.0.202410251130/tools/bin/../lib/gcc/arm-none-eabi/12.3.1/../../../../arm-none-eabi/lib/thumb/v7-m/nofp\libc_nano.a(libc_a-nano-vfprintf_float.o)
                              (_printf_float)
D:/ST/STM32CubeIDE_1.17.0/STM32CubeIDE/plugins/com.st.stm32cube.ide.mcu.externaltools.gnu-tools-for-stm32.12.3.rel1.win32_1.1.0.202410251130/tools/bin/../lib/gcc/arm-none-eabi/12.3.1/../../../../arm-none-eabi/lib/thumb/v7-m/nofp\libc_nano.a(libc_a-nano-vfprintf_i.o)
[...]
Memory Configuration

Name             Origin             Length             Attributes
RAM              0x20000000         0x00005000         xrw
FLASH            0x08000000         0x00010000         xr
*default*        0x00000000         0xffffffff

Linker script and memory map

LOAD D:/ST/STM32CubeIDE_1.17.0/STM32CubeIDE/plugins/com.st.stm32cube.ide.mcu.externaltools.gnu-tools-for-stm32.12.3.rel1.win32_1.1.0.202410251130/tools/bin/../lib/gcc/arm-none-eabi/12.3.1/thumb/v7-m/nofp/crti.o
LOAD D:/ST/STM32CubeIDE_1.17.0/STM32CubeIDE/plugins/com.st.stm32cube.ide.mcu.externaltools.gnu-tools-for-stm32.12.3.rel1.win32_1.1.0.202410251130/tools/bin/../lib/gcc/arm-none-eabi/12.3.1/thumb/v7-m/nofp/crtbegin.o
LOAD D:/ST/STM32CubeIDE_1.17.0/STM32CubeIDE/plugins/com.st.stm32cube.ide.mcu.externaltools.gnu-tools-for-stm32.12.3.rel1.win32_1.1.0.202410251130/tools/bin/../lib/gcc/arm-none-eabi/12.3.1/../../../../arm-none-eabi/lib/thumb/v7-m/nofp/crt0.o
LOAD ./Core/Src/AD24C02.o
LOAD ./Core/Src/GPS.o
LOAD ./Core/Src/HMI.o
LOAD ./Core/Src/SD_APP.o
LOAD ./Core/Src/SPI_SD.o
LOAD ./Core/Src/adc.o
LOAD ./Core/Src/battery_show.o
LOAD ./Core/Src/buzzer.o
LOAD ./Core/Src/diskio.o
LOAD ./Core/Src/dma.o
LOAD ./Core/Src/dosage.o
LOAD ./Core/Src/ff.o
LOAD ./Core/Src/ffsystem.o
LOAD ./Core/Src/ffunicode.o
LOAD ./Core/Src/gas_press_clc.o
LOAD ./Core/Src/gpio.o
LOAD ./Core/Src/i2c_soft.o
LOAD ./Core/Src/key.o
LOAD ./Core/Src/main.o
LOAD ./Core/Src/motor.o
LOAD ./Core/Src/spi.o
LOAD ./Core/Src/stm32f1xx_hal_msp.o
LOAD ./Core/Src/stm32f1xx_it.o
LOAD ./Core/Src/syscalls.o
LOAD ./Core/Src/sysmem.o
LOAD ./Core/Src/system_stm32f1xx.o
LOAD ./Core/Src/tim.o
LOAD ./Core/Src/usart.o
LOAD ./Core/Startup/startup_stm32f103c8tx.o
LOAD ./Drivers/STM32F1xx_HAL_Driver/Src/stm32f1xx_hal.o
LOAD ./Drivers/STM32F1xx_HAL_Driver/Src/stm32f1xx_hal_adc.o
LOAD ./Drivers/STM32F1xx_HAL_Driver/Src/stm32f1xx_hal_adc_ex.o
LOAD ./Drivers/STM32F1xx_HAL_Driver/Src/stm32f1xx_hal_cortex.o
LOAD ./Drivers/STM32F1xx_HAL_Driver/Src/stm32f1xx_hal_dma.o
LOAD ./Drivers/STM32F1xx_HAL_Driver/Src/stm32f1xx_hal_exti.o
LOAD ./Drivers/STM32F1xx_HAL_Driver/Src/stm32f1xx_hal_flash.o
LOAD ./Drivers/STM32F1xx_HAL_Driver/Src/stm32f1xx_hal_flash_ex.o
LOAD ./Drivers/STM32F1xx_HAL_Driver/Src/stm32f1xx_hal_gpio.o
LOAD ./Drivers/STM32F1xx_HAL_Driver/Src/stm32f1xx_hal_gpio_ex.o
LOAD ./Drivers/STM32F1xx_HAL_Driver/Src/stm32f1xx_hal_pwr.o
LOAD ./Drivers/STM32F1xx_HAL_Driver/Src/stm32f1xx_hal_rcc.o
LOAD ./Drivers/STM32F1xx_HAL_Driver/Src/stm32f1xx_hal_rcc_ex.o
LOAD ./Drivers/STM32F1xx_HAL_Driver/Src/stm32f1xx_hal_spi.o
LOAD ./Drivers/STM32F1xx_HAL_Driver/Src/stm32f1xx_hal_tim.o
LOAD ./Drivers/STM32F1xx_HAL_Driver/Src/stm32f1xx_hal_tim_ex.o
LOAD ./Drivers/STM32F1xx_HAL_Driver/Src/stm32f1xx_hal_uart.o
START GROUP
LOAD D:/ST/STM32CubeIDE_1.17.0/STM32CubeIDE/plugins/com.st.stm32cube.ide.mcu.externaltools.gnu-tools-for-stm32.12.3.rel1.win32_1.1.0.202410251130/tools/bin/../lib/gcc/arm-none-eabi/12.3.1/../../../../arm-none-eabi/lib/thumb/v7-m/nofp\libc_nano.a
LOAD D:/ST/STM32CubeIDE_1.17.0/STM32CubeIDE/plugins/com.st.stm32cube.ide.mcu.externaltools.gnu-tools-for-stm32.12.3.rel1.win32_1.1.0.202410251130/tools/bin/../lib/gcc/arm-none-eabi/12.3.1/../../../../arm-none-eabi/lib/thumb/v7-m/nofp\libm.a
END GROUP
START GROUP
LOAD D:/ST/STM32CubeIDE_1.17.0/STM32CubeIDE/plugins/com.st.stm32cube.ide.mcu.externaltools.gnu-tools-for-stm32.12.3.rel1.win32_1.1.0.202410251130/tools/bin/../lib/gcc/arm-none-eabi/12.3.1/thumb/v7-m/nofp\libgcc.a
LOAD D:/ST/STM32CubeIDE_1.17.0/STM32CubeIDE/plugins/com.st.stm32cube.ide.mcu.externaltools.gnu-tools-for-stm32.12.3.rel1.win32_1.1.0.202410251130/tools/bin/../lib/gcc/arm-none-eabi/12.3.1/../../../../arm-none-eabi/lib/thumb/v7-m/nofp\libc_nano.a
END GROUP
START GROUP
LOAD D:/ST/STM32CubeIDE_1.17.0/STM32CubeIDE/plugins/com.st.stm32cube.ide.mcu.externaltools.gnu-tools-for-stm32.12.3.rel1.win32_1.1.0.202410251130/tools/bin/../lib/gcc/arm-none-eabi/12.3.1/thumb/v7-m/nofp\libgcc.a
LOAD D:/ST/STM32CubeIDE_1.17.0/STM32CubeIDE/plugins/com.st.stm32cube.ide.mcu.externaltools.gnu-tools-for-stm32.12.3.rel1.win32_1.1.0.202410251130/tools/bin/../lib/gcc/arm-none-eabi/12.3.1/../../../../arm-none-eabi/lib/thumb/v7-m/nofp\libc_nano.a
LOAD D:/ST/STM32CubeIDE_1.17.0/STM32CubeIDE/plugins/com.st.stm32cube.ide.mcu.externaltools.gnu-tools-for-stm32.12.3.rel1.win32_1.1.0.202410251130/tools/bin/../lib/gcc/arm-none-eabi/12.3.1/../../../../arm-none-eabi/lib/thumb/v7-m/nofp\libnosys.a
END GROUP
START GROUP
LOAD D:/ST/STM32CubeIDE_1.17.0/STM32CubeIDE/plugins/com.st.stm32cube.ide.mcu.externaltools.gnu-tools-for-stm32.12.3.rel1.win32_1.1.0.202410251130/tools/bin/../lib/gcc/arm-none-eabi/12.3.1/thumb/v7-m/nofp\libgcc.a
LOAD D:/ST/STM32CubeIDE_1.17.0/STM32CubeIDE/plugins/com.st.stm32cube.ide.mcu.externaltools.gnu-tools-for-stm32.12.3.rel1.win32_1.1.0.202410251130/tools/bin/../lib/gcc/arm-none-eabi/12.3.1/../../../../arm-none-eabi/lib/thumb/v7-m/nofp\libc_nano.a
LOAD D:/ST/STM32CubeIDE_1.17.0/STM32CubeIDE/plugins/com.st.stm32cube.ide.mcu.externaltools.gnu-tools-for-stm32.12.3.rel1.win32_1.1.0.202410251130/tools/bin/../lib/gcc/arm-none-eabi/12.3.1/../../../../arm-none-eabi/lib/thumb/v7-m/nofp\libnosys.a
END GROUP
LOAD D:/ST/STM32CubeIDE_1.17.0/STM32CubeIDE/plugins/com.st.stm32cube.ide.mcu.externaltools.gnu-tools-for-stm32.12.3.rel1.win32_1.1.0.202410251130/tools/bin/../lib/gcc/arm-none-eabi/12.3.1/thumb/v7-m/nofp/crtend.o
LOAD D:/ST/STM32CubeIDE_1.17.0/STM32CubeIDE/plugins/com.st.stm32cube.ide.mcu.externaltools.gnu-tools-for-stm32.12.3.rel1.win32_1.1.0.202410251130/tools/bin/../lib/gcc/arm-none-eabi/12.3.1/thumb/v7-m/nofp/crtn.o
                0x20005000                        _estack = (ORIGIN (RAM) + LENGTH (RAM))
                0x00001000                        _Min_Heap_Size = 0x1000
                0x00000400                        _Min_Stack_Size = 0x400

.isr_vector     0x08000000      0x10c
                0x08000000                        . = ALIGN (0x4)
 *(.isr_vector)
 .isr_vector    0x08000000      0x10c ./Core/Startup/startup_stm32f103c8tx.o
                0x08000000                g_pfnVectors
                0x0800010c                        . = ALIGN (0x4)

.text           0x08000110     0xee2c
                0x08000110                        . = ALIGN (0x4)
 *(.text)
 .text          0x08000110       0x40 D:/ST/STM32CubeIDE_1.17.0/STM32CubeIDE/plugins/com.st.stm32cube.ide.mcu.externaltools.gnu-tools-for-stm32.12.3.rel1.win32_1.1.0.202410251130/tools/bin/../lib/gcc/arm-none-eabi/12.3.1/thumb/v7-m/nofp/crtbegin.o
 .text          0x08000150       0x14 D:/ST/STM32CubeIDE_1.17.0/STM32CubeIDE/plugins/com.st.stm32cube.ide.mcu.externaltools.gnu-tools-for-stm32.12.3.rel1.win32_1.1.0.202410251130/tools/bin/../lib/gcc/arm-none-eabi/12.3.1/../../../../arm-none-eabi/lib/thumb/v7-m/nofp\libc_nano.a(libc_a-strcmp.o)
                0x08000150                strcmp
 .text          0x08000164       0x10 D:/ST/STM32CubeIDE_1.17.0/STM32CubeIDE/plugins/com.st.stm32cube.ide.mcu.externaltools.gnu-tools-for-stm32.12.3.rel1.win32_1.1.0.202410251130/tools/bin/../lib/gcc/arm-none-eabi/12.3.1/../../../../arm-none-eabi/lib/thumb/v7-m/nofp\libc_nano.a(libc_a-strlen.o)
                0x08000164                strlen
 .text          0x08000174      0x378 D:/ST/STM32CubeIDE_1.17.0/STM32CubeIDE/plugins/com.st.stm32cube.ide.mcu.externaltools.gnu-tools-for-stm32.12.3.rel1.win32_1.1.0.202410251130/tools/bin/../lib/gcc/arm-none-eabi/12.3.1/thumb/v7-m/nofp\libgcc.a(_arm_addsubdf3.o)
                0x08000174                __aeabi_drsub
                0x0800017c                __aeabi_dsub
                0x0800017c                __subdf3
                0x08000180                __aeabi_dadd
                0x08000180                __adddf3
                0x080003f8                __floatunsidf
                0x080003f8                __aeabi_ui2d
                0x08000418                __floatsidf
                0x08000418                __aeabi_i2d
                0x0800043c                __aeabi_f2d
                0x0800043c                __extendsfdf2
                0x08000480                __floatundidf
                0x08000480                __aeabi_ul2d
                0x08000490                __floatdidf
                0x08000490                __aeabi_l2d
 .text          0x080004ec      0x424 D:/ST/STM32CubeIDE_1.17.0/STM32CubeIDE/plugins/com.st.stm32cube.ide.mcu.externaltools.gnu-tools-for-stm32.12.3.rel1.win32_1.1.0.202410251130/tools/bin/../lib/gcc/arm-none-eabi/12.3.1/thumb/v7-m/nofp\libgcc.a(_arm_muldivdf3.o)
                0x080004ec                __aeabi_dmul
                0x080004ec                __muldf3
                0x08000740                __divdf3
                0x08000740                __aeabi_ddiv
 .text          0x08000910      0x110 D:/ST/STM32CubeIDE_1.17.0/STM32CubeIDE/plugins/com.st.stm32cube.ide.mcu.externaltools.gnu-tools-for-stm32.12.3.rel1.win32_1.1.0.202410251130/tools/bin/../lib/gcc/arm-none-eabi/12.3.1/thumb/v7-m/nofp\libgcc.a(_arm_cmpdf2.o)
                0x08000910                __gtdf2
                0x08000910                __gedf2
                0x08000918                __ltdf2
                0x08000918                __ledf2
                0x08000920                __nedf2
                0x08000920                __eqdf2
                0x08000920                __cmpdf2
                0x0800099c                __aeabi_cdrcmple
                0x080009ac                __aeabi_cdcmpeq
                0x080009ac                __aeabi_cdcmple
                0x080009bc                __aeabi_dcmpeq
                0x080009d0                __aeabi_dcmplt
                0x080009e4                __aeabi_dcmple
                0x080009f8                __aeabi_dcmpge
                0x08000a0c                __aeabi_dcmpgt
 .text          0x08000a20       0x2c D:/ST/STM32CubeIDE_1.17.0/STM32CubeIDE/plugins/com.st.stm32cube.ide.mcu.externaltools.gnu-tools-for-stm32.12.3.rel1.win32_1.1.0.202410251130/tools/bin/../lib/gcc/arm-none-eabi/12.3.1/thumb/v7-m/nofp\libgcc.a(_arm_unorddf2.o)
                0x08000a20                __unorddf2
                0x08000a20                __aeabi_dcmpun
 .text          0x08000a4c       0x50 D:/ST/STM32CubeIDE_1.17.0/STM32CubeIDE/plugins/com.st.stm32cube.ide.mcu.externaltools.gnu-tools-for-stm32.12.3.rel1.win32_1.1.0.202410251130/tools/bin/../lib/gcc/arm-none-eabi/12.3.1/thumb/v7-m/nofp\libgcc.a(_arm_fixdfsi.o)
                0x08000a4c                __aeabi_d2iz
                0x08000a4c                __fixdfsi
 .text          0x08000a9c       0x40 D:/ST/STM32CubeIDE_1.17.0/STM32CubeIDE/plugins/com.st.stm32cube.ide.mcu.externaltools.gnu-tools-for-stm32.12.3.rel1.win32_1.1.0.202410251130/tools/bin/../lib/gcc/arm-none-eabi/12.3.1/thumb/v7-m/nofp\libgcc.a(_arm_fixunsdfsi.o)
                0x08000a9c                __aeabi_d2uiz
                0x08000a9c                __fixunsdfsi
 .text          0x08000adc       0xa0 D:/ST/STM32CubeIDE_1.17.0/STM32CubeIDE/plugins/com.st.stm32cube.ide.mcu.externaltools.gnu-tools-for-stm32.12.3.rel1.win32_1.1.0.202410251130/tools/bin/../lib/gcc/arm-none-eabi/12.3.1/thumb/v7-m/nofp\libgcc.a(_arm_truncdfsf2.o)
                0x08000adc                __truncdfsf2
                0x08000adc                __aeabi_d2f
 .text          0x08000b7c      0x21c D:/ST/STM32CubeIDE_1.17.0/STM32CubeIDE/plugins/com.st.stm32cube.ide.mcu.externaltools.gnu-tools-for-stm32.12.3.rel1.win32_1.1.0.202410251130/tools/bin/../lib/gcc/arm-none-eabi/12.3.1/thumb/v7-m/nofp\libgcc.a(_arm_addsubsf3.o)
                0x08000b7c                __aeabi_frsub
                0x08000b84                __subsf3
                0x08000b84                __aeabi_fsub
                0x08000b88                __aeabi_fadd
                0x08000b88                __addsf3
                0x08000ce8                __aeabi_ui2f
                0x08000ce8                __floatunsisf
                0x08000cf0                __aeabi_i2f
                0x08000cf0                __floatsisf
                0x08000d0c                __aeabi_ul2f
                0x08000d0c                __floatundisf
                0x08000d1c                __aeabi_l2f
                0x08000d1c                __floatdisf
 .text          0x08000d98       0xec D:/ST/STM32CubeIDE_1.17.0/STM32CubeIDE/plugins/com.st.stm32cube.ide.mcu.externaltools.gnu-tools-for-stm32.12.3.rel1.win32_1.1.0.202410251130/tools/bin/../lib/gcc/arm-none-eabi/12.3.1/thumb/v7-m/nofp\libgcc.a(_arm_cmpsf2.o)
                0x08000d98                __gesf2
                0x08000d98                __gtsf2
                0x08000da0                __lesf2
                0x08000da0                __ltsf2
                0x08000da8                __nesf2
                0x08000da8                __eqsf2
                0x08000da8                __cmpsf2
                0x08000e08                __aeabi_cfrcmple
                0x08000e10                __aeabi_cfcmpeq
                0x08000e10                __aeabi_cfcmple
                0x08000e20                __aeabi_fcmpeq
                0x08000e34                __aeabi_fcmplt
                0x08000e48                __aeabi_fcmple
                0x08000e5c                __aeabi_fcmpge
                0x08000e70                __aeabi_fcmpgt
 .text          0x08000e84       0x30 D:/ST/STM32CubeIDE_1.17.0/STM32CubeIDE/plugins/com.st.stm32cube.ide.mcu.externaltools.gnu-tools-for-stm32.12.3.rel1.win32_1.1.0.202410251130/tools/bin/../lib/gcc/arm-none-eabi/12.3.1/thumb/v7-m/nofp\libgcc.a(_aeabi_uldivmod.o)
                0x08000e84                __aeabi_uldivmod
 .text          0x08000eb4       0x30 D:/ST/STM32CubeIDE_1.17.0/STM32CubeIDE/plugins/com.st.stm32cube.ide.mcu.externaltools.gnu-tools-for-stm32.12.3.rel1.win32_1.1.0.202410251130/tools/bin/../lib/gcc/arm-none-eabi/12.3.1/thumb/v7-m/nofp\libgcc.a(_fixdfdi.o)
                0x08000eb4                __fixdfdi
                0x08000eb4                __aeabi_d2lz
 .text          0x08000ee4       0x3c D:/ST/STM32CubeIDE_1.17.0/STM32CubeIDE/plugins/com.st.stm32cube.ide.mcu.externaltools.gnu-tools-for-stm32.12.3.rel1.win32_1.1.0.202410251130/tools/bin/../lib/gcc/arm-none-eabi/12.3.1/thumb/v7-m/nofp\libgcc.a(_fixunsdfdi.o)
                0x08000ee4                __fixunsdfdi
                0x08000ee4                __aeabi_d2ulz
 .text          0x08000f20      0x2b8 D:/ST/STM32CubeIDE_1.17.0/STM32CubeIDE/plugins/com.st.stm32cube.ide.mcu.externaltools.gnu-tools-for-stm32.12.3.rel1.win32_1.1.0.202410251130/tools/bin/../lib/gcc/arm-none-eabi/12.3.1/thumb/v7-m/nofp\libgcc.a(_udivmoddi4.o)
                0x08000f20                __udivmoddi4
 .text          0x080011d8        0x4 D:/ST/STM32CubeIDE_1.17.0/STM32CubeIDE/plugins/com.st.stm32cube.ide.mcu.externaltools.gnu-tools-for-stm32.12.3.rel1.win32_1.1.0.202410251130/tools/bin/../lib/gcc/arm-none-eabi/12.3.1/thumb/v7-m/nofp\libgcc.a(_dvmd_tls.o)
                0x080011d8                __aeabi_idiv0
                0x080011d8                __aeabi_ldiv0
 *(.text*)
 .text.AD24C02_Write2Byte
                0x080011dc       0x22 ./Core/Src/AD24C02.o
                0x080011dc                AD24C02_Write2Byte
 .text.AD24C02_Read2Byte
                0x080011fe       0x22 ./Core/Src/AD24C02.o
                0x080011fe                AD24C02_Read2Byte
 .text.READOUT_SAVE_DATA
                0x08001220       0x84 ./Core/Src/AD24C02.o
                0x08001220                READOUT_SAVE_DATA
 .text.AD24C02_DataCheck
                0x080012a4       0x58 ./Core/Src/AD24C02.o
                0x080012a4                AD24C02_DataCheck
 .text.__io_putchar
                0x080012fc       0x20 ./Core/Src/GPS.o
                0x080012fc                __io_putchar
 .text.process_gps_data
                0x0800131c      0x1d0 ./Core/Src/GPS.o
                0x0800131c                process_gps_data
 .text.Format_GPS_Date
                0x080014ec       0xb8 ./Core/Src/GPS.o
                0x080014ec                Format_GPS_Date
 .text.Format_GPS_Time
                0x080015a4       0x90 ./Core/Src/GPS.o
                0x080015a4                Format_GPS_Time
 .text.Format_FileName_Date
                0x08001634       0xa8 ./Core/Src/GPS.o
                0x08001634                Format_FileName_Date
 .text.FormatLongitude
                0x080016dc       0x54 ./Core/Src/GPS.o
                0x080016dc                FormatLongitude
 .text.FormatLatitude
                0x08001730       0x5c ./Core/Src/GPS.o
                0x08001730                FormatLatitude
 .text.FormatAltitude
                0x0800178c       0x20 ./Core/Src/GPS.o
                0x0800178c                FormatAltitude
 .text.HMI_init
                0x080017ac       0x94 ./Core/Src/HMI.o
                0x080017ac                HMI_init
 .text.Send_To_HMI
                0x08001840       0x24 ./Core/Src/HMI.o
                0x08001840                Send_To_HMI
 .text.Clear_HMI_Item
                0x08001864       0x20 ./Core/Src/HMI.o
                0x08001864                Clear_HMI_Item
 .text.Back_to_MainPage
                0x08001884       0x78 ./Core/Src/HMI.o
                0x08001884                Back_to_MainPage
 .text.Refresh_Display
                0x080018fc       0x84 ./Core/Src/HMI.o
                0x080018fc                Refresh_Display
 .text.Cache_File_List
                0x08001980       0xc8 ./Core/Src/HMI.o
                0x08001980                Cache_File_List
 .text.delete_file
                0x08001a48       0x18 ./Core/Src/HMI.o
                0x08001a48                delete_file
 .text.page_turning
                0x08001a60       0x54 ./Core/Src/HMI.o
                0x08001a60                page_turning
 .text.On_Delete_Key_Pressed
                0x08001ab4      0x12c ./Core/Src/HMI.o
                0x08001ab4                On_Delete_Key_Pressed
 .text.sendFile_key_pressed
                0x08001be0      0x178 ./Core/Src/HMI.o
                0x08001be0                sendFile_key_pressed
 .text.scroll_focus_line
                0x08001d58       0x68 ./Core/Src/HMI.o
                0x08001d58                scroll_focus_line
 .text.f_write_retry
                0x08001dc0       0x40 ./Core/Src/SD_APP.o
                0x08001dc0                f_write_retry
 .text.SD_FS_Init
                0x08001e00       0x48 ./Core/Src/SD_APP.o
                0x08001e00                SD_FS_Init
 .text.SDCard_InsertCheck
                0x08001e48       0x24 ./Core/Src/SD_APP.o
                0x08001e48                SDCard_InsertCheck
 .text.check_file_exists
                0x08001e6c       0x10 ./Core/Src/SD_APP.o
                0x08001e6c                check_file_exists
 .text.CSV_sheet_Init
                0x08001e7c       0xe4 ./Core/Src/SD_APP.o
                0x08001e7c                CSV_sheet_Init
 .text.SDCard_Write_log
                0x08001f60      0x45c ./Core/Src/SD_APP.o
                0x08001f60                SDCard_Write_log
 .text.SD_WriteByte
                0x080023bc       0x28 ./Core/Src/SPI_SD.o
                0x080023bc                SD_WriteByte
 .text.SD_SendCmd
                0x080023e4       0x3a ./Core/Src/SPI_SD.o
                0x080023e4                SD_SendCmd
 .text.SD_ReadByte
                0x0800241e        0x6 ./Core/Src/SPI_SD.o
                0x0800241e                SD_ReadByte
 .text.SD_GetDataResponse
                0x08002424       0x28 ./Core/Src/SPI_SD.o
                0x08002424                SD_GetDataResponse
 .text.SD_GetResponse
                0x0800244c       0x22 ./Core/Src/SPI_SD.o
                0x0800244c                SD_GetResponse
 *fill*         0x0800246e        0x2 
 .text.SD_GoIdleState
                0x08002470       0x3c ./Core/Src/SPI_SD.o
                0x08002470                SD_GoIdleState
 .text.SD_ReadMultiBlocks
                0x080024ac       0xa0 ./Core/Src/SPI_SD.o
                0x080024ac                SD_ReadMultiBlocks
 .text.SD_WriteMultiBlocks
                0x0800254c       0xa4 ./Core/Src/SPI_SD.o
                0x0800254c                SD_WriteMultiBlocks
 .text.SD_GetCSDRegister
                0x080025f0      0x1f8 ./Core/Src/SPI_SD.o
                0x080025f0                SD_GetCSDRegister
 .text.SD_GetCIDRegister
                0x080027e8      0x110 ./Core/Src/SPI_SD.o
                0x080027e8                SD_GetCIDRegister
 .text.SD_GetCardInfo
                0x080028f8       0x64 ./Core/Src/SPI_SD.o
                0x080028f8                SD_GetCardInfo
 .text.SD_GetCardType
                0x0800295c      0x160 ./Core/Src/SPI_SD.o
                0x0800295c                SD_GetCardType
 .text.SD_Init  0x08002abc       0x40 ./Core/Src/SPI_SD.o
                0x08002abc                SD_Init
 .text.MX_ADC1_Init
                0x08002afc       0x98 ./Core/Src/adc.o
                0x08002afc                MX_ADC1_Init
 .text.HAL_ADC_MspInit
                0x08002b94       0xc8 ./Core/Src/adc.o
                0x08002b94                HAL_ADC_MspInit
 .text.HAL_ADC_ConvCpltCallback
                0x08002c5c       0xa4 ./Core/Src/adc.o
                0x08002c5c                HAL_ADC_ConvCpltCallback
 .text.refresh_bat_vlt
                0x08002d00      0x13c ./Core/Src/battery_show.o
                0x08002d00                refresh_bat_vlt
 .text.Buzzer   0x08002e3c       0x2c ./Core/Src/buzzer.o
                0x08002e3c                Buzzer
 .text.disk_status
                0x08002e68        0x8 ./Core/Src/diskio.o
                0x08002e68                disk_status
 .text.disk_initialize
                0x08002e70       0x14 ./Core/Src/diskio.o
                0x08002e70                disk_initialize
 .text.disk_read
                0x08002e84       0x2a ./Core/Src/diskio.o
                0x08002e84                disk_read
 .text.disk_write
                0x08002eae       0x2a ./Core/Src/diskio.o
                0x08002eae                disk_write
 .text.disk_ioctl
                0x08002ed8       0x40 ./Core/Src/diskio.o
                0x08002ed8                disk_ioctl
 .text.MX_DMA_Init
                0x08002f18       0x40 ./Core/Src/dma.o
                0x08002f18                MX_DMA_Init
 .text.Set_Dosage
                0x08002f58      0x124 ./Core/Src/dosage.o
                0x08002f58                Set_Dosage
 .text.Refresh_counter
                0x0800307c       0x80 ./Core/Src/dosage.o
                0x0800307c                Refresh_counter
 .text.Refresh_Dosage
                0x080030fc       0x48 ./Core/Src/dosage.o
                0x080030fc                Refresh_Dosage
 .text.ld_dword
                0x08003144        0x4 ./Core/Src/ff.o
 .text.ld_qword
                0x08003148        0x8 ./Core/Src/ff.o
 .text.st_dword
                0x08003150       0x10 ./Core/Src/ff.o
 .text.st_qword
                0x08003160       0x1e ./Core/Src/ff.o
 *fill*         0x0800317e        0x2 
 .text.chk_share
                0x08003180       0x5c ./Core/Src/ff.o
 .text.inc_share
                0x080031dc       0x7c ./Core/Src/ff.o
 .text.dec_share
                0x08003258       0x38 ./Core/Src/ff.o
 .text.clear_share
                0x08003290       0x20 ./Core/Src/ff.o
 .text.clst2sect
                0x080032b0       0x16 ./Core/Src/ff.o
 .text.clmt_clust
                0x080032c6       0x30 ./Core/Src/ff.o
 .text.sum_sfn  0x080032f6       0x1e ./Core/Src/ff.o
 .text.xdir_sum
                0x08003314       0x2e ./Core/Src/ff.o
 .text.get_ldnumber
                0x08003342       0x3a ./Core/Src/ff.o
 .text.validate
                0x0800337c       0x34 ./Core/Src/ff.o
 .text.sync_window
                0x080033b0       0x42 ./Core/Src/ff.o
 .text.put_utf  0x080033f2       0x36 ./Core/Src/ff.o
 .text.get_fileinfo
                0x08003428      0x1a6 ./Core/Src/ff.o
 .text.xname_sum
                0x080035ce       0x30 ./Core/Src/ff.o
 .text.st_clust
                0x080035fe       0x18 ./Core/Src/ff.o
 .text.move_window
                0x08003616       0x32 ./Core/Src/ff.o
 .text.check_fs
                0x08003648       0xc4 ./Core/Src/ff.o
 .text.change_bitmap
                0x0800370c       0x7a ./Core/Src/ff.o
 .text.get_fat  0x08003786      0x12a ./Core/Src/ff.o
 .text.dir_sdi  0x080038b0       0x90 ./Core/Src/ff.o
 .text.put_fat  0x08003940       0xfc ./Core/Src/ff.o
 .text.fill_last_frag
                0x08003a3c       0x30 ./Core/Src/ff.o
 .text.fill_first_frag
                0x08003a6c       0x30 ./Core/Src/ff.o
 .text.remove_chain
                0x08003a9c       0xfe ./Core/Src/ff.o
 .text.dir_clear
                0x08003b9a       0x52 ./Core/Src/ff.o
 .text.sync_fs  0x08003bec       0xec ./Core/Src/ff.o
 .text.mount_volume
                0x08003cd8      0x3a0 ./Core/Src/ff.o
 .text.create_chain
                0x08004078      0x1ee ./Core/Src/ff.o
 .text.dir_next
                0x08004266       0xbc ./Core/Src/ff.o
 .text.dir_alloc
                0x08004322       0x50 ./Core/Src/ff.o
 .text.dir_remove
                0x08004372       0x52 ./Core/Src/ff.o
 .text.load_xdir
                0x080043c4       0xe0 ./Core/Src/ff.o
 .text.store_xdir
                0x080044a4       0x5e ./Core/Src/ff.o
 *fill*         0x08004502        0x2 
 .text.dir_read.constprop.0
                0x08004504      0x108 ./Core/Src/ff.o
 .text.dir_find
                0x0800460c      0x1c4 ./Core/Src/ff.o
 .text.dir_register
                0x080047d0      0x390 ./Core/Src/ff.o
 .text.init_alloc_info.isra.0
                0x08004b60       0x2a ./Core/Src/ff.o
 .text.ld_clust.isra.0
                0x08004b8a       0x10 ./Core/Src/ff.o
 *fill*         0x08004b9a        0x2 
 .text.follow_path
                0x08004b9c      0x2e0 ./Core/Src/ff.o
 .text.f_mount  0x08004e7c       0x54 ./Core/Src/ff.o
                0x08004e7c                f_mount
 .text.f_open   0x08004ed0      0x2e4 ./Core/Src/ff.o
                0x08004ed0                f_open
 .text.f_read   0x080051b4      0x19c ./Core/Src/ff.o
                0x080051b4                f_read
 .text.f_write  0x08005350      0x1d8 ./Core/Src/ff.o
                0x08005350                f_write
 .text.f_sync   0x08005528      0x162 ./Core/Src/ff.o
                0x08005528                f_sync
 .text.f_close  0x0800568a       0x22 ./Core/Src/ff.o
                0x0800568a                f_close
 .text.f_opendir
                0x080056ac       0xae ./Core/Src/ff.o
                0x080056ac                f_opendir
 .text.f_closedir
                0x0800575a       0x28 ./Core/Src/ff.o
                0x0800575a                f_closedir
 .text.f_readdir
                0x08005782       0x50 ./Core/Src/ff.o
                0x08005782                f_readdir
 .text.f_stat   0x080057d2       0x48 ./Core/Src/ff.o
                0x080057d2                f_stat
 .text.f_unlink
                0x0800581a       0xc6 ./Core/Src/ff.o
                0x0800581a                f_unlink
 .text.f_mkfs   0x080058e0      0xc3c ./Core/Src/ff.o
                0x080058e0                f_mkfs
 .text.f_gets   0x0800651c       0x4a ./Core/Src/ff.o
                0x0800651c                f_gets
 *fill*         0x08006566        0x2 
 .text.ff_uni2oem
                0x08006568       0x3c ./Core/Src/ffunicode.o
                0x08006568                ff_uni2oem
 .text.ff_oem2uni
                0x080065a4       0x28 ./Core/Src/ffunicode.o
                0x080065a4                ff_oem2uni
 .text.ff_wtoupper
                0x080065cc       0x90 ./Core/Src/ffunicode.o
                0x080065cc                ff_wtoupper
 *fill*         0x0800665c        0x4 
 .text.GasPrs_CLC
                0x08006660       0x5c ./Core/Src/gas_press_clc.o
                0x08006660                GasPrs_CLC
 .text.refresh_gasPrs
                0x080066bc       0x6c ./Core/Src/gas_press_clc.o
                0x080066bc                refresh_gasPrs
 .text.MX_GPIO_Init
                0x08006728      0x1b0 ./Core/Src/gpio.o
                0x08006728                MX_GPIO_Init
 .text.SDA_IN   0x080068d8       0x24 ./Core/Src/gpio.o
                0x080068d8                SDA_IN
 .text.SDA_OUT  0x080068fc       0x24 ./Core/Src/gpio.o
                0x080068fc                SDA_OUT
 .text.I2C_Start
                0x08006920       0x38 ./Core/Src/i2c_soft.o
                0x08006920                I2C_Start
 .text.I2C_Stop
                0x08006958       0x38 ./Core/Src/i2c_soft.o
                0x08006958                I2C_Stop
 .text.I2C_Ack  0x08006990       0x38 ./Core/Src/i2c_soft.o
                0x08006990                I2C_Ack
 .text.I2C_NAck
                0x080069c8       0x38 ./Core/Src/i2c_soft.o
                0x080069c8                I2C_NAck
 .text.I2C_WaitAck
                0x08006a00       0x4c ./Core/Src/i2c_soft.o
                0x08006a00                I2C_WaitAck
 .text.I2C_SendByte
                0x08006a4c       0x4c ./Core/Src/i2c_soft.o
                0x08006a4c                I2C_SendByte
 .text.I2C_ReadByte
                0x08006a98       0x4c ./Core/Src/i2c_soft.o
                0x08006a98                I2C_ReadByte
 .text.I2C_WriteData
                0x08006ae4       0x40 ./Core/Src/i2c_soft.o
                0x08006ae4                I2C_WriteData
 .text.I2C_ReadData
                0x08006b24       0x52 ./Core/Src/i2c_soft.o
                0x08006b24                I2C_ReadData
 *fill*         0x08006b76        0x2 
 .text.key_scan
                0x08006b78       0xb8 ./Core/Src/key.o
                0x08006b78                key_scan
 .text.deal_key
                0x08006c30      0x258 ./Core/Src/key.o
                0x08006c30                deal_key
 .text.HAL_GPIO_EXTI_Callback
                0x08006e88      0x11c ./Core/Src/key.o
                0x08006e88                HAL_GPIO_EXTI_Callback
 .text.SystemClock_Config
                0x08006fa4       0x7a ./Core/Src/main.o
                0x08006fa4                SystemClock_Config
 *fill*         0x0800701e        0x2 
 .text.startup.main
                0x08007020      0x264 ./Core/Src/main.o
                0x08007020                main
 .text.Error_Handler
                0x08007284        0x4 ./Core/Src/main.o
                0x08007284                Error_Handler
 .text.Motor_Forward
                0x08007288       0x30 ./Core/Src/motor.o
                0x08007288                Motor_Forward
 .text.Motor_Reverse
                0x080072b8       0x30 ./Core/Src/motor.o
                0x080072b8                Motor_Reverse
 .text.Motor_Brake
                0x080072e8       0x30 ./Core/Src/motor.o
                0x080072e8                Motor_Brake
 .text.Motor_init
                0x08007318       0x16 ./Core/Src/motor.o
                0x08007318                Motor_init
 *fill*         0x0800732e        0x2 
 .text.PAUSE_chk
                0x08007330       0xd8 ./Core/Src/motor.o
                0x08007330                PAUSE_chk
 .text.motor_Forward_Cycle
                0x08007408       0x28 ./Core/Src/motor.o
                0x08007408                motor_Forward_Cycle
 .text.motor_Reverse_Cycle
                0x08007430       0x28 ./Core/Src/motor.o
                0x08007430                motor_Reverse_Cycle
 .text.Ex_GAS_Cycle
                0x08007458       0x38 ./Core/Src/motor.o
                0x08007458                Ex_GAS_Cycle
 .text.Inject_times
                0x08007490       0x20 ./Core/Src/motor.o
                0x08007490                Inject_times
 .text.Pump_work
                0x080074b0       0x3c ./Core/Src/motor.o
                0x080074b0                Pump_work
 .text.Inject_working
                0x080074ec      0x144 ./Core/Src/motor.o
                0x080074ec                Inject_working
 .text.MX_SPI1_Init
                0x08007630       0x44 ./Core/Src/spi.o
                0x08007630                MX_SPI1_Init
 .text.HAL_SPI_MspInit
                0x08007674       0x74 ./Core/Src/spi.o
                0x08007674                HAL_SPI_MspInit
 .text.HAL_MspInit
                0x080076e8       0x44 ./Core/Src/stm32f1xx_hal_msp.o
                0x080076e8                HAL_MspInit
 .text.NMI_Handler
                0x0800772c        0x2 ./Core/Src/stm32f1xx_it.o
                0x0800772c                NMI_Handler
 .text.HardFault_Handler
                0x0800772e        0x2 ./Core/Src/stm32f1xx_it.o
                0x0800772e                HardFault_Handler
 .text.MemManage_Handler
                0x08007730        0x2 ./Core/Src/stm32f1xx_it.o
                0x08007730                MemManage_Handler
 .text.BusFault_Handler
                0x08007732        0x2 ./Core/Src/stm32f1xx_it.o
                0x08007732                BusFault_Handler
 .text.UsageFault_Handler
                0x08007734        0x2 ./Core/Src/stm32f1xx_it.o
                0x08007734                UsageFault_Handler
 .text.SVC_Handler
                0x08007736        0x2 ./Core/Src/stm32f1xx_it.o
                0x08007736                SVC_Handler
 .text.DebugMon_Handler
                0x08007738        0x2 ./Core/Src/stm32f1xx_it.o
                0x08007738                DebugMon_Handler
 .text.PendSV_Handler
                0x0800773a        0x2 ./Core/Src/stm32f1xx_it.o
                0x0800773a                PendSV_Handler
 .text.SysTick_Handler
                0x0800773c        0x4 ./Core/Src/stm32f1xx_it.o
                0x0800773c                SysTick_Handler
 .text.DMA1_Channel1_IRQHandler
                0x08007740        0xc ./Core/Src/stm32f1xx_it.o
                0x08007740                DMA1_Channel1_IRQHandler
 .text.DMA1_Channel3_IRQHandler
                0x0800774c        0xc ./Core/Src/stm32f1xx_it.o
                0x0800774c                DMA1_Channel3_IRQHandler
 .text.ADC1_2_IRQHandler
                0x08007758        0xc ./Core/Src/stm32f1xx_it.o
                0x08007758                ADC1_2_IRQHandler
 .text.TIM3_IRQHandler
                0x08007764        0xc ./Core/Src/stm32f1xx_it.o
                0x08007764                TIM3_IRQHandler
 .text.TIM4_IRQHandler
                0x08007770        0xc ./Core/Src/stm32f1xx_it.o
                0x08007770                TIM4_IRQHandler
 .text.USART2_IRQHandler
                0x0800777c        0xc ./Core/Src/stm32f1xx_it.o
                0x0800777c                USART2_IRQHandler
 .text.USART3_IRQHandler
                0x08007788        0xc ./Core/Src/stm32f1xx_it.o
                0x08007788                USART3_IRQHandler
 .text.EXTI15_10_IRQHandler
                0x08007794        0x8 ./Core/Src/stm32f1xx_it.o
                0x08007794                EXTI15_10_IRQHandler
 .text._getpid  0x0800779c        0x4 ./Core/Src/syscalls.o
                0x0800779c                _getpid
 .text._kill    0x080077a0       0x10 ./Core/Src/syscalls.o
                0x080077a0                _kill
 .text._exit    0x080077b0        0xc ./Core/Src/syscalls.o
                0x080077b0                _exit
 .text._read    0x080077bc       0x1c ./Core/Src/syscalls.o
                0x080077bc                _read
 .text._write   0x080077d8       0x1c ./Core/Src/syscalls.o
                0x080077d8                _write
 .text._close   0x080077f4        0x6 ./Core/Src/syscalls.o
                0x080077f4                _close
 .text._fstat   0x080077fa        0xa ./Core/Src/syscalls.o
                0x080077fa                _fstat
 .text._isatty  0x08007804        0x4 ./Core/Src/syscalls.o
                0x08007804                _isatty
 .text._lseek   0x08007808        0x4 ./Core/Src/syscalls.o
                0x08007808                _lseek
 .text._sbrk    0x0800780c       0x40 ./Core/Src/sysmem.o
                0x0800780c                _sbrk
 .text.SystemInit
                0x0800784c        0x2 ./Core/Src/system_stm32f1xx.o
                0x0800784c                SystemInit
 *fill*         0x0800784e        0x2 
 .text.MX_TIM3_Init
                0x08007850       0x6c ./Core/Src/tim.o
                0x08007850                MX_TIM3_Init
 .text.MX_TIM4_Init
                0x080078bc       0x6c ./Core/Src/tim.o
                0x080078bc                MX_TIM4_Init
 .text.HAL_TIM_Base_MspInit
                0x08007928       0x70 ./Core/Src/tim.o
                0x08007928                HAL_TIM_Base_MspInit
 .text.HAL_TIM_PeriodElapsedCallback
                0x08007998      0x628 ./Core/Src/tim.o
                0x08007998                HAL_TIM_PeriodElapsedCallback
 .text.MX_USART1_UART_Init
                0x08007fc0       0x38 ./Core/Src/usart.o
                0x08007fc0                MX_USART1_UART_Init
 .text.MX_USART2_UART_Init
                0x08007ff8       0x38 ./Core/Src/usart.o
                0x08007ff8                MX_USART2_UART_Init
 .text.MX_USART3_UART_Init
                0x08008030       0x38 ./Core/Src/usart.o
                0x08008030                MX_USART3_UART_Init
 .text.HAL_UART_MspInit
                0x08008068      0x17c ./Core/Src/usart.o
                0x08008068                HAL_UART_MspInit
 .text.USART1_Tx_HMIdata
                0x080081e4       0x20 ./Core/Src/usart.o
                0x080081e4                USART1_Tx_HMIdata
 .text.USART2_Tx_BLEdata
                0x08008204       0x28 ./Core/Src/usart.o
                0x08008204                USART2_Tx_BLEdata
 .text.HAL_UART_TxCpltCallback
                0x0800822c       0x28 ./Core/Src/usart.o
                0x0800822c                HAL_UART_TxCpltCallback
 .text.HAL_UART_RxCpltCallback
                0x08008254      0x134 ./Core/Src/usart.o
                0x08008254                HAL_UART_RxCpltCallback
 .text.Reset_Handler
                0x08008388       0x48 ./Core/Startup/startup_stm32f103c8tx.o
                0x08008388                Reset_Handler
 .text.Default_Handler
                0x080083d0        0x2 ./Core/Startup/startup_stm32f103c8tx.o
                0x080083d0                RTC_Alarm_IRQHandler
                0x080083d0                EXTI2_IRQHandler
                0x080083d0                TIM1_CC_IRQHandler
                0x080083d0                PVD_IRQHandler
                0x080083d0                EXTI3_IRQHandler
                0x080083d0                EXTI0_IRQHandler
                0x080083d0                I2C2_EV_IRQHandler
                0x080083d0                SPI1_IRQHandler
                0x080083d0                TAMPER_IRQHandler
                0x080083d0                DMA1_Channel4_IRQHandler
                0x080083d0                RTC_IRQHandler
                0x080083d0                DMA1_Channel7_IRQHandler
                0x080083d0                CAN1_RX1_IRQHandler
                0x080083d0                I2C1_EV_IRQHandler
                0x080083d0                DMA1_Channel6_IRQHandler
                0x080083d0                RCC_IRQHandler
                0x080083d0                TIM1_TRG_COM_IRQHandler
                0x080083d0                Default_Handler
                0x080083d0                EXTI9_5_IRQHandler
                0x080083d0                SPI2_IRQHandler
                0x080083d0                DMA1_Channel5_IRQHandler
                0x080083d0                EXTI4_IRQHandler
                0x080083d0                USB_LP_CAN1_RX0_IRQHandler
                0x080083d0                USB_HP_CAN1_TX_IRQHandler
                0x080083d0                TIM1_UP_IRQHandler
                0x080083d0                WWDG_IRQHandler
                0x080083d0                TIM2_IRQHandler
                0x080083d0                TIM1_BRK_IRQHandler
                0x080083d0                EXTI1_IRQHandler
                0x080083d0                I2C2_ER_IRQHandler
                0x080083d0                DMA1_Channel2_IRQHandler
                0x080083d0                CAN1_SCE_IRQHandler
                0x080083d0                FLASH_IRQHandler
                0x080083d0                USART1_IRQHandler
                0x080083d0                I2C1_ER_IRQHandler
                0x080083d0                USBWakeUp_IRQHandler
 *fill*         0x080083d2        0x2 
 .text.HAL_InitTick
                0x080083d4       0x48 ./Drivers/STM32F1xx_HAL_Driver/Src/stm32f1xx_hal.o
                0x080083d4                HAL_InitTick
 .text.HAL_Init
                0x0800841c       0x24 ./Drivers/STM32F1xx_HAL_Driver/Src/stm32f1xx_hal.o
                0x0800841c                HAL_Init
 .text.HAL_IncTick
                0x08008440       0x18 ./Drivers/STM32F1xx_HAL_Driver/Src/stm32f1xx_hal.o
                0x08008440                HAL_IncTick
 .text.HAL_GetTick
                0x08008458        0xc ./Drivers/STM32F1xx_HAL_Driver/Src/stm32f1xx_hal.o
                0x08008458                HAL_GetTick
 .text.HAL_Delay
                0x08008464       0x24 ./Drivers/STM32F1xx_HAL_Driver/Src/stm32f1xx_hal.o
                0x08008464                HAL_Delay
 .text.ADC_DMAConvCplt
                0x08008488       0x4e ./Drivers/STM32F1xx_HAL_Driver/Src/stm32f1xx_hal_adc.o
                0x08008488                ADC_DMAConvCplt
 .text.HAL_ADC_ConvHalfCpltCallback
                0x080084d6        0x2 ./Drivers/STM32F1xx_HAL_Driver/Src/stm32f1xx_hal_adc.o
                0x080084d6                HAL_ADC_ConvHalfCpltCallback
 .text.ADC_DMAHalfConvCplt
                0x080084d8        0xa ./Drivers/STM32F1xx_HAL_Driver/Src/stm32f1xx_hal_adc.o
                0x080084d8                ADC_DMAHalfConvCplt
 .text.HAL_ADC_LevelOutOfWindowCallback
                0x080084e2        0x2 ./Drivers/STM32F1xx_HAL_Driver/Src/stm32f1xx_hal_adc.o
                0x080084e2                HAL_ADC_LevelOutOfWindowCallback
 .text.HAL_ADC_IRQHandler
                0x080084e4       0xe2 ./Drivers/STM32F1xx_HAL_Driver/Src/stm32f1xx_hal_adc.o
                0x080084e4                HAL_ADC_IRQHandler
 .text.HAL_ADC_ErrorCallback
                0x080085c6        0x2 ./Drivers/STM32F1xx_HAL_Driver/Src/stm32f1xx_hal_adc.o
                0x080085c6                HAL_ADC_ErrorCallback
 .text.ADC_DMAError
                0x080085c8       0x1a ./Drivers/STM32F1xx_HAL_Driver/Src/stm32f1xx_hal_adc.o
                0x080085c8                ADC_DMAError
 *fill*         0x080085e2        0x2 
 .text.HAL_ADC_ConfigChannel
                0x080085e4       0xfc ./Drivers/STM32F1xx_HAL_Driver/Src/stm32f1xx_hal_adc.o
                0x080085e4                HAL_ADC_ConfigChannel
 .text.ADC_Enable
                0x080086e0       0x78 ./Drivers/STM32F1xx_HAL_Driver/Src/stm32f1xx_hal_adc.o
                0x080086e0                ADC_Enable
 .text.HAL_ADC_Start_DMA
                0x08008758      0x11c ./Drivers/STM32F1xx_HAL_Driver/Src/stm32f1xx_hal_adc.o
                0x08008758                HAL_ADC_Start_DMA
 .text.ADC_ConversionStop_Disable
                0x08008874       0x4c ./Drivers/STM32F1xx_HAL_Driver/Src/stm32f1xx_hal_adc.o
                0x08008874                ADC_ConversionStop_Disable
 .text.HAL_ADC_Init
                0x080088c0       0xfc ./Drivers/STM32F1xx_HAL_Driver/Src/stm32f1xx_hal_adc.o
                0x080088c0                HAL_ADC_Init
 .text.HAL_ADCEx_Calibration_Start
                0x080089bc       0xe0 ./Drivers/STM32F1xx_HAL_Driver/Src/stm32f1xx_hal_adc_ex.o
                0x080089bc                HAL_ADCEx_Calibration_Start
 .text.HAL_ADCEx_InjectedConvCpltCallback
                0x08008a9c        0x2 ./Drivers/STM32F1xx_HAL_Driver/Src/stm32f1xx_hal_adc_ex.o
                0x08008a9c                HAL_ADCEx_InjectedConvCpltCallback
 *fill*         0x08008a9e        0x2 
 .text.HAL_NVIC_SetPriorityGrouping
                0x08008aa0       0x24 ./Drivers/STM32F1xx_HAL_Driver/Src/stm32f1xx_hal_cortex.o
                0x08008aa0                HAL_NVIC_SetPriorityGrouping
 .text.HAL_NVIC_SetPriority
                0x08008ac4       0x60 ./Drivers/STM32F1xx_HAL_Driver/Src/stm32f1xx_hal_cortex.o
                0x08008ac4                HAL_NVIC_SetPriority
 .text.HAL_NVIC_EnableIRQ
                0x08008b24       0x1c ./Drivers/STM32F1xx_HAL_Driver/Src/stm32f1xx_hal_cortex.o
                0x08008b24                HAL_NVIC_EnableIRQ
 .text.HAL_SYSTICK_Config
                0x08008b40       0x28 ./Drivers/STM32F1xx_HAL_Driver/Src/stm32f1xx_hal_cortex.o
                0x08008b40                HAL_SYSTICK_Config
 .text.HAL_DMA_Init
                0x08008b68       0x64 ./Drivers/STM32F1xx_HAL_Driver/Src/stm32f1xx_hal_dma.o
                0x08008b68                HAL_DMA_Init
 .text.HAL_DMA_Start_IT
                0x08008bcc       0x78 ./Drivers/STM32F1xx_HAL_Driver/Src/stm32f1xx_hal_dma.o
                0x08008bcc                HAL_DMA_Start_IT
 .text.HAL_DMA_Abort
                0x08008c44       0x3e ./Drivers/STM32F1xx_HAL_Driver/Src/stm32f1xx_hal_dma.o
                0x08008c44                HAL_DMA_Abort
 *fill*         0x08008c82        0x2 
 .text.HAL_DMA_Abort_IT
                0x08008c84       0x8c ./Drivers/STM32F1xx_HAL_Driver/Src/stm32f1xx_hal_dma.o
                0x08008c84                HAL_DMA_Abort_IT
 .text.HAL_DMA_IRQHandler
                0x08008d10      0x128 ./Drivers/STM32F1xx_HAL_Driver/Src/stm32f1xx_hal_dma.o
                0x08008d10                HAL_DMA_IRQHandler
 .text.HAL_GPIO_Init
                0x08008e38      0x1b0 ./Drivers/STM32F1xx_HAL_Driver/Src/stm32f1xx_hal_gpio.o
                0x08008e38                HAL_GPIO_Init
 .text.HAL_GPIO_ReadPin
                0x08008fe8        0xc ./Drivers/STM32F1xx_HAL_Driver/Src/stm32f1xx_hal_gpio.o
                0x08008fe8                HAL_GPIO_ReadPin
 .text.HAL_GPIO_WritePin
                0x08008ff4        0xa ./Drivers/STM32F1xx_HAL_Driver/Src/stm32f1xx_hal_gpio.o
                0x08008ff4                HAL_GPIO_WritePin
 .text.HAL_GPIO_TogglePin
                0x08008ffe       0x12 ./Drivers/STM32F1xx_HAL_Driver/Src/stm32f1xx_hal_gpio.o
                0x08008ffe                HAL_GPIO_TogglePin
 .text.HAL_GPIO_EXTI_IRQHandler
                0x08009010       0x18 ./Drivers/STM32F1xx_HAL_Driver/Src/stm32f1xx_hal_gpio.o
                0x08009010                HAL_GPIO_EXTI_IRQHandler
 .text.HAL_RCC_OscConfig
                0x08009028      0x338 ./Drivers/STM32F1xx_HAL_Driver/Src/stm32f1xx_hal_rcc.o
                0x08009028                HAL_RCC_OscConfig
 .text.HAL_RCC_GetSysClockFreq
                0x08009360       0x4c ./Drivers/STM32F1xx_HAL_Driver/Src/stm32f1xx_hal_rcc.o
                0x08009360                HAL_RCC_GetSysClockFreq
 .text.HAL_RCC_ClockConfig
                0x080093ac      0x138 ./Drivers/STM32F1xx_HAL_Driver/Src/stm32f1xx_hal_rcc.o
                0x080093ac                HAL_RCC_ClockConfig
 .text.HAL_RCC_GetPCLK1Freq
                0x080094e4       0x20 ./Drivers/STM32F1xx_HAL_Driver/Src/stm32f1xx_hal_rcc.o
                0x080094e4                HAL_RCC_GetPCLK1Freq
 .text.HAL_RCC_GetPCLK2Freq
                0x08009504       0x20 ./Drivers/STM32F1xx_HAL_Driver/Src/stm32f1xx_hal_rcc.o
                0x08009504                HAL_RCC_GetPCLK2Freq
 .text.HAL_RCCEx_PeriphCLKConfig
                0x08009524       0xf4 ./Drivers/STM32F1xx_HAL_Driver/Src/stm32f1xx_hal_rcc_ex.o
                0x08009524                HAL_RCCEx_PeriphCLKConfig
 .text.HAL_RCCEx_GetPeriphCLKFreq
                0x08009618       0xbc ./Drivers/STM32F1xx_HAL_Driver/Src/stm32f1xx_hal_rcc_ex.o
                0x08009618                HAL_RCCEx_GetPeriphCLKFreq
 .text.SPI_WaitFlagStateUntilTimeout
                0x080096d4       0xb8 ./Drivers/STM32F1xx_HAL_Driver/Src/stm32f1xx_hal_spi.o
 .text.SPI_EndRxTxTransaction
                0x0800978c       0x38 ./Drivers/STM32F1xx_HAL_Driver/Src/stm32f1xx_hal_spi.o
 .text.HAL_SPI_Init
                0x080097c4       0xb0 ./Drivers/STM32F1xx_HAL_Driver/Src/stm32f1xx_hal_spi.o
                0x080097c4                HAL_SPI_Init
 .text.HAL_SPI_TransmitReceive
                0x08009874      0x1f8 ./Drivers/STM32F1xx_HAL_Driver/Src/stm32f1xx_hal_spi.o
                0x08009874                HAL_SPI_TransmitReceive
 .text.HAL_TIM_Base_Start_IT
                0x08009a6c       0x54 ./Drivers/STM32F1xx_HAL_Driver/Src/stm32f1xx_hal_tim.o
                0x08009a6c                HAL_TIM_Base_Start_IT
 .text.HAL_TIM_OC_DelayElapsedCallback
                0x08009ac0        0x2 ./Drivers/STM32F1xx_HAL_Driver/Src/stm32f1xx_hal_tim.o
                0x08009ac0                HAL_TIM_OC_DelayElapsedCallback
 .text.HAL_TIM_IC_CaptureCallback
                0x08009ac2        0x2 ./Drivers/STM32F1xx_HAL_Driver/Src/stm32f1xx_hal_tim.o
                0x08009ac2                HAL_TIM_IC_CaptureCallback
 .text.HAL_TIM_PWM_PulseFinishedCallback
                0x08009ac4        0x2 ./Drivers/STM32F1xx_HAL_Driver/Src/stm32f1xx_hal_tim.o
                0x08009ac4                HAL_TIM_PWM_PulseFinishedCallback
 .text.HAL_TIM_TriggerCallback
                0x08009ac6        0x2 ./Drivers/STM32F1xx_HAL_Driver/Src/stm32f1xx_hal_tim.o
                0x08009ac6                HAL_TIM_TriggerCallback
 .text.HAL_TIM_IRQHandler
                0x08009ac8      0x128 ./Drivers/STM32F1xx_HAL_Driver/Src/stm32f1xx_hal_tim.o
                0x08009ac8                HAL_TIM_IRQHandler
 .text.TIM_Base_SetConfig
                0x08009bf0       0x80 ./Drivers/STM32F1xx_HAL_Driver/Src/stm32f1xx_hal_tim.o
                0x08009bf0                TIM_Base_SetConfig
 .text.HAL_TIM_Base_Init
                0x08009c70       0x58 ./Drivers/STM32F1xx_HAL_Driver/Src/stm32f1xx_hal_tim.o
                0x08009c70                HAL_TIM_Base_Init
 .text.TIM_ETR_SetConfig
                0x08009cc8       0x14 ./Drivers/STM32F1xx_HAL_Driver/Src/stm32f1xx_hal_tim.o
                0x08009cc8                TIM_ETR_SetConfig
 .text.HAL_TIM_ConfigClockSource
                0x08009cdc      0x132 ./Drivers/STM32F1xx_HAL_Driver/Src/stm32f1xx_hal_tim.o
                0x08009cdc                HAL_TIM_ConfigClockSource
 *fill*         0x08009e0e        0x2 
 .text.HAL_TIMEx_MasterConfigSynchronization
                0x08009e10       0x5c ./Drivers/STM32F1xx_HAL_Driver/Src/stm32f1xx_hal_tim_ex.o
                0x08009e10                HAL_TIMEx_MasterConfigSynchronization
 .text.HAL_TIMEx_CommutCallback
                0x08009e6c        0x2 ./Drivers/STM32F1xx_HAL_Driver/Src/stm32f1xx_hal_tim_ex.o
                0x08009e6c                HAL_TIMEx_CommutCallback
 .text.HAL_TIMEx_BreakCallback
                0x08009e6e        0x2 ./Drivers/STM32F1xx_HAL_Driver/Src/stm32f1xx_hal_tim_ex.o
                0x08009e6e                HAL_TIMEx_BreakCallback
 .text.UART_EndRxTransfer
                0x08009e70       0x5c ./Drivers/STM32F1xx_HAL_Driver/Src/stm32f1xx_hal_uart.o
 .text.UART_SetConfig
                0x08009ecc       0x74 ./Drivers/STM32F1xx_HAL_Driver/Src/stm32f1xx_hal_uart.o
 .text.UART_WaitOnFlagUntilTimeout.constprop.0
                0x08009f40       0x64 ./Drivers/STM32F1xx_HAL_Driver/Src/stm32f1xx_hal_uart.o
 .text.HAL_UART_Init
                0x08009fa4       0x5e ./Drivers/STM32F1xx_HAL_Driver/Src/stm32f1xx_hal_uart.o
                0x08009fa4                HAL_UART_Init
 .text.HAL_UART_Transmit
                0x0800a002       0x9c ./Drivers/STM32F1xx_HAL_Driver/Src/stm32f1xx_hal_uart.o
                0x0800a002                HAL_UART_Transmit
 .text.HAL_UART_Transmit_IT
                0x0800a09e       0x32 ./Drivers/STM32F1xx_HAL_Driver/Src/stm32f1xx_hal_uart.o
                0x0800a09e                HAL_UART_Transmit_IT
 .text.HAL_UART_RxHalfCpltCallback
                0x0800a0d0        0x2 ./Drivers/STM32F1xx_HAL_Driver/Src/stm32f1xx_hal_uart.o
                0x0800a0d0                HAL_UART_RxHalfCpltCallback
 .text.HAL_UART_ErrorCallback
                0x0800a0d2        0x2 ./Drivers/STM32F1xx_HAL_Driver/Src/stm32f1xx_hal_uart.o
                0x0800a0d2                HAL_UART_ErrorCallback
 .text.UART_DMAError
                0x0800a0d4       0x5a ./Drivers/STM32F1xx_HAL_Driver/Src/stm32f1xx_hal_uart.o
 .text.UART_DMAAbortOnError
                0x0800a12e       0x10 ./Drivers/STM32F1xx_HAL_Driver/Src/stm32f1xx_hal_uart.o
 .text.HAL_UARTEx_RxEventCallback
                0x0800a13e        0x2 ./Drivers/STM32F1xx_HAL_Driver/Src/stm32f1xx_hal_uart.o
                0x0800a13e                HAL_UARTEx_RxEventCallback
 .text.UART_DMARxHalfCplt
                0x0800a140       0x1e ./Drivers/STM32F1xx_HAL_Driver/Src/stm32f1xx_hal_uart.o
 .text.UART_DMAReceiveCplt
                0x0800a15e       0x98 ./Drivers/STM32F1xx_HAL_Driver/Src/stm32f1xx_hal_uart.o
 .text.UART_Receive_IT.isra.0
                0x0800a1f6       0xb6 ./Drivers/STM32F1xx_HAL_Driver/Src/stm32f1xx_hal_uart.o
 .text.HAL_UART_IRQHandler
                0x0800a2ac      0x294 ./Drivers/STM32F1xx_HAL_Driver/Src/stm32f1xx_hal_uart.o
                0x0800a2ac                HAL_UART_IRQHandler
 .text.UART_Start_Receive_DMA
                0x0800a540       0x98 ./Drivers/STM32F1xx_HAL_Driver/Src/stm32f1xx_hal_uart.o
                0x0800a540                UART_Start_Receive_DMA
 .text.HAL_UART_Receive_DMA
                0x0800a5d8       0x22 ./Drivers/STM32F1xx_HAL_Driver/Src/stm32f1xx_hal_uart.o
                0x0800a5d8                HAL_UART_Receive_DMA
 .text.atof     0x0800a5fa        0x6 D:/ST/STM32CubeIDE_1.17.0/STM32CubeIDE/plugins/com.st.stm32cube.ide.mcu.externaltools.gnu-tools-for-stm32.12.3.rel1.win32_1.1.0.202410251130/tools/bin/../lib/gcc/arm-none-eabi/12.3.1/../../../../arm-none-eabi/lib/thumb/v7-m/nofp\libc_nano.a(libc_a-atof.o)
                0x0800a5fa                atof
 .text.atoi     0x0800a600        0x8 D:/ST/STM32CubeIDE_1.17.0/STM32CubeIDE/plugins/com.st.stm32cube.ide.mcu.externaltools.gnu-tools-for-stm32.12.3.rel1.win32_1.1.0.202410251130/tools/bin/../lib/gcc/arm-none-eabi/12.3.1/../../../../arm-none-eabi/lib/thumb/v7-m/nofp\libc_nano.a(libc_a-atoi.o)
                0x0800a600                atoi
 .text.malloc   0x0800a608       0x10 D:/ST/STM32CubeIDE_1.17.0/STM32CubeIDE/plugins/com.st.stm32cube.ide.mcu.externaltools.gnu-tools-for-stm32.12.3.rel1.win32_1.1.0.202410251130/tools/bin/../lib/gcc/arm-none-eabi/12.3.1/../../../../arm-none-eabi/lib/thumb/v7-m/nofp\libc_nano.a(libc_a-malloc.o)
                0x0800a608                malloc
 .text.free     0x0800a618       0x10 D:/ST/STM32CubeIDE_1.17.0/STM32CubeIDE/plugins/com.st.stm32cube.ide.mcu.externaltools.gnu-tools-for-stm32.12.3.rel1.win32_1.1.0.202410251130/tools/bin/../lib/gcc/arm-none-eabi/12.3.1/../../../../arm-none-eabi/lib/thumb/v7-m/nofp\libc_nano.a(libc_a-malloc.o)
                0x0800a618                free
 .text.sbrk_aligned
                0x0800a628       0x44 D:/ST/STM32CubeIDE_1.17.0/STM32CubeIDE/plugins/com.st.stm32cube.ide.mcu.externaltools.gnu-tools-for-stm32.12.3.rel1.win32_1.1.0.202410251130/tools/bin/../lib/gcc/arm-none-eabi/12.3.1/../../../../arm-none-eabi/lib/thumb/v7-m/nofp\libc_nano.a(libc_a-mallocr.o)
 .text._malloc_r
                0x0800a66c      0x100 D:/ST/STM32CubeIDE_1.17.0/STM32CubeIDE/plugins/com.st.stm32cube.ide.mcu.externaltools.gnu-tools-for-stm32.12.3.rel1.win32_1.1.0.202410251130/tools/bin/../lib/gcc/arm-none-eabi/12.3.1/../../../../arm-none-eabi/lib/thumb/v7-m/nofp\libc_nano.a(libc_a-mallocr.o)
                0x0800a66c                _malloc_r
 .text.__malloc_lock
                0x0800a76c        0xc D:/ST/STM32CubeIDE_1.17.0/STM32CubeIDE/plugins/com.st.stm32cube.ide.mcu.externaltools.gnu-tools-for-stm32.12.3.rel1.win32_1.1.0.202410251130/tools/bin/../lib/gcc/arm-none-eabi/12.3.1/../../../../arm-none-eabi/lib/thumb/v7-m/nofp\libc_nano.a(libc_a-mlock.o)
                0x0800a76c                __malloc_lock
 .text.__malloc_unlock
                0x0800a778        0xc D:/ST/STM32CubeIDE_1.17.0/STM32CubeIDE/plugins/com.st.stm32cube.ide.mcu.externaltools.gnu-tools-for-stm32.12.3.rel1.win32_1.1.0.202410251130/tools/bin/../lib/gcc/arm-none-eabi/12.3.1/../../../../arm-none-eabi/lib/thumb/v7-m/nofp\libc_nano.a(libc_a-mlock.o)
                0x0800a778                __malloc_unlock
 .text.sulp     0x0800a784       0x42 D:/ST/STM32CubeIDE_1.17.0/STM32CubeIDE/plugins/com.st.stm32cube.ide.mcu.externaltools.gnu-tools-for-stm32.12.3.rel1.win32_1.1.0.202410251130/tools/bin/../lib/gcc/arm-none-eabi/12.3.1/../../../../arm-none-eabi/lib/thumb/v7-m/nofp\libc_nano.a(libc_a-strtod.o)
 *fill*         0x0800a7c6        0x2 
 .text._strtod_l
                0x0800a7c8      0xbb0 D:/ST/STM32CubeIDE_1.17.0/STM32CubeIDE/plugins/com.st.stm32cube.ide.mcu.externaltools.gnu-tools-for-stm32.12.3.rel1.win32_1.1.0.202410251130/tools/bin/../lib/gcc/arm-none-eabi/12.3.1/../../../../arm-none-eabi/lib/thumb/v7-m/nofp\libc_nano.a(libc_a-strtod.o)
                0x0800a7c8                _strtod_l
 .text._strtod_r
                0x0800b378        0xc D:/ST/STM32CubeIDE_1.17.0/STM32CubeIDE/plugins/com.st.stm32cube.ide.mcu.externaltools.gnu-tools-for-stm32.12.3.rel1.win32_1.1.0.202410251130/tools/bin/../lib/gcc/arm-none-eabi/12.3.1/../../../../arm-none-eabi/lib/thumb/v7-m/nofp\libc_nano.a(libc_a-strtod.o)
                0x0800b378                _strtod_r
 .text.strtod   0x0800b384       0x18 D:/ST/STM32CubeIDE_1.17.0/STM32CubeIDE/plugins/com.st.stm32cube.ide.mcu.externaltools.gnu-tools-for-stm32.12.3.rel1.win32_1.1.0.202410251130/tools/bin/../lib/gcc/arm-none-eabi/12.3.1/../../../../arm-none-eabi/lib/thumb/v7-m/nofp\libc_nano.a(libc_a-strtod.o)
                0x0800b384                strtod
 .text._strtol_l.constprop.0
                0x0800b39c       0xf4 D:/ST/STM32CubeIDE_1.17.0/STM32CubeIDE/plugins/com.st.stm32cube.ide.mcu.externaltools.gnu-tools-for-stm32.12.3.rel1.win32_1.1.0.202410251130/tools/bin/../lib/gcc/arm-none-eabi/12.3.1/../../../../arm-none-eabi/lib/thumb/v7-m/nofp\libc_nano.a(libc_a-strtol.o)
 .text._strtol_r
                0x0800b490        0x4 D:/ST/STM32CubeIDE_1.17.0/STM32CubeIDE/plugins/com.st.stm32cube.ide.mcu.externaltools.gnu-tools-for-stm32.12.3.rel1.win32_1.1.0.202410251130/tools/bin/../lib/gcc/arm-none-eabi/12.3.1/../../../../arm-none-eabi/lib/thumb/v7-m/nofp\libc_nano.a(libc_a-strtol.o)
                0x0800b490                _strtol_r
 .text.strtol   0x0800b494       0x14 D:/ST/STM32CubeIDE_1.17.0/STM32CubeIDE/plugins/com.st.stm32cube.ide.mcu.externaltools.gnu-tools-for-stm32.12.3.rel1.win32_1.1.0.202410251130/tools/bin/../lib/gcc/arm-none-eabi/12.3.1/../../../../arm-none-eabi/lib/thumb/v7-m/nofp\libc_nano.a(libc_a-strtol.o)
                0x0800b494                strtol
 .text.__cvt    0x0800b4a8       0xc8 D:/ST/STM32CubeIDE_1.17.0/STM32CubeIDE/plugins/com.st.stm32cube.ide.mcu.externaltools.gnu-tools-for-stm32.12.3.rel1.win32_1.1.0.202410251130/tools/bin/../lib/gcc/arm-none-eabi/12.3.1/../../../../arm-none-eabi/lib/thumb/v7-m/nofp\libc_nano.a(libc_a-nano-vfprintf_float.o)
                0x0800b4a8                __cvt
 .text.__exponent
                0x0800b570       0x74 D:/ST/STM32CubeIDE_1.17.0/STM32CubeIDE/plugins/com.st.stm32cube.ide.mcu.externaltools.gnu-tools-for-stm32.12.3.rel1.win32_1.1.0.202410251130/tools/bin/../lib/gcc/arm-none-eabi/12.3.1/../../../../arm-none-eabi/lib/thumb/v7-m/nofp\libc_nano.a(libc_a-nano-vfprintf_float.o)
                0x0800b570                __exponent
 .text._printf_float
                0x0800b5e4      0x458 D:/ST/STM32CubeIDE_1.17.0/STM32CubeIDE/plugins/com.st.stm32cube.ide.mcu.externaltools.gnu-tools-for-stm32.12.3.rel1.win32_1.1.0.202410251130/tools/bin/../lib/gcc/arm-none-eabi/12.3.1/../../../../arm-none-eabi/lib/thumb/v7-m/nofp\libc_nano.a(libc_a-nano-vfprintf_float.o)
                0x0800b5e4                _printf_float
 .text._printf_common
                0x0800ba3c       0xe4 D:/ST/STM32CubeIDE_1.17.0/STM32CubeIDE/plugins/com.st.stm32cube.ide.mcu.externaltools.gnu-tools-for-stm32.12.3.rel1.win32_1.1.0.202410251130/tools/bin/../lib/gcc/arm-none-eabi/12.3.1/../../../../arm-none-eabi/lib/thumb/v7-m/nofp\libc_nano.a(libc_a-nano-vfprintf_i.o)
                0x0800ba3c                _printf_common
 .text._printf_i
                0x0800bb20      0x240 D:/ST/STM32CubeIDE_1.17.0/STM32CubeIDE/plugins/com.st.stm32cube.ide.mcu.externaltools.gnu-tools-for-stm32.12.3.rel1.win32_1.1.0.202410251130/tools/bin/../lib/gcc/arm-none-eabi/12.3.1/../../../../arm-none-eabi/lib/thumb/v7-m/nofp\libc_nano.a(libc_a-nano-vfprintf_i.o)
                0x0800bb20                _printf_i
 .text._scanf_float
                0x0800bd60      0x420 D:/ST/STM32CubeIDE_1.17.0/STM32CubeIDE/plugins/com.st.stm32cube.ide.mcu.externaltools.gnu-tools-for-stm32.12.3.rel1.win32_1.1.0.202410251130/tools/bin/../lib/gcc/arm-none-eabi/12.3.1/../../../../arm-none-eabi/lib/thumb/v7-m/nofp\libc_nano.a(libc_a-nano-vfscanf_float.o)
                0x0800bd60                _scanf_float
 .text.std      0x0800c180       0x6c D:/ST/STM32CubeIDE_1.17.0/STM32CubeIDE/plugins/com.st.stm32cube.ide.mcu.externaltools.gnu-tools-for-stm32.12.3.rel1.win32_1.1.0.202410251130/tools/bin/../lib/gcc/arm-none-eabi/12.3.1/../../../../arm-none-eabi/lib/thumb/v7-m/nofp\libc_nano.a(libc_a-findfp.o)
 .text.stdio_exit_handler
                0x0800c1ec       0x18 D:/ST/STM32CubeIDE_1.17.0/STM32CubeIDE/plugins/com.st.stm32cube.ide.mcu.externaltools.gnu-tools-for-stm32.12.3.rel1.win32_1.1.0.202410251130/tools/bin/../lib/gcc/arm-none-eabi/12.3.1/../../../../arm-none-eabi/lib/thumb/v7-m/nofp\libc_nano.a(libc_a-findfp.o)
 .text.cleanup_stdio
                0x0800c204       0x40 D:/ST/STM32CubeIDE_1.17.0/STM32CubeIDE/plugins/com.st.stm32cube.ide.mcu.externaltools.gnu-tools-for-stm32.12.3.rel1.win32_1.1.0.202410251130/tools/bin/../lib/gcc/arm-none-eabi/12.3.1/../../../../arm-none-eabi/lib/thumb/v7-m/nofp\libc_nano.a(libc_a-findfp.o)
 .text.global_stdio_init.part.0
                0x0800c244       0x3c D:/ST/STM32CubeIDE_1.17.0/STM32CubeIDE/plugins/com.st.stm32cube.ide.mcu.externaltools.gnu-tools-for-stm32.12.3.rel1.win32_1.1.0.202410251130/tools/bin/../lib/gcc/arm-none-eabi/12.3.1/../../../../arm-none-eabi/lib/thumb/v7-m/nofp\libc_nano.a(libc_a-findfp.o)
 .text.__sfp_lock_acquire
                0x0800c280        0xc D:/ST/STM32CubeIDE_1.17.0/STM32CubeIDE/plugins/com.st.stm32cube.ide.mcu.externaltools.gnu-tools-for-stm32.12.3.rel1.win32_1.1.0.202410251130/tools/bin/../lib/gcc/arm-none-eabi/12.3.1/../../../../arm-none-eabi/lib/thumb/v7-m/nofp\libc_nano.a(libc_a-findfp.o)
                0x0800c280                __sfp_lock_acquire
 .text.__sfp_lock_release
                0x0800c28c        0xc D:/ST/STM32CubeIDE_1.17.0/STM32CubeIDE/plugins/com.st.stm32cube.ide.mcu.externaltools.gnu-tools-for-stm32.12.3.rel1.win32_1.1.0.202410251130/tools/bin/../lib/gcc/arm-none-eabi/12.3.1/../../../../arm-none-eabi/lib/thumb/v7-m/nofp\libc_nano.a(libc_a-findfp.o)
                0x0800c28c                __sfp_lock_release
 .text.__sinit  0x0800c298       0x30 D:/ST/STM32CubeIDE_1.17.0/STM32CubeIDE/plugins/com.st.stm32cube.ide.mcu.externaltools.gnu-tools-for-stm32.12.3.rel1.win32_1.1.0.202410251130/tools/bin/../lib/gcc/arm-none-eabi/12.3.1/../../../../arm-none-eabi/lib/thumb/v7-m/nofp\libc_nano.a(libc_a-findfp.o)
                0x0800c298                __sinit
 .text._fwalk_sglue
                0x0800c2c8       0x3c D:/ST/STM32CubeIDE_1.17.0/STM32CubeIDE/plugins/com.st.stm32cube.ide.mcu.externaltools.gnu-tools-for-stm32.12.3.rel1.win32_1.1.0.202410251130/tools/bin/../lib/gcc/arm-none-eabi/12.3.1/../../../../arm-none-eabi/lib/thumb/v7-m/nofp\libc_nano.a(libc_a-fwalk.o)
                0x0800c2c8                _fwalk_sglue
 .text.printf   0x0800c304       0x24 D:/ST/STM32CubeIDE_1.17.0/STM32CubeIDE/plugins/com.st.stm32cube.ide.mcu.externaltools.gnu-tools-for-stm32.12.3.rel1.win32_1.1.0.202410251130/tools/bin/../lib/gcc/arm-none-eabi/12.3.1/../../../../arm-none-eabi/lib/thumb/v7-m/nofp\libc_nano.a(libc_a-printf.o)
                0x0800c304                iprintf
                0x0800c304                printf
 .text._puts_r  0x0800c328       0xaa D:/ST/STM32CubeIDE_1.17.0/STM32CubeIDE/plugins/com.st.stm32cube.ide.mcu.externaltools.gnu-tools-for-stm32.12.3.rel1.win32_1.1.0.202410251130/tools/bin/../lib/gcc/arm-none-eabi/12.3.1/../../../../arm-none-eabi/lib/thumb/v7-m/nofp\libc_nano.a(libc_a-puts.o)
                0x0800c328                _puts_r
 *fill*         0x0800c3d2        0x2 
 .text.puts     0x0800c3d4       0x10 D:/ST/STM32CubeIDE_1.17.0/STM32CubeIDE/plugins/com.st.stm32cube.ide.mcu.externaltools.gnu-tools-for-stm32.12.3.rel1.win32_1.1.0.202410251130/tools/bin/../lib/gcc/arm-none-eabi/12.3.1/../../../../arm-none-eabi/lib/thumb/v7-m/nofp\libc_nano.a(libc_a-puts.o)
                0x0800c3d4                puts
 .text.snprintf
                0x0800c3e4       0x68 D:/ST/STM32CubeIDE_1.17.0/STM32CubeIDE/plugins/com.st.stm32cube.ide.mcu.externaltools.gnu-tools-for-stm32.12.3.rel1.win32_1.1.0.202410251130/tools/bin/../lib/gcc/arm-none-eabi/12.3.1/../../../../arm-none-eabi/lib/thumb/v7-m/nofp\libc_nano.a(libc_a-snprintf.o)
                0x0800c3e4                sniprintf
                0x0800c3e4                snprintf
 .text.sprintf  0x0800c44c       0x40 D:/ST/STM32CubeIDE_1.17.0/STM32CubeIDE/plugins/com.st.stm32cube.ide.mcu.externaltools.gnu-tools-for-stm32.12.3.rel1.win32_1.1.0.202410251130/tools/bin/../lib/gcc/arm-none-eabi/12.3.1/../../../../arm-none-eabi/lib/thumb/v7-m/nofp\libc_nano.a(libc_a-sprintf.o)
                0x0800c44c                siprintf
                0x0800c44c                sprintf
 .text.__sread  0x0800c48c       0x22 D:/ST/STM32CubeIDE_1.17.0/STM32CubeIDE/plugins/com.st.stm32cube.ide.mcu.externaltools.gnu-tools-for-stm32.12.3.rel1.win32_1.1.0.202410251130/tools/bin/../lib/gcc/arm-none-eabi/12.3.1/../../../../arm-none-eabi/lib/thumb/v7-m/nofp\libc_nano.a(libc_a-stdio.o)
                0x0800c48c                __sread
 .text.__swrite
                0x0800c4ae       0x38 D:/ST/STM32CubeIDE_1.17.0/STM32CubeIDE/plugins/com.st.stm32cube.ide.mcu.externaltools.gnu-tools-for-stm32.12.3.rel1.win32_1.1.0.202410251130/tools/bin/../lib/gcc/arm-none-eabi/12.3.1/../../../../arm-none-eabi/lib/thumb/v7-m/nofp\libc_nano.a(libc_a-stdio.o)
                0x0800c4ae                __swrite
 .text.__sseek  0x0800c4e6       0x24 D:/ST/STM32CubeIDE_1.17.0/STM32CubeIDE/plugins/com.st.stm32cube.ide.mcu.externaltools.gnu-tools-for-stm32.12.3.rel1.win32_1.1.0.202410251130/tools/bin/../lib/gcc/arm-none-eabi/12.3.1/../../../../arm-none-eabi/lib/thumb/v7-m/nofp\libc_nano.a(libc_a-stdio.o)
                0x0800c4e6                __sseek
 .text.__sclose
                0x0800c50a        0x8 D:/ST/STM32CubeIDE_1.17.0/STM32CubeIDE/plugins/com.st.stm32cube.ide.mcu.externaltools.gnu-tools-for-stm32.12.3.rel1.win32_1.1.0.202410251130/tools/bin/../lib/gcc/arm-none-eabi/12.3.1/../../../../arm-none-eabi/lib/thumb/v7-m/nofp\libc_nano.a(libc_a-stdio.o)
                0x0800c50a                __sclose
 .text.__swbuf_r
                0x0800c512       0x7c D:/ST/STM32CubeIDE_1.17.0/STM32CubeIDE/plugins/com.st.stm32cube.ide.mcu.externaltools.gnu-tools-for-stm32.12.3.rel1.win32_1.1.0.202410251130/tools/bin/../lib/gcc/arm-none-eabi/12.3.1/../../../../arm-none-eabi/lib/thumb/v7-m/nofp\libc_nano.a(libc_a-wbuf.o)
                0x0800c512                __swbuf_r
 *fill*         0x0800c58e        0x2 
 .text.__swsetup_r
                0x0800c590       0xac D:/ST/STM32CubeIDE_1.17.0/STM32CubeIDE/plugins/com.st.stm32cube.ide.mcu.externaltools.gnu-tools-for-stm32.12.3.rel1.win32_1.1.0.202410251130/tools/bin/../lib/gcc/arm-none-eabi/12.3.1/../../../../arm-none-eabi/lib/thumb/v7-m/nofp\libc_nano.a(libc_a-wsetup.o)
                0x0800c590                __swsetup_r
 .text.memcmp   0x0800c63c       0x20 D:/ST/STM32CubeIDE_1.17.0/STM32CubeIDE/plugins/com.st.stm32cube.ide.mcu.externaltools.gnu-tools-for-stm32.12.3.rel1.win32_1.1.0.202410251130/tools/bin/../lib/gcc/arm-none-eabi/12.3.1/../../../../arm-none-eabi/lib/thumb/v7-m/nofp\libc_nano.a(libc_a-memcmp.o)
                0x0800c63c                memcmp
 .text.memset   0x0800c65c       0x10 D:/ST/STM32CubeIDE_1.17.0/STM32CubeIDE/plugins/com.st.stm32cube.ide.mcu.externaltools.gnu-tools-for-stm32.12.3.rel1.win32_1.1.0.202410251130/tools/bin/../lib/gcc/arm-none-eabi/12.3.1/../../../../arm-none-eabi/lib/thumb/v7-m/nofp\libc_nano.a(libc_a-memset.o)
                0x0800c65c                memset
 .text.strcat   0x0800c66c       0x1e D:/ST/STM32CubeIDE_1.17.0/STM32CubeIDE/plugins/com.st.stm32cube.ide.mcu.externaltools.gnu-tools-for-stm32.12.3.rel1.win32_1.1.0.202410251130/tools/bin/../lib/gcc/arm-none-eabi/12.3.1/../../../../arm-none-eabi/lib/thumb/v7-m/nofp\libc_nano.a(libc_a-strcat.o)
                0x0800c66c                strcat
 .text.strchr   0x0800c68a       0x1a D:/ST/STM32CubeIDE_1.17.0/STM32CubeIDE/plugins/com.st.stm32cube.ide.mcu.externaltools.gnu-tools-for-stm32.12.3.rel1.win32_1.1.0.202410251130/tools/bin/../lib/gcc/arm-none-eabi/12.3.1/../../../../arm-none-eabi/lib/thumb/v7-m/nofp\libc_nano.a(libc_a-strchr.o)
                0x0800c68a                strchr
 .text.strncmp  0x0800c6a4       0x24 D:/ST/STM32CubeIDE_1.17.0/STM32CubeIDE/plugins/com.st.stm32cube.ide.mcu.externaltools.gnu-tools-for-stm32.12.3.rel1.win32_1.1.0.202410251130/tools/bin/../lib/gcc/arm-none-eabi/12.3.1/../../../../arm-none-eabi/lib/thumb/v7-m/nofp\libc_nano.a(libc_a-strncmp.o)
                0x0800c6a4                strncmp
 .text.strncpy  0x0800c6c8       0x26 D:/ST/STM32CubeIDE_1.17.0/STM32CubeIDE/plugins/com.st.stm32cube.ide.mcu.externaltools.gnu-tools-for-stm32.12.3.rel1.win32_1.1.0.202410251130/tools/bin/../lib/gcc/arm-none-eabi/12.3.1/../../../../arm-none-eabi/lib/thumb/v7-m/nofp\libc_nano.a(libc_a-strncpy.o)
                0x0800c6c8                strncpy
 .text.__strtok_r
                0x0800c6ee       0x50 D:/ST/STM32CubeIDE_1.17.0/STM32CubeIDE/plugins/com.st.stm32cube.ide.mcu.externaltools.gnu-tools-for-stm32.12.3.rel1.win32_1.1.0.202410251130/tools/bin/../lib/gcc/arm-none-eabi/12.3.1/../../../../arm-none-eabi/lib/thumb/v7-m/nofp\libc_nano.a(libc_a-strtok_r.o)
                0x0800c6ee                __strtok_r
 .text.strtok_r
                0x0800c73e        0x6 D:/ST/STM32CubeIDE_1.17.0/STM32CubeIDE/plugins/com.st.stm32cube.ide.mcu.externaltools.gnu-tools-for-stm32.12.3.rel1.win32_1.1.0.202410251130/tools/bin/../lib/gcc/arm-none-eabi/12.3.1/../../../../arm-none-eabi/lib/thumb/v7-m/nofp\libc_nano.a(libc_a-strtok_r.o)
                0x0800c73e                strtok_r
 .text._localeconv_r
                0x0800c744        0x8 D:/ST/STM32CubeIDE_1.17.0/STM32CubeIDE/plugins/com.st.stm32cube.ide.mcu.externaltools.gnu-tools-for-stm32.12.3.rel1.win32_1.1.0.202410251130/tools/bin/../lib/gcc/arm-none-eabi/12.3.1/../../../../arm-none-eabi/lib/thumb/v7-m/nofp\libc_nano.a(libc_a-localeconv.o)
                0x0800c744                _localeconv_r
 .text._close_r
                0x0800c74c       0x20 D:/ST/STM32CubeIDE_1.17.0/STM32CubeIDE/plugins/com.st.stm32cube.ide.mcu.externaltools.gnu-tools-for-stm32.12.3.rel1.win32_1.1.0.202410251130/tools/bin/../lib/gcc/arm-none-eabi/12.3.1/../../../../arm-none-eabi/lib/thumb/v7-m/nofp\libc_nano.a(libc_a-closer.o)
                0x0800c74c                _close_r
 .text._lseek_r
                0x0800c76c       0x24 D:/ST/STM32CubeIDE_1.17.0/STM32CubeIDE/plugins/com.st.stm32cube.ide.mcu.externaltools.gnu-tools-for-stm32.12.3.rel1.win32_1.1.0.202410251130/tools/bin/../lib/gcc/arm-none-eabi/12.3.1/../../../../arm-none-eabi/lib/thumb/v7-m/nofp\libc_nano.a(libc_a-lseekr.o)
                0x0800c76c                _lseek_r
 .text._read_r  0x0800c790       0x24 D:/ST/STM32CubeIDE_1.17.0/STM32CubeIDE/plugins/com.st.stm32cube.ide.mcu.externaltools.gnu-tools-for-stm32.12.3.rel1.win32_1.1.0.202410251130/tools/bin/../lib/gcc/arm-none-eabi/12.3.1/../../../../arm-none-eabi/lib/thumb/v7-m/nofp\libc_nano.a(libc_a-readr.o)
                0x0800c790                _read_r
 .text._sbrk_r  0x0800c7b4       0x20 D:/ST/STM32CubeIDE_1.17.0/STM32CubeIDE/plugins/com.st.stm32cube.ide.mcu.externaltools.gnu-tools-for-stm32.12.3.rel1.win32_1.1.0.202410251130/tools/bin/../lib/gcc/arm-none-eabi/12.3.1/../../../../arm-none-eabi/lib/thumb/v7-m/nofp\libc_nano.a(libc_a-sbrkr.o)
                0x0800c7b4                _sbrk_r
 .text._write_r
                0x0800c7d4       0x24 D:/ST/STM32CubeIDE_1.17.0/STM32CubeIDE/plugins/com.st.stm32cube.ide.mcu.externaltools.gnu-tools-for-stm32.12.3.rel1.win32_1.1.0.202410251130/tools/bin/../lib/gcc/arm-none-eabi/12.3.1/../../../../arm-none-eabi/lib/thumb/v7-m/nofp\libc_nano.a(libc_a-writer.o)
                0x0800c7d4                _write_r
 .text.__errno  0x0800c7f8        0xc D:/ST/STM32CubeIDE_1.17.0/STM32CubeIDE/plugins/com.st.stm32cube.ide.mcu.externaltools.gnu-tools-for-stm32.12.3.rel1.win32_1.1.0.202410251130/tools/bin/../lib/gcc/arm-none-eabi/12.3.1/../../../../arm-none-eabi/lib/thumb/v7-m/nofp\libc_nano.a(libc_a-errno.o)
                0x0800c7f8                __errno
 .text.__libc_init_array
                0x0800c804       0x48 D:/ST/STM32CubeIDE_1.17.0/STM32CubeIDE/plugins/com.st.stm32cube.ide.mcu.externaltools.gnu-tools-for-stm32.12.3.rel1.win32_1.1.0.202410251130/tools/bin/../lib/gcc/arm-none-eabi/12.3.1/../../../../arm-none-eabi/lib/thumb/v7-m/nofp\libc_nano.a(libc_a-init.o)
                0x0800c804                __libc_init_array
 .text.__retarget_lock_init_recursive
                0x0800c84c        0x2 D:/ST/STM32CubeIDE_1.17.0/STM32CubeIDE/plugins/com.st.stm32cube.ide.mcu.externaltools.gnu-tools-for-stm32.12.3.rel1.win32_1.1.0.202410251130/tools/bin/../lib/gcc/arm-none-eabi/12.3.1/../../../../arm-none-eabi/lib/thumb/v7-m/nofp\libc_nano.a(libc_a-lock.o)
                0x0800c84c                __retarget_lock_init_recursive
 .text.__retarget_lock_acquire_recursive
                0x0800c84e        0x2 D:/ST/STM32CubeIDE_1.17.0/STM32CubeIDE/plugins/com.st.stm32cube.ide.mcu.externaltools.gnu-tools-for-stm32.12.3.rel1.win32_1.1.0.202410251130/tools/bin/../lib/gcc/arm-none-eabi/12.3.1/../../../../arm-none-eabi/lib/thumb/v7-m/nofp\libc_nano.a(libc_a-lock.o)
                0x0800c84e                __retarget_lock_acquire_recursive
 .text.__retarget_lock_release_recursive
                0x0800c850        0x2 D:/ST/STM32CubeIDE_1.17.0/STM32CubeIDE/plugins/com.st.stm32cube.ide.mcu.externaltools.gnu-tools-for-stm32.12.3.rel1.win32_1.1.0.202410251130/tools/bin/../lib/gcc/arm-none-eabi/12.3.1/../../../../arm-none-eabi/lib/thumb/v7-m/nofp\libc_nano.a(libc_a-lock.o)
                0x0800c850                __retarget_lock_release_recursive
 .text.strcpy   0x0800c852       0x10 D:/ST/STM32CubeIDE_1.17.0/STM32CubeIDE/plugins/com.st.stm32cube.ide.mcu.externaltools.gnu-tools-for-stm32.12.3.rel1.win32_1.1.0.202410251130/tools/bin/../lib/gcc/arm-none-eabi/12.3.1/../../../../arm-none-eabi/lib/thumb/v7-m/nofp\libc_nano.a(libc_a-strcpy.o)
                0x0800c852                strcpy
 .text.memchr   0x0800c862       0x1c D:/ST/STM32CubeIDE_1.17.0/STM32CubeIDE/plugins/com.st.stm32cube.ide.mcu.externaltools.gnu-tools-for-stm32.12.3.rel1.win32_1.1.0.202410251130/tools/bin/../lib/gcc/arm-none-eabi/12.3.1/../../../../arm-none-eabi/lib/thumb/v7-m/nofp\libc_nano.a(libc_a-memchr-stub.o)
                0x0800c862                memchr
 .text.memcpy   0x0800c87e       0x1c D:/ST/STM32CubeIDE_1.17.0/STM32CubeIDE/plugins/com.st.stm32cube.ide.mcu.externaltools.gnu-tools-for-stm32.12.3.rel1.win32_1.1.0.202410251130/tools/bin/../lib/gcc/arm-none-eabi/12.3.1/../../../../arm-none-eabi/lib/thumb/v7-m/nofp\libc_nano.a(libc_a-memcpy-stub.o)
                0x0800c87e                memcpy
 *fill*         0x0800c89a        0x2 
 .text.nan      0x0800c89c        0xc D:/ST/STM32CubeIDE_1.17.0/STM32CubeIDE/plugins/com.st.stm32cube.ide.mcu.externaltools.gnu-tools-for-stm32.12.3.rel1.win32_1.1.0.202410251130/tools/bin/../lib/gcc/arm-none-eabi/12.3.1/../../../../arm-none-eabi/lib/thumb/v7-m/nofp\libc_nano.a(libm_a-s_nan.o)
                0x0800c89c                nan
 .text.nanf     0x0800c8a8        0x8 D:/ST/STM32CubeIDE_1.17.0/STM32CubeIDE/plugins/com.st.stm32cube.ide.mcu.externaltools.gnu-tools-for-stm32.12.3.rel1.win32_1.1.0.202410251130/tools/bin/../lib/gcc/arm-none-eabi/12.3.1/../../../../arm-none-eabi/lib/thumb/v7-m/nofp\libc_nano.a(libm_a-sf_nan.o)
                0x0800c8a8                nanf
 .text.quorem   0x0800c8b0      0x110 D:/ST/STM32CubeIDE_1.17.0/STM32CubeIDE/plugins/com.st.stm32cube.ide.mcu.externaltools.gnu-tools-for-stm32.12.3.rel1.win32_1.1.0.202410251130/tools/bin/../lib/gcc/arm-none-eabi/12.3.1/../../../../arm-none-eabi/lib/thumb/v7-m/nofp\libc_nano.a(libc_a-dtoa.o)
 .text._dtoa_r  0x0800c9c0      0xb90 D:/ST/STM32CubeIDE_1.17.0/STM32CubeIDE/plugins/com.st.stm32cube.ide.mcu.externaltools.gnu-tools-for-stm32.12.3.rel1.win32_1.1.0.202410251130/tools/bin/../lib/gcc/arm-none-eabi/12.3.1/../../../../arm-none-eabi/lib/thumb/v7-m/nofp\libc_nano.a(libc_a-dtoa.o)
                0x0800c9c0                _dtoa_r
 .text._free_r  0x0800d550       0x90 D:/ST/STM32CubeIDE_1.17.0/STM32CubeIDE/plugins/com.st.stm32cube.ide.mcu.externaltools.gnu-tools-for-stm32.12.3.rel1.win32_1.1.0.202410251130/tools/bin/../lib/gcc/arm-none-eabi/12.3.1/../../../../arm-none-eabi/lib/thumb/v7-m/nofp\libc_nano.a(libc_a-freer.o)
                0x0800d550                _free_r
 .text.rshift   0x0800d5e0       0xa6 D:/ST/STM32CubeIDE_1.17.0/STM32CubeIDE/plugins/com.st.stm32cube.ide.mcu.externaltools.gnu-tools-for-stm32.12.3.rel1.win32_1.1.0.202410251130/tools/bin/../lib/gcc/arm-none-eabi/12.3.1/../../../../arm-none-eabi/lib/thumb/v7-m/nofp\libc_nano.a(libc_a-gdtoa-gethex.o)
 .text.__hexdig_fun
                0x0800d686       0x2a D:/ST/STM32CubeIDE_1.17.0/STM32CubeIDE/plugins/com.st.stm32cube.ide.mcu.externaltools.gnu-tools-for-stm32.12.3.rel1.win32_1.1.0.202410251130/tools/bin/../lib/gcc/arm-none-eabi/12.3.1/../../../../arm-none-eabi/lib/thumb/v7-m/nofp\libc_nano.a(libc_a-gdtoa-gethex.o)
                0x0800d686                __hexdig_fun
 .text.__gethex
                0x0800d6b0      0x420 D:/ST/STM32CubeIDE_1.17.0/STM32CubeIDE/plugins/com.st.stm32cube.ide.mcu.externaltools.gnu-tools-for-stm32.12.3.rel1.win32_1.1.0.202410251130/tools/bin/../lib/gcc/arm-none-eabi/12.3.1/../../../../arm-none-eabi/lib/thumb/v7-m/nofp\libc_nano.a(libc_a-gdtoa-gethex.o)
                0x0800d6b0                __gethex
 .text.L_shift  0x0800dad0       0x24 D:/ST/STM32CubeIDE_1.17.0/STM32CubeIDE/plugins/com.st.stm32cube.ide.mcu.externaltools.gnu-tools-for-stm32.12.3.rel1.win32_1.1.0.202410251130/tools/bin/../lib/gcc/arm-none-eabi/12.3.1/../../../../arm-none-eabi/lib/thumb/v7-m/nofp\libc_nano.a(libc_a-gdtoa-hexnan.o)
 .text.__match  0x0800daf4       0x28 D:/ST/STM32CubeIDE_1.17.0/STM32CubeIDE/plugins/com.st.stm32cube.ide.mcu.externaltools.gnu-tools-for-stm32.12.3.rel1.win32_1.1.0.202410251130/tools/bin/../lib/gcc/arm-none-eabi/12.3.1/../../../../arm-none-eabi/lib/thumb/v7-m/nofp\libc_nano.a(libc_a-gdtoa-hexnan.o)
                0x0800daf4                __match
 .text.__hexnan
                0x0800db1c      0x136 D:/ST/STM32CubeIDE_1.17.0/STM32CubeIDE/plugins/com.st.stm32cube.ide.mcu.externaltools.gnu-tools-for-stm32.12.3.rel1.win32_1.1.0.202410251130/tools/bin/../lib/gcc/arm-none-eabi/12.3.1/../../../../arm-none-eabi/lib/thumb/v7-m/nofp\libc_nano.a(libc_a-gdtoa-hexnan.o)
                0x0800db1c                __hexnan
 .text.__ascii_mbtowc
                0x0800dc52       0x24 D:/ST/STM32CubeIDE_1.17.0/STM32CubeIDE/plugins/com.st.stm32cube.ide.mcu.externaltools.gnu-tools-for-stm32.12.3.rel1.win32_1.1.0.202410251130/tools/bin/../lib/gcc/arm-none-eabi/12.3.1/../../../../arm-none-eabi/lib/thumb/v7-m/nofp\libc_nano.a(libc_a-mbtowc_r.o)
                0x0800dc52                __ascii_mbtowc
 *fill*         0x0800dc76        0x2 
 .text._Balloc  0x0800dc78       0x80 D:/ST/STM32CubeIDE_1.17.0/STM32CubeIDE/plugins/com.st.stm32cube.ide.mcu.externaltools.gnu-tools-for-stm32.12.3.rel1.win32_1.1.0.202410251130/tools/bin/../lib/gcc/arm-none-eabi/12.3.1/../../../../arm-none-eabi/lib/thumb/v7-m/nofp\libc_nano.a(libc_a-mprec.o)
                0x0800dc78                _Balloc
 .text._Bfree   0x0800dcf8       0x44 D:/ST/STM32CubeIDE_1.17.0/STM32CubeIDE/plugins/com.st.stm32cube.ide.mcu.externaltools.gnu-tools-for-stm32.12.3.rel1.win32_1.1.0.202410251130/tools/bin/../lib/gcc/arm-none-eabi/12.3.1/../../../../arm-none-eabi/lib/thumb/v7-m/nofp\libc_nano.a(libc_a-mprec.o)
                0x0800dcf8                _Bfree
 .text.__multadd
                0x0800dd3c       0x8c D:/ST/STM32CubeIDE_1.17.0/STM32CubeIDE/plugins/com.st.stm32cube.ide.mcu.externaltools.gnu-tools-for-stm32.12.3.rel1.win32_1.1.0.202410251130/tools/bin/../lib/gcc/arm-none-eabi/12.3.1/../../../../arm-none-eabi/lib/thumb/v7-m/nofp\libc_nano.a(libc_a-mprec.o)
                0x0800dd3c                __multadd
 .text.__s2b    0x0800ddc8       0x94 D:/ST/STM32CubeIDE_1.17.0/STM32CubeIDE/plugins/com.st.stm32cube.ide.mcu.externaltools.gnu-tools-for-stm32.12.3.rel1.win32_1.1.0.202410251130/tools/bin/../lib/gcc/arm-none-eabi/12.3.1/../../../../arm-none-eabi/lib/thumb/v7-m/nofp\libc_nano.a(libc_a-mprec.o)
                0x0800ddc8                __s2b
 .text.__hi0bits
                0x0800de5c       0x3e D:/ST/STM32CubeIDE_1.17.0/STM32CubeIDE/plugins/com.st.stm32cube.ide.mcu.externaltools.gnu-tools-for-stm32.12.3.rel1.win32_1.1.0.202410251130/tools/bin/../lib/gcc/arm-none-eabi/12.3.1/../../../../arm-none-eabi/lib/thumb/v7-m/nofp\libc_nano.a(libc_a-mprec.o)
                0x0800de5c                __hi0bits
 .text.__lo0bits
                0x0800de9a       0x5a D:/ST/STM32CubeIDE_1.17.0/STM32CubeIDE/plugins/com.st.stm32cube.ide.mcu.externaltools.gnu-tools-for-stm32.12.3.rel1.win32_1.1.0.202410251130/tools/bin/../lib/gcc/arm-none-eabi/12.3.1/../../../../arm-none-eabi/lib/thumb/v7-m/nofp\libc_nano.a(libc_a-mprec.o)
                0x0800de9a                __lo0bits
 .text.__i2b    0x0800def4       0x2c D:/ST/STM32CubeIDE_1.17.0/STM32CubeIDE/plugins/com.st.stm32cube.ide.mcu.externaltools.gnu-tools-for-stm32.12.3.rel1.win32_1.1.0.202410251130/tools/bin/../lib/gcc/arm-none-eabi/12.3.1/../../../../arm-none-eabi/lib/thumb/v7-m/nofp\libc_nano.a(libc_a-mprec.o)
                0x0800def4                __i2b
 .text.__multiply
                0x0800df20      0x150 D:/ST/STM32CubeIDE_1.17.0/STM32CubeIDE/plugins/com.st.stm32cube.ide.mcu.externaltools.gnu-tools-for-stm32.12.3.rel1.win32_1.1.0.202410251130/tools/bin/../lib/gcc/arm-none-eabi/12.3.1/../../../../arm-none-eabi/lib/thumb/v7-m/nofp\libc_nano.a(libc_a-mprec.o)
                0x0800df20                __multiply
 .text.__pow5mult
                0x0800e070       0xb4 D:/ST/STM32CubeIDE_1.17.0/STM32CubeIDE/plugins/com.st.stm32cube.ide.mcu.externaltools.gnu-tools-for-stm32.12.3.rel1.win32_1.1.0.202410251130/tools/bin/../lib/gcc/arm-none-eabi/12.3.1/../../../../arm-none-eabi/lib/thumb/v7-m/nofp\libc_nano.a(libc_a-mprec.o)
                0x0800e070                __pow5mult
 .text.__lshift
                0x0800e124       0xd8 D:/ST/STM32CubeIDE_1.17.0/STM32CubeIDE/plugins/com.st.stm32cube.ide.mcu.externaltools.gnu-tools-for-stm32.12.3.rel1.win32_1.1.0.202410251130/tools/bin/../lib/gcc/arm-none-eabi/12.3.1/../../../../arm-none-eabi/lib/thumb/v7-m/nofp\libc_nano.a(libc_a-mprec.o)
                0x0800e124                __lshift
 .text.__mcmp   0x0800e1fc       0x36 D:/ST/STM32CubeIDE_1.17.0/STM32CubeIDE/plugins/com.st.stm32cube.ide.mcu.externaltools.gnu-tools-for-stm32.12.3.rel1.win32_1.1.0.202410251130/tools/bin/../lib/gcc/arm-none-eabi/12.3.1/../../../../arm-none-eabi/lib/thumb/v7-m/nofp\libc_nano.a(libc_a-mprec.o)
                0x0800e1fc                __mcmp
 *fill*         0x0800e232        0x2 
 .text.__mdiff  0x0800e234      0x128 D:/ST/STM32CubeIDE_1.17.0/STM32CubeIDE/plugins/com.st.stm32cube.ide.mcu.externaltools.gnu-tools-for-stm32.12.3.rel1.win32_1.1.0.202410251130/tools/bin/../lib/gcc/arm-none-eabi/12.3.1/../../../../arm-none-eabi/lib/thumb/v7-m/nofp\libc_nano.a(libc_a-mprec.o)
                0x0800e234                __mdiff
 .text.__ulp    0x0800e35c       0x40 D:/ST/STM32CubeIDE_1.17.0/STM32CubeIDE/plugins/com.st.stm32cube.ide.mcu.externaltools.gnu-tools-for-stm32.12.3.rel1.win32_1.1.0.202410251130/tools/bin/../lib/gcc/arm-none-eabi/12.3.1/../../../../arm-none-eabi/lib/thumb/v7-m/nofp\libc_nano.a(libc_a-mprec.o)
                0x0800e35c                __ulp
 .text.__b2d    0x0800e39c       0x90 D:/ST/STM32CubeIDE_1.17.0/STM32CubeIDE/plugins/com.st.stm32cube.ide.mcu.externaltools.gnu-tools-for-stm32.12.3.rel1.win32_1.1.0.202410251130/tools/bin/../lib/gcc/arm-none-eabi/12.3.1/../../../../arm-none-eabi/lib/thumb/v7-m/nofp\libc_nano.a(libc_a-mprec.o)
                0x0800e39c                __b2d
 .text.__d2b    0x0800e42c       0xb0 D:/ST/STM32CubeIDE_1.17.0/STM32CubeIDE/plugins/com.st.stm32cube.ide.mcu.externaltools.gnu-tools-for-stm32.12.3.rel1.win32_1.1.0.202410251130/tools/bin/../lib/gcc/arm-none-eabi/12.3.1/../../../../arm-none-eabi/lib/thumb/v7-m/nofp\libc_nano.a(libc_a-mprec.o)
                0x0800e42c                __d2b
 .text.__ratio  0x0800e4dc       0x60 D:/ST/STM32CubeIDE_1.17.0/STM32CubeIDE/plugins/com.st.stm32cube.ide.mcu.externaltools.gnu-tools-for-stm32.12.3.rel1.win32_1.1.0.202410251130/tools/bin/../lib/gcc/arm-none-eabi/12.3.1/../../../../arm-none-eabi/lib/thumb/v7-m/nofp\libc_nano.a(libc_a-mprec.o)
                0x0800e4dc                __ratio
 .text.__copybits
                0x0800e53c       0x46 D:/ST/STM32CubeIDE_1.17.0/STM32CubeIDE/plugins/com.st.stm32cube.ide.mcu.externaltools.gnu-tools-for-stm32.12.3.rel1.win32_1.1.0.202410251130/tools/bin/../lib/gcc/arm-none-eabi/12.3.1/../../../../arm-none-eabi/lib/thumb/v7-m/nofp\libc_nano.a(libc_a-mprec.o)
                0x0800e53c                __copybits
 .text.__any_on
                0x0800e582       0x42 D:/ST/STM32CubeIDE_1.17.0/STM32CubeIDE/plugins/com.st.stm32cube.ide.mcu.externaltools.gnu-tools-for-stm32.12.3.rel1.win32_1.1.0.202410251130/tools/bin/../lib/gcc/arm-none-eabi/12.3.1/../../../../arm-none-eabi/lib/thumb/v7-m/nofp\libc_nano.a(libc_a-mprec.o)
                0x0800e582                __any_on
 .text.__ascii_wctomb
                0x0800e5c4       0x1a D:/ST/STM32CubeIDE_1.17.0/STM32CubeIDE/plugins/com.st.stm32cube.ide.mcu.externaltools.gnu-tools-for-stm32.12.3.rel1.win32_1.1.0.202410251130/tools/bin/../lib/gcc/arm-none-eabi/12.3.1/../../../../arm-none-eabi/lib/thumb/v7-m/nofp\libc_nano.a(libc_a-wctomb_r.o)
                0x0800e5c4                __ascii_wctomb
 .text.__ssputs_r
                0x0800e5de       0xb6 D:/ST/STM32CubeIDE_1.17.0/STM32CubeIDE/plugins/com.st.stm32cube.ide.mcu.externaltools.gnu-tools-for-stm32.12.3.rel1.win32_1.1.0.202410251130/tools/bin/../lib/gcc/arm-none-eabi/12.3.1/../../../../arm-none-eabi/lib/thumb/v7-m/nofp\libc_nano.a(libc_a-nano-svfprintf.o)
                0x0800e5de                __ssputs_r
 .text._svfprintf_r
                0x0800e694      0x1f8 D:/ST/STM32CubeIDE_1.17.0/STM32CubeIDE/plugins/com.st.stm32cube.ide.mcu.externaltools.gnu-tools-for-stm32.12.3.rel1.win32_1.1.0.202410251130/tools/bin/../lib/gcc/arm-none-eabi/12.3.1/../../../../arm-none-eabi/lib/thumb/v7-m/nofp\libc_nano.a(libc_a-nano-svfprintf.o)
                0x0800e694                _svfiprintf_r
                0x0800e694                _svfprintf_r
 .text.__sfputc_r
                0x0800e88c       0x2a D:/ST/STM32CubeIDE_1.17.0/STM32CubeIDE/plugins/com.st.stm32cube.ide.mcu.externaltools.gnu-tools-for-stm32.12.3.rel1.win32_1.1.0.202410251130/tools/bin/../lib/gcc/arm-none-eabi/12.3.1/../../../../arm-none-eabi/lib/thumb/v7-m/nofp\libc_nano.a(libc_a-nano-vfprintf.o)
 .text.__sfputs_r
                0x0800e8b6       0x24 D:/ST/STM32CubeIDE_1.17.0/STM32CubeIDE/plugins/com.st.stm32cube.ide.mcu.externaltools.gnu-tools-for-stm32.12.3.rel1.win32_1.1.0.202410251130/tools/bin/../lib/gcc/arm-none-eabi/12.3.1/../../../../arm-none-eabi/lib/thumb/v7-m/nofp\libc_nano.a(libc_a-nano-vfprintf.o)
                0x0800e8b6                __sfputs_r
 *fill*         0x0800e8da        0x2 
 .text._vfprintf_r
                0x0800e8dc      0x230 D:/ST/STM32CubeIDE_1.17.0/STM32CubeIDE/plugins/com.st.stm32cube.ide.mcu.externaltools.gnu-tools-for-stm32.12.3.rel1.win32_1.1.0.202410251130/tools/bin/../lib/gcc/arm-none-eabi/12.3.1/../../../../arm-none-eabi/lib/thumb/v7-m/nofp\libc_nano.a(libc_a-nano-vfprintf.o)
                0x0800e8dc                _vfprintf_r
                0x0800e8dc                _vfiprintf_r
 .text.__sflush_r
                0x0800eb0c      0x100 D:/ST/STM32CubeIDE_1.17.0/STM32CubeIDE/plugins/com.st.stm32cube.ide.mcu.externaltools.gnu-tools-for-stm32.12.3.rel1.win32_1.1.0.202410251130/tools/bin/../lib/gcc/arm-none-eabi/12.3.1/../../../../arm-none-eabi/lib/thumb/v7-m/nofp\libc_nano.a(libc_a-fflush.o)
                0x0800eb0c                __sflush_r
 .text._fflush_r
                0x0800ec0c       0x50 D:/ST/STM32CubeIDE_1.17.0/STM32CubeIDE/plugins/com.st.stm32cube.ide.mcu.externaltools.gnu-tools-for-stm32.12.3.rel1.win32_1.1.0.202410251130/tools/bin/../lib/gcc/arm-none-eabi/12.3.1/../../../../arm-none-eabi/lib/thumb/v7-m/nofp\libc_nano.a(libc_a-fflush.o)
                0x0800ec0c                _fflush_r
 .text.__swhatbuf_r
                0x0800ec5c       0x4a D:/ST/STM32CubeIDE_1.17.0/STM32CubeIDE/plugins/com.st.stm32cube.ide.mcu.externaltools.gnu-tools-for-stm32.12.3.rel1.win32_1.1.0.202410251130/tools/bin/../lib/gcc/arm-none-eabi/12.3.1/../../../../arm-none-eabi/lib/thumb/v7-m/nofp\libc_nano.a(libc_a-makebuf.o)
                0x0800ec5c                __swhatbuf_r
 .text.__smakebuf_r
                0x0800eca6       0x78 D:/ST/STM32CubeIDE_1.17.0/STM32CubeIDE/plugins/com.st.stm32cube.ide.mcu.externaltools.gnu-tools-for-stm32.12.3.rel1.win32_1.1.0.202410251130/tools/bin/../lib/gcc/arm-none-eabi/12.3.1/../../../../arm-none-eabi/lib/thumb/v7-m/nofp\libc_nano.a(libc_a-makebuf.o)
                0x0800eca6                __smakebuf_r
 .text.memmove  0x0800ed1e       0x34 D:/ST/STM32CubeIDE_1.17.0/STM32CubeIDE/plugins/com.st.stm32cube.ide.mcu.externaltools.gnu-tools-for-stm32.12.3.rel1.win32_1.1.0.202410251130/tools/bin/../lib/gcc/arm-none-eabi/12.3.1/../../../../arm-none-eabi/lib/thumb/v7-m/nofp\libc_nano.a(libc_a-memmove.o)
                0x0800ed1e                memmove
 *fill*         0x0800ed52        0x2 
 .text._fstat_r
                0x0800ed54       0x24 D:/ST/STM32CubeIDE_1.17.0/STM32CubeIDE/plugins/com.st.stm32cube.ide.mcu.externaltools.gnu-tools-for-stm32.12.3.rel1.win32_1.1.0.202410251130/tools/bin/../lib/gcc/arm-none-eabi/12.3.1/../../../../arm-none-eabi/lib/thumb/v7-m/nofp\libc_nano.a(libc_a-fstatr.o)
                0x0800ed54                _fstat_r
 .text._isatty_r
                0x0800ed78       0x20 D:/ST/STM32CubeIDE_1.17.0/STM32CubeIDE/plugins/com.st.stm32cube.ide.mcu.externaltools.gnu-tools-for-stm32.12.3.rel1.win32_1.1.0.202410251130/tools/bin/../lib/gcc/arm-none-eabi/12.3.1/../../../../arm-none-eabi/lib/thumb/v7-m/nofp\libc_nano.a(libc_a-isattyr.o)
                0x0800ed78                _isatty_r
 .text.__assert_func
                0x0800ed98       0x3c D:/ST/STM32CubeIDE_1.17.0/STM32CubeIDE/plugins/com.st.stm32cube.ide.mcu.externaltools.gnu-tools-for-stm32.12.3.rel1.win32_1.1.0.202410251130/tools/bin/../lib/gcc/arm-none-eabi/12.3.1/../../../../arm-none-eabi/lib/thumb/v7-m/nofp\libc_nano.a(libc_a-assert.o)
                0x0800ed98                __assert_func
 .text._calloc_r
                0x0800edd4       0x28 D:/ST/STM32CubeIDE_1.17.0/STM32CubeIDE/plugins/com.st.stm32cube.ide.mcu.externaltools.gnu-tools-for-stm32.12.3.rel1.win32_1.1.0.202410251130/tools/bin/../lib/gcc/arm-none-eabi/12.3.1/../../../../arm-none-eabi/lib/thumb/v7-m/nofp\libc_nano.a(libc_a-callocr.o)
                0x0800edd4                _calloc_r
 .text._realloc_r
                0x0800edfc       0x5c D:/ST/STM32CubeIDE_1.17.0/STM32CubeIDE/plugins/com.st.stm32cube.ide.mcu.externaltools.gnu-tools-for-stm32.12.3.rel1.win32_1.1.0.202410251130/tools/bin/../lib/gcc/arm-none-eabi/12.3.1/../../../../arm-none-eabi/lib/thumb/v7-m/nofp\libc_nano.a(libc_a-reallocr.o)
                0x0800edfc                _realloc_r
 .text.fprintf  0x0800ee58       0x24 D:/ST/STM32CubeIDE_1.17.0/STM32CubeIDE/plugins/com.st.stm32cube.ide.mcu.externaltools.gnu-tools-for-stm32.12.3.rel1.win32_1.1.0.202410251130/tools/bin/../lib/gcc/arm-none-eabi/12.3.1/../../../../arm-none-eabi/lib/thumb/v7-m/nofp\libc_nano.a(libc_a-fprintf.o)
                0x0800ee58                fiprintf
                0x0800ee58                fprintf
 .text.abort    0x0800ee7c        0xe D:/ST/STM32CubeIDE_1.17.0/STM32CubeIDE/plugins/com.st.stm32cube.ide.mcu.externaltools.gnu-tools-for-stm32.12.3.rel1.win32_1.1.0.202410251130/tools/bin/../lib/gcc/arm-none-eabi/12.3.1/../../../../arm-none-eabi/lib/thumb/v7-m/nofp\libc_nano.a(libc_a-abort.o)
                0x0800ee7c                abort
 .text._malloc_usable_size_r
                0x0800ee8a       0x10 D:/ST/STM32CubeIDE_1.17.0/STM32CubeIDE/plugins/com.st.stm32cube.ide.mcu.externaltools.gnu-tools-for-stm32.12.3.rel1.win32_1.1.0.202410251130/tools/bin/../lib/gcc/arm-none-eabi/12.3.1/../../../../arm-none-eabi/lib/thumb/v7-m/nofp\libc_nano.a(libc_a-msizer.o)
                0x0800ee8a                _malloc_usable_size_r
 .text._raise_r
                0x0800ee9a       0x50 D:/ST/STM32CubeIDE_1.17.0/STM32CubeIDE/plugins/com.st.stm32cube.ide.mcu.externaltools.gnu-tools-for-stm32.12.3.rel1.win32_1.1.0.202410251130/tools/bin/../lib/gcc/arm-none-eabi/12.3.1/../../../../arm-none-eabi/lib/thumb/v7-m/nofp\libc_nano.a(libc_a-signal.o)
                0x0800ee9a                _raise_r
 *fill*         0x0800eeea        0x2 
 .text.raise    0x0800eeec       0x10 D:/ST/STM32CubeIDE_1.17.0/STM32CubeIDE/plugins/com.st.stm32cube.ide.mcu.externaltools.gnu-tools-for-stm32.12.3.rel1.win32_1.1.0.202410251130/tools/bin/../lib/gcc/arm-none-eabi/12.3.1/../../../../arm-none-eabi/lib/thumb/v7-m/nofp\libc_nano.a(libc_a-signal.o)
                0x0800eeec                raise
 .text._kill_r  0x0800eefc       0x24 D:/ST/STM32CubeIDE_1.17.0/STM32CubeIDE/plugins/com.st.stm32cube.ide.mcu.externaltools.gnu-tools-for-stm32.12.3.rel1.win32_1.1.0.202410251130/tools/bin/../lib/gcc/arm-none-eabi/12.3.1/../../../../arm-none-eabi/lib/thumb/v7-m/nofp\libc_nano.a(libc_a-signalr.o)
                0x0800eefc                _kill_r
 .text._getpid_r