../Core/Src/main.c:130:6:Buzzer	16	static
../Core/Src/main.c:207:7:GasPrs_CLC	8	static
../Core/Src/main.c:230:7:Motor_CRT_CLC	8	static
../Core/Src/main.c:328:5:findLengthBeforeFF	8	static
../Core/Src/main.c:340:5:findLengthBeforeRN	8	static
../Core/Src/main.c:352:6:HAL_UART_TxCpltCallback	0	static
../Core/Src/main.c:358:6:USART1_Tx_HMIdata	16	static
../Core/Src/main.c:136:6:refresh_bat_vlt	8	static
../Core/Src/main.c:213:6:refresh_gasPrs	16	static
../Core/Src/main.c:242:6:Set_Dosage	8	static
../Core/Src/main.c:298:6:Refresh_counter	16	static
../Core/Src/main.c:310:6:Refresh_Dosage	8	static
../Core/Src/main.c:366:6:USART1_Tx_data	16	static
../Core/Src/main.c:374:6:HAL_GPIO_EXTI_Callback	16	static
../Core/Src/main.c:415:6:HAL_ADC_ConvCpltCallback	0	static
../Core/Src/main.c:454:6:HMI_init	8	static
../Core/Src/main.c:474:6:READOUT_SAVE_DATA	8	static
../Core/Src/main.c:596:6:SystemClock_Config	96	static,ignoring_inline_asm
../Core/Src/main.c:487:5:main	8	static
../Core/Src/main.c:645:6:Error_Handler	0	static,ignoring_inline_asm
