../Core/Src/ff.c:629:14:ld_dword	0	static
../Core/Src/ff.c:664:13:st_dword	0	static
../Core/Src/ff.c:948:16:chk_share	20	static
../Core/Src/ff.c:984:13:inc_share	20	static
../Core/Src/ff.c:1015:16:dec_share	0	static
../Core/Src/ff.c:1039:13:clear_share	8	static
../Core/Src/ff.c:1160:14:clst2sect	0	static
../Core/Src/ff.c:1645:14:clmt_clust	0	static
../Core/Src/ff.c:3160:12:get_ldnumber	8	static
../Core/Src/ff.c:3628:16:validate	16	static
../Core/Src/ff.c:1058:16:sync_window	16	static
../Core/Src/ff.c:1883:13:st_clust	0	static
../Core/Src/ff.c:1080:16:move_window	16	static
../Core/Src/ff.c:3307:13:check_fs	16	static
../Core/Src/ff.c:1255:16:put_fat	32	static
../Core/Src/ff.c:1676:16:dir_clear	24	static
../Core/Src/ff.c:1111:16:sync_fs	24	static
../Core/Src/ff.c:3401:16:mount_volume	40	static
../Core/Src/ff.c:2639:13:get_fileinfo.part.0.constprop.isra	24	static
../Core/Src/ff.c:1866:14:ld_clust.isra	0	static
../Core/Src/ff.c:1177:14:get_fat.isra	24	static
../Core/Src/ff.c:1715:16:dir_sdi.constprop	16	static
../Core/Src/ff.c:1445:16:remove_chain	24	static
../Core/Src/ff.c:1540:14:create_chain	32	static
../Core/Src/ff.c:1763:16:dir_next	32	static
../Core/Src/ff.c:3073:16:follow_path	48	static
../Core/Src/ff.c:2327:16:dir_read.constprop	16	static
../Core/Src/ff.c:2487:16:dir_register	16	static
../Core/Src/ff.c:3672:9:f_mount	40	static
../Core/Src/ff.c:3732:9:f_open	96	static
../Core/Src/ff.c:3929:9:f_read	56	static
../Core/Src/ff.c:4029:9:f_write	56	static
../Core/Src/ff.c:6597:13:putc_bfd	24	static
../Core/Src/ff.c:6728:12:putc_flush	16	static
../Core/Src/ff.c:4150:9:f_sync	32	static
../Core/Src/ff.c:4231:9:f_close	16	static
../Core/Src/ff.c:4448:9:f_lseek	48	static
../Core/Src/ff.c:4612:9:f_opendir	32	static
../Core/Src/ff.c:4678:9:f_closedir	24	static
../Core/Src/ff.c:4708:9:f_readdir	24	static
../Core/Src/ff.c:4796:9:f_stat	72	static
../Core/Src/ff.c:4831:9:f_getfree	56	static
../Core/Src/ff.c:4927:9:f_truncate	24	static
../Core/Src/ff.c:4977:9:f_unlink	136	static
../Core/Src/ff.c:5071:9:f_mkdir	96	static
../Core/Src/ff.c:5155:9:f_rename	168	static
../Core/Src/ff.c:5900:9:f_mkfs	112	static
../Core/Src/ff.c:6445:8:f_gets	32	static
../Core/Src/ff.c:6751:5:f_putc	96	static
../Core/Src/ff.c:6771:5:f_puts	96	static
../Core/Src/ff.c:6914:5:f_printf	156	static
