../Core/Src/ff.c:629:14:ld_dword	0	static
../Core/Src/ff.c:641:14:ld_qword	0	static
../Core/Src/ff.c:664:13:st_dword	0	static
../Core/Src/ff.c:673:13:st_qword	0	static
../Core/Src/ff.c:948:16:chk_share	20	static
../Core/Src/ff.c:984:13:inc_share	20	static
../Core/Src/ff.c:1015:16:dec_share	0	static
../Core/Src/ff.c:1039:13:clear_share	8	static
../Core/Src/ff.c:1160:14:clst2sect	0	static
../Core/Src/ff.c:1645:14:clmt_clust	16	static
../Core/Src/ff.c:2071:13:sum_sfn	0	static
../Core/Src/ff.c:2093:13:xdir_sum	8	static
../Core/Src/ff.c:2784:14:get_achar	0	static
../Core/Src/ff.c:2815:12:pattern_match	40	static
../Core/Src/ff.c:3160:12:get_ldnumber	8	static
../Core/Src/ff.c:3628:16:validate	16	static
../Core/Src/ff.c:1058:16:sync_window	16	static
../Core/Src/ff.c:807:13:put_utf	16	static
../Core/Src/ff.c:2639:13:get_fileinfo	32	static
../Core/Src/ff.c:2114:13:xname_sum	16	static
../Core/Src/ff.c:1883:13:st_clust	0	static
../Core/Src/ff.c:1080:16:move_window	16	static
../Core/Src/ff.c:3307:13:check_fs	16	static
../Core/Src/ff.c:1360:16:change_bitmap	32	static
../Core/Src/ff.c:1177:14:get_fat	24	static
../Core/Src/ff.c:1715:16:dir_sdi	24	static
../Core/Src/ff.c:1255:16:put_fat	32	static
../Core/Src/ff.c:1419:16:fill_last_frag	24	static
../Core/Src/ff.c:1396:16:fill_first_frag	16	static
../Core/Src/ff.c:1445:16:remove_chain	32	static
../Core/Src/ff.c:1676:16:dir_clear	24	static
../Core/Src/ff.c:1111:16:sync_fs	24	static
../Core/Src/ff.c:3401:16:mount_volume	40	static
../Core/Src/ff.c:1540:14:create_chain	40	static
../Core/Src/ff.c:1763:16:dir_next	32	static
../Core/Src/ff.c:1824:16:dir_alloc	24	static
../Core/Src/ff.c:2593:16:dir_remove	24	static
../Core/Src/ff.c:2148:16:load_xdir	24	static
../Core/Src/ff.c:2247:16:store_xdir	24	static
../Core/Src/ff.c:2327:16:dir_read.constprop	32	static
../Core/Src/ff.c:2405:16:dir_find	64	static
../Core/Src/ff.c:2487:16:dir_register	144	static
../Core/Src/ff.c:2200:13:init_alloc_info.isra	8	static
../Core/Src/ff.c:1866:14:ld_clust.isra	0	static
../Core/Src/ff.c:3073:16:follow_path	56	static
../Core/Src/ff.c:3672:9:f_mount	40	static
../Core/Src/ff.c:3732:9:f_open	312	static
../Core/Src/ff.c:3929:9:f_read	64	static
../Core/Src/ff.c:4029:9:f_write	56	static
../Core/Src/ff.c:6597:13:putc_bfd	32	static
../Core/Src/ff.c:6728:12:putc_flush	16	static
../Core/Src/ff.c:4150:9:f_sync	288	static
../Core/Src/ff.c:4231:9:f_close	16	static
../Core/Src/ff.c:4448:9:f_lseek	56	static
../Core/Src/ff.c:4612:9:f_opendir	200	static
../Core/Src/ff.c:4678:9:f_closedir	24	static
../Core/Src/ff.c:4708:9:f_readdir	192	static
../Core/Src/ff.c:4744:9:f_findnext	24	static
../Core/Src/ff.c:4769:9:f_findfirst	16	static
../Core/Src/ff.c:4796:9:f_stat	280	static
../Core/Src/ff.c:4831:9:f_getfree	104	static
../Core/Src/ff.c:4927:9:f_truncate	32	static
../Core/Src/ff.c:4977:9:f_unlink	432	static
../Core/Src/ff.c:5071:9:f_mkdir	336	static
../Core/Src/ff.c:5155:9:f_rename	448	static
../Core/Src/ff.c:5900:9:f_mkfs	136	static
../Core/Src/ff.c:6445:8:f_gets	32	static
../Core/Src/ff.c:6751:5:f_putc	96	static
../Core/Src/ff.c:6771:5:f_puts	96	static
../Core/Src/ff.c:6914:5:f_printf	156	static
