../Core/Src/HMI.c:14:6:HMI_init	16	static
../Core/Src/HMI.c:37:6:Send_To_HMI	8	static
../Core/Src/HMI.c:43:6:Clear_HMI_Item	8	static
../Core/Src/HMI.c:49:6:Back_to_MainPage	8	static
../Core/Src/HMI.c:64:6:Refresh_Display	16	static
../Core/Src/HMI.c:94:6:Cache_File_List	88	static
../Core/Src/HMI.c:138:9:delete_file	32	static
../Core/Src/HMI.c:156:6:page_turning	0	static
../Core/Src/HMI.c:180:6:On_Delete_Key_Pressed	88	static
../Core/Src/HMI.c:248:6:sendFile_key_pressed	200	static
../Core/Src/HMI.c:338:7:scroll_focus_line	16	static
