../Core/Src/SPI_SD.c:15:6:SD_SPI_SpeedLow	0	static
../Core/Src/SPI_SD.c:21:6:SD_SPI_SpeedHigh	0	static
../Core/Src/SPI_SD.c:71:9:SD_Detect	8	static
../Core/Src/SPI_SD.c:388:6:SD_Debug_Response	0	static
../Core/Src/SPI_SD.c:979:9:SD_WriteByte	32	static
../Core/Src/SPI_SD.c:632:6:SD_SendCmd	24	static
../Core/Src/SPI_SD.c:990:9:SD_ReadByte	0	static
../Core/Src/SPI_SD.c:665:9:SD_GetDataResponse	16	static
../Core/Src/SPI_SD.c:714:10:SD_GetResponse	16	static
../Core/Src/SPI_SD.c:929:10:SD_GoIdleState	8	static
../Core/Src/SPI_SD.c:127:10:SD_ReadBlock	16	static
../Core/Src/SPI_SD.c:188:10:SD_ReadMultiBlocks	32	static
../Core/Src/SPI_SD.c:258:10:SD_WriteBlock	16	static
../Core/Src/SPI_SD.c:323:10:SD_WriteMultiBlocks	24	static
../Core/Src/SPI_SD.c:401:10:SD_GetCSDRegister	40	static
../Core/Src/SPI_SD.c:537:10:SD_GetCIDRegister	40	static
../Core/Src/SPI_SD.c:91:10:SD_GetCardInfo	16	static
../Core/Src/SPI_SD.c:740:10:SD_GetStatus	16	static
../Core/Src/SPI_SD.c:769:10:SD_GetCardType	24	static
../Core/Src/SPI_SD.c:27:10:SD_Init	8	static
../Core/Src/SPI_SD.c:1008:9:f_read_co	40	static
../Core/Src/SPI_SD.c:1049:9:f_write_co	40	static
